[H[J[1;1H[?25l[m[H[J[1;1H[2;30HGNU GRUB  version 2.06

[m[4;2H+----------------------------------------------------------------------------+[5;2H|[5;79H|[6;2H|[6;79H|[7;2H|[7;79H|[8;2H|[8;79H|[9;2H|[9;79H|[10;2H|[10;79H|[11;2H|[11;79H|[12;2H|[12;79H|[13;2H|[13;79H|[14;2H|[14;79H|[15;2H|[15;79H|[16;2H|[16;79H|[17;2H+----------------------------------------------------------------------------+[m[18;2H[19;2H[m     Use the ^ and v keys to select which entry is highlighted.          
      Press enter to boot the selected OS, `e' to edit the commands       
      before booting or `c' for a command-line.                           [5;80H [7m[5;3H*???????? (Start Yaxiang Installer)                                         [m[5;78H[m[m[6;3H ?????? (Safe Graphics / Compatibility)                                     [m[6;78H[m[m[7;3H ?????? (Maintenance Shell)                                                 [m[7;78H[m[m[8;3H ?? (Reboot)                                                                [m[8;78H[m[m[9;3H ?? (Power Off)                                                             [m[9;78H[m[m[10;3H                                                                            [m[10;78H[m[m[11;3H                                                                            [m[11;78H[m[m[12;3H                                                                            [m[12;78H[m[m[13;3H                                                                            [m[13;78H[m[m[14;3H                                                                            [m[14;78H[m[m[15;3H                                                                            [m[15;78H[m[m[16;3H                                                                            [m[16;78H[m[16;80H [5;78H[22;1H   The highlighted entry will be executed automatically in 5s.                 [5;78H[22;1H   The highlighted entry will be executed automatically in 4s.                 [5;78H[22;1H   The highlighted entry will be executed automatically in 3s.                 [5;78H[22;1H   The highlighted entry will be executed automatically in 2s.                 [5;78H[22;1H   The highlighted entry will be executed automatically in 1s.                 [5;78H[22;1H   The highlighted entry will be executed automatically in 0s.                 [5;78H[?25h[H[J[1;1H[H[J[1;1H[    0.000000] Linux version 5.15.0-25-generic (buildd@ubuntu) (gcc (Ubuntu 11.2.0-19ubuntu1) 11.2.0, GNU ld (GNU Binutils for Ubuntu) 2.38) #25-Ubuntu SMP Wed Mar 30 15:54:22 UTC 2022 (Ubuntu 5.15.0-25.25-generic 5.15.30)
[    0.000000] Command line: BOOT_IMAGE=/boot/vmlinuz boot=live console=tty1 console=ttyS0,115200n8
[    0.000000] KERNEL supported cpus:
[    0.000000]   Intel GenuineIntel
[    0.000000]   AMD AuthenticAMD
[    0.000000]   Hygon HygonGenuine
[    0.000000]   Centaur CentaurHauls
[    0.000000]   zhaoxin   Shanghai  
[    0.000000] x86/fpu: x87 FPU will use FXSAVE
[    0.000000] signal: max sigframe size: 1440
[    0.000000] BIOS-provided physical RAM map:
[    0.000000] BIOS-e820: [mem 0x0000000000000000-0x000000000009fbff] usable
[    0.000000] BIOS-e820: [mem 0x000000000009fc00-0x000000000009ffff] reserved
[    0.000000] BIOS-e820: [mem 0x00000000000f0000-0x00000000000fffff] reserved
[    0.000000] BIOS-e820: [mem 0x0000000000100000-0x000000007ffdffff] usable
[    0.000000] BIOS-e820: [mem 0x000000007ffe0000-0x000000007fffffff] reserved
[    0.000000] BIOS-e820: [mem 0x00000000fffc0000-0x00000000ffffffff] reserved
[    0.000000] NX (Execute Disable) protection: active
[    0.000000] SMBIOS 2.8 present.
[    0.000000] DMI: QEMU Standard PC (i440FX + PIIX, 1996), BIOS 1.15.0-1 04/01/2014
[    0.000000] tsc: Fast TSC calibration using PIT
[    0.000000] tsc: Detected 2499.961 MHz processor
[    0.012227] AGP: No AGP bridge found
[    0.012544] last_pfn = 0x7ffe0 max_arch_pfn = 0x400000000
[    0.013604] x86/PAT: Configuration [0-7]: WB  WC  UC- UC  WB  WP  UC- WT  
[    0.030674] found SMP MP-table at [mem 0x000f5ba0-0x000f5baf]
[    0.037341] RAMDISK: [mem 0x3449d000-0x36245fff]
[    0.037838] ACPI: Early table checksum verification disabled
[    0.038373] ACPI: RSDP 0x00000000000F59E0 000014 (v00 BOCHS )
[    0.038718] ACPI: RSDT 0x000000007FFE1905 000034 (v01 BOCHS  BXPC     00000001 BXPC 00000001)
[    0.039498] ACPI: FACP 0x000000007FFE17B9 000074 (v01 BOCHS  BXPC     00000001 BXPC 00000001)
[    0.040310] ACPI: DSDT 0x000000007FFE0040 001779 (v01 BOCHS  BXPC     00000001 BXPC 00000001)
[    0.040449] ACPI: FACS 0x000000007FFE0000 000040
[    0.040531] ACPI: APIC 0x000000007FFE182D 000078 (v01 BOCHS  BXPC     00000001 BXPC 00000001)
[    0.040577] ACPI: HPET 0x000000007FFE18A5 000038 (v01 BOCHS  BXPC     00000001 BXPC 00000001)
[    0.040617] ACPI: WAET 0x000000007FFE18DD 000028 (v01 BOCHS  BXPC     00000001 BXPC 00000001)
[    0.040753] ACPI: Reserving FACP table memory at [mem 0x7ffe17b9-0x7ffe182c]
[    0.040790] ACPI: Reserving DSDT table memory at [mem 0x7ffe0040-0x7ffe17b8]
[    0.040805] ACPI: Reserving FACS table memory at [mem 0x7ffe0000-0x7ffe003f]
[    0.040817] ACPI: Reserving APIC table memory at [mem 0x7ffe182d-0x7ffe18a4]
[    0.040827] ACPI: Reserving HPET table memory at [mem 0x7ffe18a5-0x7ffe18dc]
[    0.040837] ACPI: Reserving WAET table memory at [mem 0x7ffe18dd-0x7ffe1904]
[    0.043499] No NUMA configuration found
[    0.043542] Faking a node at [mem 0x0000000000000000-0x000000007ffdffff]
[    0.044275] NODE_DATA(0) allocated [mem 0x7ffb6000-0x7ffdffff]
[    0.053762] Zone ranges:
[    0.053809]   DMA      [mem 0x0000000000001000-0x0000000000ffffff]
[    0.053921]   DMA32    [mem 0x0000000001000000-0x000000007ffdffff]
[    0.053942]   Normal   empty
[    0.053963]   Device   empty
[    0.053983] Movable zone start for each node
[    0.054019] Early memory node ranges
[    0.054053]   node   0: [mem 0x0000000000001000-0x000000000009efff]
[    0.054197]   node   0: [mem 0x0000000000100000-0x000000007ffdffff]
[    0.054423] Initmem setup node 0 [mem 0x0000000000001000-0x000000007ffdffff]
[    0.055320] On node 0, zone DMA: 1 pages in unavailable ranges
[    0.055629] On node 0, zone DMA: 97 pages in unavailable ranges
[    0.077933] On node 0, zone DMA32: 32 pages in unavailable ranges
[    0.078663] ACPI: PM-Timer IO Port: 0x608
[    0.079194] ACPI: LAPIC_NMI (acpi_id[0xff] dfl dfl lint[0x1])
[    0.079712] IOAPIC[0]: apic_id 0, version 32, address 0xfec00000, GSI 0-23
[    0.079853] ACPI: INT_SRC_OVR (bus 0 bus_irq 0 global_irq 2 dfl dfl)
[    0.080192] ACPI: INT_SRC_OVR (bus 0 bus_irq 5 global_irq 5 high level)
[    0.080239] ACPI: INT_SRC_OVR (bus 0 bus_irq 9 global_irq 9 high level)
[    0.080349] ACPI: INT_SRC_OVR (bus 0 bus_irq 10 global_irq 10 high level)
[    0.080365] ACPI: INT_SRC_OVR (bus 0 bus_irq 11 global_irq 11 high level)
[    0.080584] ACPI: Using ACPI (MADT) for SMP configuration information
[    0.080669] ACPI: HPET id: 0x8086a201 base: 0xfed00000
[    0.081038] smpboot: Allowing 1 CPUs, 0 hotplug CPUs
[    0.082003] PM: hibernation: Registered nosave memory: [mem 0x00000000-0x00000fff]
[    0.082061] PM: hibernation: Registered nosave memory: [mem 0x0009f000-0x0009ffff]
[    0.082092] PM: hibernation: Registered nosave memory: [mem 0x000a0000-0x000effff]
[    0.082103] PM: hibernation: Registered nosave memory: [mem 0x000f0000-0x000fffff]
[    0.082222] [mem 0x80000000-0xfffbffff] available for PCI devices
[    0.082266] Booting paravirtualized kernel on bare hardware
[    0.082665] clocksource: refined-jiffies: mask: 0xffffffff max_cycles: 0xffffffff, max_idle_ns: 7645519600211568 ns
[    0.083321] setup_percpu: NR_CPUS:8192 nr_cpumask_bits:1 nr_cpu_ids:1 nr_node_ids:1
[    0.089720] percpu: Embedded 61 pages/cpu s212992 r8192 d28672 u2097152
[    0.092163] Built 1 zonelists, mobility grouping on.  Total pages: 515808
[    0.092205] Policy zone: DMA32
[    0.092406] Kernel command line: BOOT_IMAGE=/boot/vmlinuz boot=live console=tty1 console=ttyS0,115200n8
[    0.093442] Unknown kernel command line parameters "BOOT_IMAGE=/boot/vmlinuz boot=live", will be passed to user space.
[    0.098427] Dentry cache hash table entries: 262144 (order: 9, 2097152 bytes, linear)
[    0.175527] Inode-cache hash table entries: 131072 (order: 8, 1048576 bytes, linear)
[    0.177702] mem auto-init: stack:off, heap alloc:on, heap free:off
[    0.178030] AGP: Checking aperture...
[    0.179204] AGP: No AGP bridge found
[    0.196391] Memory: 1985988K/2096632K available (16393K kernel code, 4385K rwdata, 10784K rodata, 2952K init, 4796K bss, 110384K reserved, 0K cma-reserved)
[    0.196924] random: get_random_u64 called from kmem_cache_open+0x2b/0x320 with crng_init=0
[    0.203336] SLUB: HWalign=64, Order=0-3, MinObjects=0, CPUs=1, Nodes=1
[    0.204824] ftrace: allocating 50352 entries in 197 pages
[    0.288529] ftrace: allocated 197 pages with 4 groups
[    0.297931] rcu: Hierarchical RCU implementation.
[    0.297995] rcu: 	RCU restricting CPUs from NR_CPUS=8192 to nr_cpu_ids=1.
[    0.298102] 	Rude variant of Tasks RCU enabled.
[    0.298114] 	Tracing variant of Tasks RCU enabled.
[    0.298228] rcu: RCU calculated value of scheduler-enlistment delay is 25 jiffies.
[    0.298264] rcu: Adjusting geometry for rcu_fanout_leaf=16, nr_cpu_ids=1
[    0.324178] NR_IRQS: 524544, nr_irqs: 256, preallocated irqs: 16
[    0.339383] Console: colour VGA+ 80x25
[    0.343400] printk: console [tty1] enabled
[    0.359141] printk: console [ttyS0] enabled
[    0.360607] ACPI: Core revision 20210730
[    0.366767] clocksource: hpet: mask: 0xffffffff max_cycles: 0xffffffff, max_idle_ns: 19112604467 ns
[    0.371177] APIC: Switch to symmetric I/O mode setup
[    0.376508] ..TIMER: vector=0x30 apic1=0 pin1=2 apic2=-1 pin2=-1
[    0.396374] clocksource: tsc-early: mask: 0xffffffffffffffff max_cycles: 0x240914d9e53, max_idle_ns: 440795203456 ns
[    0.397568] Calibrating delay loop (skipped), value calculated using timer frequency.. 4999.92 BogoMIPS (lpj=9999844)
[    0.398140] pid_max: default: 32768 minimum: 301
[    0.399039] LSM: Security Framework initializing
[    0.401387] landlock: Up and running.
[    0.401534] Yama: becoming mindful.
[    0.403907] AppArmor: AppArmor initialized
[    0.406407] Mount-cache hash table entries: 4096 (order: 3, 32768 bytes, linear)
[    0.406681] Mountpoint-cache hash table entries: 4096 (order: 3, 32768 bytes, linear)
[    0.427463] process: using AMD E400 aware idle routine
[    0.427856] Last level iTLB entries: 4KB 512, 2MB 255, 4MB 127
[    0.428043] Last level dTLB entries: 4KB 512, 2MB 255, 4MB 127, 1GB 0
[    0.428492] Spectre V1 : Mitigation: usercopy/swapgs barriers and __user pointer sanitization
[    0.428885] Spectre V2 : Mitigation: Retpolines
[    0.429035] Spectre V2 : Spectre v2 / SpectreRSB mitigation: Filling RSB on context switch
[    0.698719] Freeing SMP alternatives memory: 40K
[    0.820276] smpboot: CPU0: AMD QEMU Virtual CPU version 2.5+ (family: 0xf, model: 0x6b, stepping: 0x1)
[    0.824183] Performance Events: PMU not available due to virtualization, using software events only.
[    0.826509] rcu: Hierarchical SRCU implementation.
[    0.834216] NMI watchdog: Perf NMI watchdog permanently disabled
[    0.837814] smp: Bringing up secondary CPUs ...
[    0.838054] smp: Brought up 1 node, 1 CPU
[    0.838221] smpboot: Max logical packages: 1
[    0.838435] smpboot: Total of 1 processors activated (4999.92 BogoMIPS)
[    0.851719] devtmpfs: initialized
[    0.855084] x86/mm: Memory block size: 128MB
[    0.862136] clocksource: jiffies: mask: 0xffffffff max_cycles: 0xffffffff, max_idle_ns: 7645041785100000 ns
[    0.862598] futex hash table entries: 256 (order: 2, 16384 bytes, linear)
[    0.866099] pinctrl core: initialized pinctrl subsystem
[    0.872637] PM: RTC time: 05:15:45, date: 2026-07-26
[    0.879797] NET: Registered PF_NETLINK/PF_ROUTE protocol family
[    0.883350] DMA: preallocated 256 KiB GFP_KERNEL pool for atomic allocations
[    0.883958] DMA: preallocated 256 KiB GFP_KERNEL|GFP_DMA pool for atomic allocations
[    0.884359] DMA: preallocated 256 KiB GFP_KERNEL|GFP_DMA32 pool for atomic allocations
[    0.884781] audit: initializing netlink subsys (disabled)
[    0.889410] audit: type=2000 audit(1785042944.516:1): state=initialized audit_enabled=0 res=1
[    0.892089] thermal_sys: Registered thermal governor 'fair_share'
[    0.892122] thermal_sys: Registered thermal governor 'bang_bang'
[    0.892335] thermal_sys: Registered thermal governor 'step_wise'
[    0.892520] thermal_sys: Registered thermal governor 'user_space'
[    0.892729] thermal_sys: Registered thermal governor 'power_allocator'
[    0.893150] EISA bus registered
[    0.893612] cpuidle: using governor ladder
[    0.893852] cpuidle: using governor menu
[    0.895092] ACPI: bus type PCI registered
[    0.895350] acpiphp: ACPI Hot Plug PCI Controller Driver version: 0.5
[    0.898354] PCI: Using configuration type 1 for base access
[    0.916242] Kprobes globally optimized
[    0.919449] HugeTLB registered 2.00 MiB page size, pre-allocated 0 pages
[    0.939879] ACPI: Added _OSI(Module Device)
[    0.940111] ACPI: Added _OSI(Processor Device)
[    0.940247] ACPI: Added _OSI(3.0 _SCP Extensions)
[    0.940380] ACPI: Added _OSI(Processor Aggregator Device)
[    0.940609] ACPI: Added _OSI(Linux-Dell-Video)
[    0.940751] ACPI: Added _OSI(Linux-Lenovo-NV-HDMI-Audio)
[    0.940907] ACPI: Added _OSI(Linux-HPI-Hybrid-Graphics)
[    0.964719] ACPI: 1 ACPI AML tables successfully acquired and loaded
[    0.981296] ACPI: Interpreter enabled
[    0.982379] ACPI: PM: (supports S0 S3 S4 S5)
[    0.982574] ACPI: Using IOAPIC for interrupt routing
[    0.983201] PCI: Using host bridge windows from ACPI; if necessary, use "pci=nocrs" and report a bug
[    0.985521] ACPI: Enabled 2 GPEs in block 00 to 0F
[    1.025585] ACPI: PCI Root Bridge [PCI0] (domain 0000 [bus 00-ff])
[    1.026482] acpi PNP0A03:00: _OSC: OS supports [ASPM ClockPM Segments MSI HPX-Type3]
[    1.027505] acpi PNP0A03:00: fail to add MMCONFIG information, can't access extended PCI configuration space under this bridge.
[    1.033739] acpiphp: Slot [3] registered
[    1.034057] acpiphp: Slot [4] registered
[    1.034307] acpiphp: Slot [5] registered
[    1.034528] acpiphp: Slot [6] registered
[    1.034746] acpiphp: Slot [7] registered
[    1.035002] acpiphp: Slot [8] registered
[    1.035230] acpiphp: Slot [9] registered
[    1.035469] acpiphp: Slot [10] registered
[    1.035693] acpiphp: Slot [11] registered
[    1.035920] acpiphp: Slot [12] registered
[    1.036143] acpiphp: Slot [13] registered
[    1.036374] acpiphp: Slot [14] registered
[    1.036598] acpiphp: Slot [15] registered
[    1.036822] acpiphp: Slot [16] registered
[    1.037077] acpiphp: Slot [17] registered
[    1.037393] acpiphp: Slot [18] registered
[    1.037620] acpiphp: Slot [19] registered
[    1.037860] acpiphp: Slot [20] registered
[    1.038106] acpiphp: Slot [21] registered
[    1.038348] acpiphp: Slot [22] registered
[    1.038568] acpiphp: Slot [23] registered
[    1.038811] acpiphp: Slot [24] registered
[    1.039043] acpiphp: Slot [25] registered
[    1.039274] acpiphp: Slot [26] registered
[    1.039512] acpiphp: Slot [27] registered
[    1.039732] acpiphp: Slot [28] registered
[    1.039959] acpiphp: Slot [29] registered
[    1.040203] acpiphp: Slot [30] registered
[    1.040427] acpiphp: Slot [31] registered
[    1.040880] PCI host bridge to bus 0000:00
[    1.041588] pci_bus 0000:00: root bus resource [bus 00-ff]
[    1.041830] pci_bus 0000:00: root bus resource [io  0x0000-0x0cf7 window]
[    1.042111] pci_bus 0000:00: root bus resource [io  0x0d00-0xffff window]
[    1.042297] pci_bus 0000:00: root bus resource [mem 0x000a0000-0x000bffff window]
[    1.042560] pci_bus 0000:00: root bus resource [mem 0x80000000-0xfebfffff window]
[    1.042781] pci_bus 0000:00: root bus resource [mem 0x100000000-0x17fffffff window]
[    1.045037] pci 0000:00:00.0: [8086:1237] type 00 class 0x060000
[    1.055617] pci 0000:00:01.0: [8086:7000] type 00 class 0x060100
[    1.056949] pci 0000:00:01.1: [8086:7010] type 00 class 0x010180
[    1.058999] pci 0000:00:01.1: reg 0x20: [io  0xc040-0xc04f]
[    1.059897] pci 0000:00:01.1: legacy IDE quirk: reg 0x10: [io  0x01f0-0x01f7]
[    1.060169] pci 0000:00:01.1: legacy IDE quirk: reg 0x14: [io  0x03f6]
[    1.060376] pci 0000:00:01.1: legacy IDE quirk: reg 0x18: [io  0x0170-0x0177]
[    1.060599] pci 0000:00:01.1: legacy IDE quirk: reg 0x1c: [io  0x0376]
[    1.062438] pci 0000:00:01.3: [8086:7113] type 00 class 0x068000
[    1.062991] pci 0000:00:01.3: quirk: [io  0x0600-0x063f] claimed by PIIX4 ACPI
[    1.063250] pci 0000:00:01.3: quirk: [io  0x0700-0x070f] claimed by PIIX4 SMB
[    1.065198] pci 0000:00:02.0: [1234:1111] type 00 class 0x030000
[    1.066006] pci 0000:00:02.0: reg 0x10: [mem 0xfd000000-0xfdffffff pref]
[    1.067416] pci 0000:00:02.0: reg 0x18: [mem 0xfebb0000-0xfebb0fff]
[    1.069562] pci 0000:00:02.0: reg 0x30: [mem 0xfeba0000-0xfebaffff pref]
[    1.070089] pci 0000:00:02.0: Video device with shadowed ROM at [mem 0x000c0000-0x000dffff]
[    1.077919] pci 0000:00:03.0: [8086:100e] type 00 class 0x020000
[    1.078600] pci 0000:00:03.0: reg 0x10: [mem 0xfeb80000-0xfeb9ffff]
[    1.079305] pci 0000:00:03.0: reg 0x14: [io  0xc000-0xc03f]
[    1.081376] pci 0000:00:03.0: reg 0x30: [mem 0xfeb00000-0xfeb7ffff pref]
[    1.092885] ACPI: PCI: Interrupt link LNKA configured for IRQ 10
[    1.094247] ACPI: PCI: Interrupt link LNKB configured for IRQ 10
[    1.095291] ACPI: PCI: Interrupt link LNKC configured for IRQ 11
[    1.096573] ACPI: PCI: Interrupt link LNKD configured for IRQ 11
[    1.097228] ACPI: PCI: Interrupt link LNKS configured for IRQ 9
[    1.100330] iommu: Default domain type: Translated 
[    1.100530] iommu: DMA domain TLB invalidation policy: lazy mode 
[    1.103645] SCSI subsystem initialized
[    1.107460] pci 0000:00:02.0: vgaarb: setting as boot VGA device
[    1.107740] pci 0000:00:02.0: vgaarb: VGA device added: decodes=io+mem,owns=io+mem,locks=none
[    1.108038] pci 0000:00:02.0: vgaarb: bridge control possible
[    1.108332] vgaarb: loaded
[    1.109209] ACPI: bus type USB registered
[    1.109617] usbcore: registered new interface driver usbfs
[    1.110026] usbcore: registered new interface driver hub
[    1.110306] usbcore: registered new device driver usb
[    1.110833] pps_core: LinuxPPS API ver. 1 registered
[    1.110997] pps_core: Software ver. 5.3.6 - Copyright 2005-2007 Rodolfo Giometti <giometti@linux.it>
[    1.111303] PTP clock support registered
[    1.113370] EDAC MC: Ver: 3.0.0
[    1.123412] NetLabel: Initializing
[    1.123573] NetLabel:  domain hash size = 128
[    1.123708] NetLabel:  protocols = UNLABELED CIPSOv4 CALIPSO
[    1.124677] NetLabel:  unlabeled traffic allowed by default
[    1.125655] PCI: Using ACPI for IRQ routing
[    1.128175] hpet: 3 channels of 0 reserved for per-cpu timers
[    1.128610] hpet0: at MMIO 0xfed00000, IRQs 2, 8, 0
[    1.128839] hpet0: 3 comparators, 64-bit 100.000000 MHz counter
[    1.134209] clocksource: Switched to clocksource tsc-early
[    1.204104] VFS: Disk quotas dquot_6.6.0
[    1.204510] VFS: Dquot-cache hash table entries: 512 (order 0, 4096 bytes)
[    1.207850] AppArmor: AppArmor Filesystem Enabled
[    1.220868] pnp: PnP ACPI init
[    1.226389] pnp: PnP ACPI: found 6 devices
[    1.244135] clocksource: acpi_pm: mask: 0xffffff max_cycles: 0xffffff, max_idle_ns: 2085701024 ns
[    1.245309] NET: Registered PF_INET protocol family
[    1.246407] IP idents hash table entries: 32768 (order: 6, 262144 bytes, linear)
[    1.257213] tcp_listen_portaddr_hash hash table entries: 1024 (order: 2, 16384 bytes, linear)
[    1.257660] TCP established hash table entries: 16384 (order: 5, 131072 bytes, linear)
[    1.258241] TCP bind hash table entries: 16384 (order: 6, 262144 bytes, linear)
[    1.258653] TCP: Hash tables configured (established 16384 bind 16384)
[    1.260636] MPTCP token hash table entries: 2048 (order: 3, 49152 bytes, linear)
[    1.261151] UDP hash table entries: 1024 (order: 3, 32768 bytes, linear)
[    1.261606] UDP-Lite hash table entries: 1024 (order: 3, 32768 bytes, linear)
[    1.263123] NET: Registered PF_UNIX/PF_LOCAL protocol family
[    1.263618] NET: Registered PF_XDP protocol family
[    1.264618] pci_bus 0000:00: resource 4 [io  0x0000-0x0cf7 window]
[    1.264834] pci_bus 0000:00: resource 5 [io  0x0d00-0xffff window]
[    1.265019] pci_bus 0000:00: resource 6 [mem 0x000a0000-0x000bffff window]
[    1.265208] pci_bus 0000:00: resource 7 [mem 0x80000000-0xfebfffff window]
[    1.265395] pci_bus 0000:00: resource 8 [mem 0x100000000-0x17fffffff window]
[    1.266204] pci 0000:00:01.0: PIIX3: Enabling Passive Release
[    1.266471] pci 0000:00:00.0: Limiting direct PCI/PCI transfers
[    1.266692] pci 0000:00:01.0: Activating ISA DMA hang workarounds
[    1.266960] PCI: CLS 0 bytes, default 64
[    1.270908] Trying to unpack rootfs image as initramfs...
[    1.282718] Initialise system trusted keyrings
[    1.288424] Key type blacklist registered
[    1.289276] workingset: timestamp_bits=36 max_order=19 bucket_order=0
[    1.307358] zbud: loaded
[    1.314542] squashfs: version 4.0 (2009/01/31) Phillip Lougher
[    1.321199] fuse: init (API version 7.34)
[    1.325566] integrity: Platform Keyring initialized
[    1.368658] Key type asymmetric registered
[    1.368949] Asymmetric key parser 'x509' registered
[    1.369430] Block layer SCSI generic (bsg) driver version 0.4 loaded (major 243)
[    1.372710] io scheduler mq-deadline registered
[    1.375302] shpchp: Standard Hot Plug PCI Controller Driver version: 0.4
[    1.383508] input: Power Button as /devices/LNXSYSTM:00/LNXPWRBN:00/input/input0
[    1.390968] ACPI: button: Power Button [PWRF]
[    1.398553] Serial: 8250/16550 driver, 32 ports, IRQ sharing enabled
[    1.446025] 00:04: ttyS0 at I/O 0x3f8 (irq = 4, base_baud = 115200) is a 16550A
[    1.479429] Linux agpgart interface v0.103
[    1.516876] loop: module loaded
[    1.537920] scsi host0: ata_piix
[    1.545539] scsi host1: ata_piix
[    1.546218] ata1: PATA max MWDMA2 cmd 0x1f0 ctl 0x3f6 bmdma 0xc040 irq 14
[    1.546525] ata2: PATA max MWDMA2 cmd 0x170 ctl 0x376 bmdma 0xc048 irq 15
[    1.552374] tun: Universal TUN/TAP device driver, 1.6
[    1.553429] PPP generic driver version 2.4.2
[    1.554420] VFIO - User Level meta-driver version: 0.3
[    1.558193] ehci_hcd: USB 2.0 'Enhanced' Host Controller (EHCI) Driver
[    1.558557] ehci-pci: EHCI PCI platform driver
[    1.558878] ehci-platform: EHCI generic platform driver
[    1.559114] ohci_hcd: USB 1.1 'Open' Host Controller (OHCI) Driver
[    1.559356] ohci-pci: OHCI PCI platform driver
[    1.559641] ohci-platform: OHCI generic platform driver
[    1.559889] uhci_hcd: USB Universal Host Controller Interface driver
[    1.561110] i8042: PNP: PS/2 Controller [PNP0303:KBD,PNP0f13:MOU] at 0x60,0x64 irq 1,12
[    1.567827] serio: i8042 KBD port at 0x60,0x64 irq 1
[    1.568195] serio: i8042 AUX port at 0x60,0x64 irq 12
[    1.574305] mousedev: PS/2 mouse device common for all mice
[    1.577416] input: AT Translated Set 2 keyboard as /devices/platform/i8042/serio0/input/input1
[    1.579229] rtc_cmos 00:05: RTC can wake from S4
[    1.586367] rtc_cmos 00:05: registered as rtc0
[    1.587253] rtc_cmos 00:05: setting system clock to 2026-07-26T05:15:45 UTC (1785042945)
[    1.588304] rtc_cmos 00:05: alarms up to one day, y3k, 242 bytes nvram, hpet irqs
[    1.588652] i2c_dev: i2c /dev entries driver
[    1.593754] device-mapper: core: CONFIG_IMA_DISABLE_HTABLE is disabled. Duplicate IMA measurements will not be recorded in the IMA log.
[    1.594349] device-mapper: uevent: version 1.0.3
[    1.595227] device-mapper: ioctl: 4.45.0-ioctl (2021-03-22) initialised: dm-devel@redhat.com
[    1.595751] platform eisa.0: Probing EISA bus 0
[    1.596214] platform eisa.0: EISA: Cannot allocate resource for mainboard
[    1.596493] platform eisa.0: Cannot allocate resource for EISA slot 1
[    1.596696] platform eisa.0: Cannot allocate resource for EISA slot 2
[    1.596888] platform eisa.0: Cannot allocate resource for EISA slot 3
[    1.597069] platform eisa.0: Cannot allocate resource for EISA slot 4
[    1.601260] platform eisa.0: Cannot allocate resource for EISA slot 5
[    1.601481] platform eisa.0: Cannot allocate resource for EISA slot 6
[    1.601676] platform eisa.0: Cannot allocate resource for EISA slot 7
[    1.601866] platform eisa.0: Cannot allocate resource for EISA slot 8
[    1.602065] platform eisa.0: EISA: Detected 0 cards
[    1.602551] ledtrig-cpu: registered to indicate activity on CPUs
[    1.603681] drop_monitor: Initializing network drop monitor service
[    1.605343] NET: Registered PF_INET6 protocol family
[    1.716650] ata2.00: ATAPI: QEMU DVD-ROM, 2.5+, max UDMA/100
[    1.730831] scsi 1:0:0:0: CD-ROM            QEMU     QEMU DVD-ROM     2.5+ PQ: 0 ANSI: 5
[    1.740246] sr 1:0:0:0: [sr0] scsi3-mmc drive: 4x/4x cd/rw xa/form2 tray
[    1.740705] cdrom: Uniform CD-ROM driver Revision: 3.20
[    1.777391] sr 1:0:0:0: Attached scsi generic sg0 type 5
[    1.803254] Freeing initrd memory: 30372K
[    1.816227] Segment Routing with IPv6
[    1.816643] In-situ OAM (IOAM) with IPv6
[    1.817377] NET: Registered PF_PACKET protocol family
[    1.818137] Key type dns_resolver registered
[    1.820448] IPI shorthand broadcast: enabled
[    1.820857] sched_clock: Marking stable (1780003121, 37184647)->(1832067493, -14879725)
[    1.823769] registered taskstats version 1
[    1.824440] Loading compiled-in X.509 certificates
[    1.835875] Loaded X.509 cert 'Build time autogenerated kernel key: c887ab1fa6442665629113512b4db089a7808038'
[    1.838337] Loaded X.509 cert 'Canonical Ltd. Live Patch Signing: 14df34d1a87cf37625abec039ef2bf521249b969'
[    1.840146] Loaded X.509 cert 'Canonical Ltd. Kernel Module Signing: 88f752e560a1e0737e31163a466ad7b70a850c19'
[    1.840477] blacklist: Loading compiled-in revocation X.509 certificates
[    1.841966] Loaded X.509 cert 'Canonical Ltd. Secure Boot Signing: 61482aa2830d0ab2ad5af10b7250da9033ddcef0'
[    1.843586] zswap: loaded using pool lzo/zbud
[    1.846418] Key type ._fscrypt registered
[    1.846612] Key type .fscrypt registered
[    1.846745] Key type fscrypt-provisioning registered
[    1.852543] Key type encrypted registered
[    1.852795] AppArmor: AppArmor sha1 policy hashing enabled
[    1.853466] ima: No TPM chip found, activating TPM-bypass!
[    1.853717] Loading compiled-in module X.509 certificates
[    1.855448] Loaded X.509 cert 'Build time autogenerated kernel key: c887ab1fa6442665629113512b4db089a7808038'
[    1.855803] ima: Allocated hash algorithm: sha1
[    1.857842] ima: No architecture policies found
[    1.858485] evm: Initialising EVM extended attributes:
[    1.858670] evm: security.selinux
[    1.858800] evm: security.SMACK64
[    1.858903] evm: security.SMACK64EXEC
[    1.859011] evm: security.SMACK64TRANSMUTE
[    1.859128] evm: security.SMACK64MMAP
[    1.859232] evm: security.apparmor
[    1.859330] evm: security.ima
[    1.859418] evm: security.capability
[    1.859530] evm: HMAC attrs: 0x1
[    1.862069] PM:   Magic number: 2:209:265
[    1.865684] powernow_k8: Power state transitions not supported
[    1.866857] RAS: Correctable Errors collector initialized.
[    1.882266] Freeing unused decrypted memory: 2036K
[    1.930615] Freeing unused kernel image (initmem) memory: 2952K
[    1.931158] Write protecting the kernel read-only data: 30720k
[    1.934058] Freeing unused kernel image (text/rodata gap) memory: 2036K
[    1.935518] Freeing unused kernel image (rodata/data gap) memory: 1504K
[    2.093063] x86/mm: Checked W+X mappings: passed, no W+X pages found.
[    2.093737] Run /init as init process
[    2.289800] tsc: Refined TSC clocksource calibration: 2499.937 MHz
[    2.290226] clocksource: tsc: mask: 0xffffffffffffffff max_cycles: 0x2408fe0673d, max_idle_ns: 440795223401 ns
[    2.290627] clocksource: Switched to clocksource tsc

==========================================
  亚象网络操作系统 Live 环境
  Yaxiang OS Installer
==========================================

[LIVE] 检测到的块设备:
  loop0 (sectors=0)
  loop1 (sectors=0)
  loop2 (sectors=0)
  loop3 (sectors=0)
  loop4 (sectors=0)
  loop5 (sectors=0)
  loop6 (sectors=0)
  loop7 (sectors=0)
  sr0 (sectors=1223472)


BusyBox v1.30.1 (Ubuntu 1:1.30.1-7ubuntu3.1) built-in shell (ash)
Enter 'help' for a list of built-in commands.

/bin/sh: can't access tty; job control turned off[    4.594219] random: fast init done

/ # [6qqemu-system-x86_64: terminating on signal 15 from pid 149329 (timeout)
