Formatting '/root/project/installer/output/verify-final/install-target.qcow2', fmt=qcow2 cluster_size=65536 extended_l2=off compression_type=zlib size=1073741824 lazy_refcounts=off refcount_bits=16
image: /root/project/installer/output/verify-final/install-target.qcow2
file format: qcow2
virtual size: 1 GiB (1073741824 bytes)
disk size: 196 KiB
cluster_size: 65536
Format specific information:
    compat: 1.1
    compression type: zlib
    lazy refcounts: false
    refcount bits: 16
    corrupt: false
    extended l2: false
xorriso 1.5.4 : RockRidge filesystem manipulator, libburnia project.

Copying of file objects from ISO image to disk filesystem is: Enabled
xorriso : NOTE : Loading ISO image tree from LBA 0
xorriso : UPDATE :     598 nodes read in 1 seconds
xorriso : NOTE : Detected El-Torito boot information which currently is set to be discarded
Drive current: -indev '/root/project/installer/output/Yaxiang-OS-V0.3-dev-x86_64-installer.iso'
Media current: stdio file, overwriteable
Media status : is written , is appendable
Boot record  : El Torito , MBR protective-msdos-label grub2-mbr cyl-align-off GPT APM
Media summary: 1 session, 305868 data blocks,  597m data, 10.8g free
Volume id    : 'YAXIANG_OS_INSTALLER'
xorriso : UPDATE :     598 files restored ( 596.1m) in 1 seconds = 451.3xD
Extracted from ISO image: file '/'='/root/project/installer/output/verify-final/iso-extract'
78459 blocks
78460 blocks
[    0.000000] Linux version 5.15.0-25-generic (buildd@ubuntu) (gcc (Ubuntu 11.2.0-19ubuntu1) 11.2.0, GNU ld (GNU Binutils for Ubuntu) 2.38) #25-Ubuntu SMP Wed Mar 30 15:54:22 UTC 2022 (Ubuntu 5.15.0-25.25-generic 5.15.30)
[    0.000000] Command line: console=ttyS0,115200n8
[    0.000000] KERNEL supported cpus:
[    0.000000]   Intel GenuineIntel
[    0.000000]   AMD AuthenticAMD
[    0.000000]   Hygon HygonGenuine
[    0.000000]   Centaur CentaurHauls
[    0.000000]   zhaoxin   Shanghai  
[    0.000000] x86/fpu: x87 FPU will use FXSAVE
[    0.000000] signal: max sigframe size: 1440
[    0.000000] BIOS-provided physical RAM map:
[    0.000000] BIOS-e820: [mem 0x0000000000000000-0x000000000009fbff] usable
[    0.000000] BIOS-e820: [mem 0x000000000009fc00-0x000000000009ffff] reserved
[    0.000000] BIOS-e820: [mem 0x00000000000f0000-0x00000000000fffff] reserved
[    0.000000] BIOS-e820: [mem 0x0000000000100000-0x000000007ffdcfff] usable
[    0.000000] BIOS-e820: [mem 0x000000007ffdd000-0x000000007fffffff] reserved
[    0.000000] BIOS-e820: [mem 0x00000000fffc0000-0x00000000ffffffff] reserved
[    0.000000] NX (Execute Disable) protection: active
[    0.000000] SMBIOS 2.8 present.
[    0.000000] DMI: QEMU Standard PC (i440FX + PIIX, 1996), BIOS 1.15.0-1 04/01/2014
[    0.000000] tsc: Fast TSC calibration using PIT
[    0.000000] tsc: Detected 2499.942 MHz processor
[    0.012009] AGP: No AGP bridge found
[    0.012322] last_pfn = 0x7ffdd max_arch_pfn = 0x400000000
[    0.013367] x86/PAT: Configuration [0-7]: WB  WC  UC- UC  WB  WP  UC- WT  
[    0.029373] found SMP MP-table at [mem 0x000f5b90-0x000f5b9f]
[    0.035329] RAMDISK: [mem 0x7e227000-0x7ffcffff]
[    0.035801] ACPI: Early table checksum verification disabled
[    0.044837] ACPI: RSDP 0x00000000000F59D0 000014 (v00 BOCHS )
[    0.045215] ACPI: RSDT 0x000000007FFE190C 000034 (v01 BOCHS  BXPC     00000001 BXPC 00000001)
[    0.045983] ACPI: FACP 0x000000007FFE17C0 000074 (v01 BOCHS  BXPC     00000001 BXPC 00000001)
[    0.046787] ACPI: DSDT 0x000000007FFE0040 001780 (v01 BOCHS  BXPC     00000001 BXPC 00000001)
[    0.046902] ACPI: FACS 0x000000007FFE0000 000040
[    0.046978] ACPI: APIC 0x000000007FFE1834 000078 (v01 BOCHS  BXPC     00000001 BXPC 00000001)
[    0.047021] ACPI: HPET 0x000000007FFE18AC 000038 (v01 BOCHS  BXPC     00000001 BXPC 00000001)
[    0.047060] ACPI: WAET 0x000000007FFE18E4 000028 (v01 BOCHS  BXPC     00000001 BXPC 00000001)
[    0.047186] ACPI: Reserving FACP table memory at [mem 0x7ffe17c0-0x7ffe1833]
[    0.047220] ACPI: Reserving DSDT table memory at [mem 0x7ffe0040-0x7ffe17bf]
[    0.047234] ACPI: Reserving FACS table memory at [mem 0x7ffe0000-0x7ffe003f]
[    0.047245] ACPI: Reserving APIC table memory at [mem 0x7ffe1834-0x7ffe18ab]
[    0.047255] ACPI: Reserving HPET table memory at [mem 0x7ffe18ac-0x7ffe18e3]
[    0.047266] ACPI: Reserving WAET table memory at [mem 0x7ffe18e4-0x7ffe190b]
[    0.049782] No NUMA configuration found
[    0.049824] Faking a node at [mem 0x0000000000000000-0x000000007ffdcfff]
[    0.050623] NODE_DATA(0) allocated [mem 0x7e1fd000-0x7e226fff]
[    0.055308] Zone ranges:
[    0.055351]   DMA      [mem 0x0000000000001000-0x0000000000ffffff]
[    0.055450]   DMA32    [mem 0x0000000001000000-0x000000007ffdcfff]
[    0.055470]   Normal   empty
[    0.055494]   Device   empty
[    0.055512] Movable zone start for each node
[    0.055548] Early memory node ranges
[    0.055585]   node   0: [mem 0x0000000000001000-0x000000000009efff]
[    0.055721]   node   0: [mem 0x0000000000100000-0x000000007ffdcfff]
[    0.055940] Initmem setup node 0 [mem 0x0000000000001000-0x000000007ffdcfff]
[    0.056996] On node 0, zone DMA: 1 pages in unavailable ranges
[    0.057407] On node 0, zone DMA: 97 pages in unavailable ranges
[    0.092806] On node 0, zone DMA32: 35 pages in unavailable ranges
[    0.093471] ACPI: PM-Timer IO Port: 0x608
[    0.094005] ACPI: LAPIC_NMI (acpi_id[0xff] dfl dfl lint[0x1])
[    0.094511] IOAPIC[0]: apic_id 0, version 32, address 0xfec00000, GSI 0-23
[    0.094646] ACPI: INT_SRC_OVR (bus 0 bus_irq 0 global_irq 2 dfl dfl)
[    0.094973] ACPI: INT_SRC_OVR (bus 0 bus_irq 5 global_irq 5 high level)
[    0.095018] ACPI: INT_SRC_OVR (bus 0 bus_irq 9 global_irq 9 high level)
[    0.095122] ACPI: INT_SRC_OVR (bus 0 bus_irq 10 global_irq 10 high level)
[    0.095139] ACPI: INT_SRC_OVR (bus 0 bus_irq 11 global_irq 11 high level)
[    0.095355] ACPI: Using ACPI (MADT) for SMP configuration information
[    0.095415] ACPI: HPET id: 0x8086a201 base: 0xfed00000
[    0.095767] smpboot: Allowing 1 CPUs, 0 hotplug CPUs
[    0.096708] PM: hibernation: Registered nosave memory: [mem 0x00000000-0x00000fff]
[    0.096776] PM: hibernation: Registered nosave memory: [mem 0x0009f000-0x0009ffff]
[    0.096804] PM: hibernation: Registered nosave memory: [mem 0x000a0000-0x000effff]
[    0.096815] PM: hibernation: Registered nosave memory: [mem 0x000f0000-0x000fffff]
[    0.096942] [mem 0x80000000-0xfffbffff] available for PCI devices
[    0.096987] Booting paravirtualized kernel on bare hardware
[    0.097346] clocksource: refined-jiffies: mask: 0xffffffff max_cycles: 0xffffffff, max_idle_ns: 7645519600211568 ns
[    0.098007] setup_percpu: NR_CPUS:8192 nr_cpumask_bits:1 nr_cpu_ids:1 nr_node_ids:1
[    0.105126] percpu: Embedded 61 pages/cpu s212992 r8192 d28672 u2097152
[    0.107483] Built 1 zonelists, mobility grouping on.  Total pages: 515805
[    0.107523] Policy zone: DMA32
[    0.107712] Kernel command line: console=ttyS0,115200n8
[    0.114133] Dentry cache hash table entries: 262144 (order: 9, 2097152 bytes, linear)
[    0.116926] Inode-cache hash table entries: 131072 (order: 8, 1048576 bytes, linear)
[    0.118880] mem auto-init: stack:off, heap alloc:on, heap free:off
[    0.119186] AGP: Checking aperture...
[    0.120315] AGP: No AGP bridge found
[    0.136361] Memory: 1985976K/2096620K available (16393K kernel code, 4385K rwdata, 10784K rodata, 2952K init, 4796K bss, 110384K reserved, 0K cma-reserved)
[    0.136833] random: get_random_u64 called from kmem_cache_open+0x2b/0x320 with crng_init=0
[    0.143258] SLUB: HWalign=64, Order=0-3, MinObjects=0, CPUs=1, Nodes=1
[    0.144663] ftrace: allocating 50352 entries in 197 pages
[    0.226639] ftrace: allocated 197 pages with 4 groups
[    0.236005] rcu: Hierarchical RCU implementation.
[    0.236062] rcu: 	RCU restricting CPUs from NR_CPUS=8192 to nr_cpu_ids=1.
[    0.236174] 	Rude variant of Tasks RCU enabled.
[    0.236187] 	Tracing variant of Tasks RCU enabled.
[    0.236287] rcu: RCU calculated value of scheduler-enlistment delay is 25 jiffies.
[    0.236320] rcu: Adjusting geometry for rcu_fanout_leaf=16, nr_cpu_ids=1
[    0.262520] NR_IRQS: 524544, nr_irqs: 256, preallocated irqs: 16
[    0.276915] Console: colour VGA+ 80x25
[    0.293549] printk: console [ttyS0] enabled
[    0.294920] ACPI: Core revision 20210730
[    0.300761] clocksource: hpet: mask: 0xffffffff max_cycles: 0xffffffff, max_idle_ns: 19112604467 ns
[    0.302867] APIC: Switch to symmetric I/O mode setup
[    0.310051] ..TIMER: vector=0x30 apic1=0 pin1=2 apic2=-1 pin2=-1
[    0.330249] clocksource: tsc-early: mask: 0xffffffffffffffff max_cycles: 0x24090318fc5, max_idle_ns: 440795284569 ns
[    0.331276] Calibrating delay loop (skipped), value calculated using timer frequency.. 4999.88 BogoMIPS (lpj=9999768)
[    0.331779] pid_max: default: 32768 minimum: 301
[    0.332604] LSM: Security Framework initializing
[    0.333734] landlock: Up and running.
[    0.333857] Yama: becoming mindful.
[    0.340236] AppArmor: AppArmor initialized
[    0.341810] Mount-cache hash table entries: 4096 (order: 3, 32768 bytes, linear)
[    0.342041] Mountpoint-cache hash table entries: 4096 (order: 3, 32768 bytes, linear)
[    0.363311] process: using AMD E400 aware idle routine
[    0.363620] Last level iTLB entries: 4KB 512, 2MB 255, 4MB 127
[    0.363778] Last level dTLB entries: 4KB 512, 2MB 255, 4MB 127, 1GB 0
[    0.364182] Spectre V1 : Mitigation: usercopy/swapgs barriers and __user pointer sanitization
[    0.364517] Spectre V2 : Mitigation: Retpolines
[    0.364636] Spectre V2 : Spectre v2 / SpectreRSB mitigation: Filling RSB on context switch
[    0.662612] Freeing SMP alternatives memory: 40K
[    0.784894] smpboot: CPU0: AMD QEMU Virtual CPU version 2.5+ (family: 0xf, model: 0x6b, stepping: 0x1)
[    0.789876] Performance Events: PMU not available due to virtualization, using software events only.
[    0.792153] rcu: Hierarchical SRCU implementation.
[    0.799511] NMI watchdog: Perf NMI watchdog permanently disabled
[    0.803353] smp: Bringing up secondary CPUs ...
[    0.803563] smp: Brought up 1 node, 1 CPU
[    0.803710] smpboot: Max logical packages: 1
[    0.803894] smpboot: Total of 1 processors activated (4999.88 BogoMIPS)
[    0.817049] devtmpfs: initialized
[    0.820309] x86/mm: Memory block size: 128MB
[    0.827038] clocksource: jiffies: mask: 0xffffffff max_cycles: 0xffffffff, max_idle_ns: 7645041785100000 ns
[    0.827451] futex hash table entries: 256 (order: 2, 16384 bytes, linear)
[    0.830482] pinctrl core: initialized pinctrl subsystem
[    0.837277] PM: RTC time: 04:50:16, date: 2026-07-26
[    0.844382] NET: Registered PF_NETLINK/PF_ROUTE protocol family
[    0.847863] DMA: preallocated 256 KiB GFP_KERNEL pool for atomic allocations
[    0.848500] DMA: preallocated 256 KiB GFP_KERNEL|GFP_DMA pool for atomic allocations
[    0.848950] DMA: preallocated 256 KiB GFP_KERNEL|GFP_DMA32 pool for atomic allocations
[    0.849329] audit: initializing netlink subsys (disabled)
[    0.856108] audit: type=2000 audit(1785041415.540:1): state=initialized audit_enabled=0 res=1
[    0.856751] thermal_sys: Registered thermal governor 'fair_share'
[    0.856780] thermal_sys: Registered thermal governor 'bang_bang'
[    0.856930] thermal_sys: Registered thermal governor 'step_wise'
[    0.857072] thermal_sys: Registered thermal governor 'user_space'
[    0.857232] thermal_sys: Registered thermal governor 'power_allocator'
[    0.857487] EISA bus registered
[    0.857851] cpuidle: using governor ladder
[    0.858044] cpuidle: using governor menu
[    0.859154] ACPI: bus type PCI registered
[    0.859360] acpiphp: ACPI Hot Plug PCI Controller Driver version: 0.5
[    0.862309] PCI: Using configuration type 1 for base access
[    0.881207] Kprobes globally optimized
[    0.884058] HugeTLB registered 2.00 MiB page size, pre-allocated 0 pages
[    0.904490] ACPI: Added _OSI(Module Device)
[    0.904633] ACPI: Added _OSI(Processor Device)
[    0.904740] ACPI: Added _OSI(3.0 _SCP Extensions)
[    0.904847] ACPI: Added _OSI(Processor Aggregator Device)
[    0.905038] ACPI: Added _OSI(Linux-Dell-Video)
[    0.905164] ACPI: Added _OSI(Linux-Lenovo-NV-HDMI-Audio)
[    0.905285] ACPI: Added _OSI(Linux-HPI-Hybrid-Graphics)
[    0.927260] ACPI: 1 ACPI AML tables successfully acquired and loaded
[    0.944342] ACPI: Interpreter enabled
[    0.945319] ACPI: PM: (supports S0 S3 S4 S5)
[    0.945467] ACPI: Using IOAPIC for interrupt routing
[    0.945993] PCI: Using host bridge windows from ACPI; if necessary, use "pci=nocrs" and report a bug
[    0.947983] ACPI: Enabled 2 GPEs in block 00 to 0F
[    0.984593] ACPI: PCI Root Bridge [PCI0] (domain 0000 [bus 00-ff])
[    0.986890] acpi PNP0A03:00: _OSC: OS supports [ASPM ClockPM Segments MSI HPX-Type3]
[    0.987833] acpi PNP0A03:00: fail to add MMCONFIG information, can't access extended PCI configuration space under this bridge.
[    0.994141] acpiphp: Slot [3] registered
[    0.994396] acpiphp: Slot [4] registered
[    0.994588] acpiphp: Slot [5] registered
[    0.994790] acpiphp: Slot [6] registered
[    0.994976] acpiphp: Slot [7] registered
[    0.995192] acpiphp: Slot [8] registered
[    0.995377] acpiphp: Slot [9] registered
[    0.995576] acpiphp: Slot [10] registered
[    0.995762] acpiphp: Slot [11] registered
[    0.995954] acpiphp: Slot [12] registered
[    0.996141] acpiphp: Slot [13] registered
[    0.996338] acpiphp: Slot [14] registered
[    0.996541] acpiphp: Slot [15] registered
[    0.996730] acpiphp: Slot [16] registered
[    0.996919] acpiphp: Slot [17] registered
[    0.997121] acpiphp: Slot [18] registered
[    0.997306] acpiphp: Slot [19] registered
[    0.997488] acpiphp: Slot [20] registered
[    0.997685] acpiphp: Slot [21] registered
[    0.997879] acpiphp: Slot [22] registered
[    0.998073] acpiphp: Slot [23] registered
[    0.998260] acpiphp: Slot [24] registered
[    0.998486] acpiphp: Slot [25] registered
[    0.998675] acpiphp: Slot [26] registered
[    0.999010] acpiphp: Slot [27] registered
[    0.999212] acpiphp: Slot [28] registered
[    0.999397] acpiphp: Slot [29] registered
[    0.999580] acpiphp: Slot [30] registered
[    0.999764] acpiphp: Slot [31] registered
[    1.000172] PCI host bridge to bus 0000:00
[    1.000767] pci_bus 0000:00: root bus resource [bus 00-ff]
[    1.000971] pci_bus 0000:00: root bus resource [io  0x0000-0x0cf7 window]
[    1.001236] pci_bus 0000:00: root bus resource [io  0x0d00-0xffff window]
[    1.001394] pci_bus 0000:00: root bus resource [mem 0x000a0000-0x000bffff window]
[    1.001609] pci_bus 0000:00: root bus resource [mem 0x80000000-0xfebfffff window]
[    1.001776] pci_bus 0000:00: root bus resource [mem 0x100000000-0x17fffffff window]
[    1.004038] pci 0000:00:00.0: [8086:1237] type 00 class 0x060000
[    1.014128] pci 0000:00:01.0: [8086:7000] type 00 class 0x060100
[    1.015426] pci 0000:00:01.1: [8086:7010] type 00 class 0x010180
[    1.017530] pci 0000:00:01.1: reg 0x20: [io  0xc0c0-0xc0cf]
[    1.018460] pci 0000:00:01.1: legacy IDE quirk: reg 0x10: [io  0x01f0-0x01f7]
[    1.018688] pci 0000:00:01.1: legacy IDE quirk: reg 0x14: [io  0x03f6]
[    1.018914] pci 0000:00:01.1: legacy IDE quirk: reg 0x18: [io  0x0170-0x0177]
[    1.019109] pci 0000:00:01.1: legacy IDE quirk: reg 0x1c: [io  0x0376]
[    1.020615] pci 0000:00:01.3: [8086:7113] type 00 class 0x068000
[    1.021112] pci 0000:00:01.3: quirk: [io  0x0600-0x063f] claimed by PIIX4 ACPI
[    1.021317] pci 0000:00:01.3: quirk: [io  0x0700-0x070f] claimed by PIIX4 SMB
[    1.023220] pci 0000:00:02.0: [1234:1111] type 00 class 0x030000
[    1.024089] pci 0000:00:02.0: reg 0x10: [mem 0xfd000000-0xfdffffff pref]
[    1.025579] pci 0000:00:02.0: reg 0x18: [mem 0xfebb0000-0xfebb0fff]
[    1.027712] pci 0000:00:02.0: reg 0x30: [mem 0xfeba0000-0xfebaffff pref]
[    1.028144] pci 0000:00:02.0: Video device with shadowed ROM at [mem 0x000c0000-0x000dffff]
[    1.035386] pci 0000:00:03.0: [8086:100e] type 00 class 0x020000
[    1.036002] pci 0000:00:03.0: reg 0x10: [mem 0xfeb80000-0xfeb9ffff]
[    1.036618] pci 0000:00:03.0: reg 0x14: [io  0xc080-0xc0bf]
[    1.038873] pci 0000:00:03.0: reg 0x30: [mem 0xfeb00000-0xfeb7ffff pref]
[    1.045530] pci 0000:00:04.0: [1af4:1001] type 00 class 0x010000
[    1.046498] pci 0000:00:04.0: reg 0x10: [io  0xc000-0xc07f]
[    1.047160] pci 0000:00:04.0: reg 0x14: [mem 0xfebb1000-0xfebb1fff]
[    1.048957] pci 0000:00:04.0: reg 0x20: [mem 0xfe000000-0xfe003fff 64bit pref]
[    1.063577] ACPI: PCI: Interrupt link LNKA configured for IRQ 10
[    1.064782] ACPI: PCI: Interrupt link LNKB configured for IRQ 10
[    1.065766] ACPI: PCI: Interrupt link LNKC configured for IRQ 11
[    1.066706] ACPI: PCI: Interrupt link LNKD configured for IRQ 11
[    1.067253] ACPI: PCI: Interrupt link LNKS configured for IRQ 9
[    1.070107] iommu: Default domain type: Translated 
[    1.070272] iommu: DMA domain TLB invalidation policy: lazy mode 
[    1.073436] SCSI subsystem initialized
[    1.077198] pci 0000:00:02.0: vgaarb: setting as boot VGA device
[    1.077439] pci 0000:00:02.0: vgaarb: VGA device added: decodes=io+mem,owns=io+mem,locks=none
[    1.077680] pci 0000:00:02.0: vgaarb: bridge control possible
[    1.077946] vgaarb: loaded
[    1.078729] ACPI: bus type USB registered
[    1.079127] usbcore: registered new interface driver usbfs
[    1.079537] usbcore: registered new interface driver hub
[    1.079784] usbcore: registered new device driver usb
[    1.080307] pps_core: LinuxPPS API ver. 1 registered
[    1.080440] pps_core: Software ver. 5.3.6 - Copyright 2005-2007 Rodolfo Giometti <giometti@linux.it>
[    1.080690] PTP clock support registered
[    1.081508] EDAC MC: Ver: 3.0.0
[    1.091154] NetLabel: Initializing
[    1.091266] NetLabel:  domain hash size = 128
[    1.091374] NetLabel:  protocols = UNLABELED CIPSOv4 CALIPSO
[    1.092259] NetLabel:  unlabeled traffic allowed by default
[    1.093100] PCI: Using ACPI for IRQ routing
[    1.095362] hpet: 3 channels of 0 reserved for per-cpu timers
[    1.095755] hpet0: at MMIO 0xfed00000, IRQs 2, 8, 0
[    1.095953] hpet0: 3 comparators, 64-bit 100.000000 MHz counter
[    1.099862] clocksource: Switched to clocksource tsc-early
[    1.186354] VFS: Disk quotas dquot_6.6.0
[    1.186702] VFS: Dquot-cache hash table entries: 512 (order 0, 4096 bytes)
[    1.202304] AppArmor: AppArmor Filesystem Enabled
[    1.202893] pnp: PnP ACPI init
[    1.208510] pnp: PnP ACPI: found 6 devices
[    1.228428] clocksource: acpi_pm: mask: 0xffffff max_cycles: 0xffffff, max_idle_ns: 2085701024 ns
[    1.229540] NET: Registered PF_INET protocol family
[    1.230588] IP idents hash table entries: 32768 (order: 6, 262144 bytes, linear)
[    1.244081] tcp_listen_portaddr_hash hash table entries: 1024 (order: 2, 16384 bytes, linear)
[    1.244514] TCP established hash table entries: 16384 (order: 5, 131072 bytes, linear)
[    1.245092] TCP bind hash table entries: 16384 (order: 6, 262144 bytes, linear)
[    1.245441] TCP: Hash tables configured (established 16384 bind 16384)
[    1.247786] MPTCP token hash table entries: 2048 (order: 3, 49152 bytes, linear)
[    1.248285] UDP hash table entries: 1024 (order: 3, 32768 bytes, linear)
[    1.248688] UDP-Lite hash table entries: 1024 (order: 3, 32768 bytes, linear)
[    1.250158] NET: Registered PF_UNIX/PF_LOCAL protocol family
[    1.251097] NET: Registered PF_XDP protocol family
[    1.252029] pci_bus 0000:00: resource 4 [io  0x0000-0x0cf7 window]
[    1.252203] pci_bus 0000:00: resource 5 [io  0x0d00-0xffff window]
[    1.252350] pci_bus 0000:00: resource 6 [mem 0x000a0000-0x000bffff window]
[    1.252508] pci_bus 0000:00: resource 7 [mem 0x80000000-0xfebfffff window]
[    1.252668] pci_bus 0000:00: resource 8 [mem 0x100000000-0x17fffffff window]
[    1.253374] pci 0000:00:01.0: PIIX3: Enabling Passive Release
[    1.253660] pci 0000:00:00.0: Limiting direct PCI/PCI transfers
[    1.253868] pci 0000:00:01.0: Activating ISA DMA hang workarounds
[    1.254106] PCI: CLS 0 bytes, default 64
[    1.258939] Trying to unpack rootfs image as initramfs...
[    1.265175] Initialise system trusted keyrings
[    1.271162] Key type blacklist registered
[    1.274128] workingset: timestamp_bits=36 max_order=19 bucket_order=0
[    1.292284] zbud: loaded
[    1.299367] squashfs: version 4.0 (2009/01/31) Phillip Lougher
[    1.306397] fuse: init (API version 7.34)
[    1.310463] integrity: Platform Keyring initialized
[    1.353773] Key type asymmetric registered
[    1.353982] Asymmetric key parser 'x509' registered
[    1.354408] Block layer SCSI generic (bsg) driver version 0.4 loaded (major 243)
[    1.355443] io scheduler mq-deadline registered
[    1.358653] shpchp: Standard Hot Plug PCI Controller Driver version: 0.4
[    1.366833] input: Power Button as /devices/LNXSYSTM:00/LNXPWRBN:00/input/input0
[    1.372580] ACPI: button: Power Button [PWRF]
[    1.881090] Freeing initrd memory: 30372K
[    1.924455] ACPI: \_SB_.LNKD: Enabled at IRQ 11
[    1.928240] Serial: 8250/16550 driver, 32 ports, IRQ sharing enabled
[    1.952462] 00:04: ttyS0 at I/O 0x3f8 (irq = 4, base_baud = 115200) is a 16550A
[    1.968908] Linux agpgart interface v0.103
[    1.988421] loop: module loaded
[    1.997619] scsi host0: ata_piix
[    2.000047] scsi host1: ata_piix
[    2.000554] ata1: PATA max MWDMA2 cmd 0x1f0 ctl 0x3f6 bmdma 0xc0c0 irq 14
[    2.000830] ata2: PATA max MWDMA2 cmd 0x170 ctl 0x376 bmdma 0xc0c8 irq 15
[    2.006560] tun: Universal TUN/TAP device driver, 1.6
[    2.007296] PPP generic driver version 2.4.2
[    2.008187] VFIO - User Level meta-driver version: 0.3
[    2.009380] ehci_hcd: USB 2.0 'Enhanced' Host Controller (EHCI) Driver
[    2.009708] ehci-pci: EHCI PCI platform driver
[    2.010011] ehci-platform: EHCI generic platform driver
[    2.010211] ohci_hcd: USB 1.1 'Open' Host Controller (OHCI) Driver
[    2.010428] ohci-pci: OHCI PCI platform driver
[    2.010682] ohci-platform: OHCI generic platform driver
[    2.011068] uhci_hcd: USB Universal Host Controller Interface driver
[    2.012331] i8042: PNP: PS/2 Controller [PNP0303:KBD,PNP0f13:MOU] at 0x60,0x64 irq 1,12
[    2.015340] serio: i8042 KBD port at 0x60,0x64 irq 1
[    2.015662] serio: i8042 AUX port at 0x60,0x64 irq 12
[    2.017271] mousedev: PS/2 mouse device common for all mice
[    2.020359] input: AT Translated Set 2 keyboard as /devices/platform/i8042/serio0/input/input1
[    2.022079] rtc_cmos 00:05: RTC can wake from S4
[    2.025493] rtc_cmos 00:05: registered as rtc0
[    2.026083] rtc_cmos 00:05: setting system clock to 2026-07-26T04:50:17 UTC (1785041417)
[    2.027043] rtc_cmos 00:05: alarms up to one day, y3k, 242 bytes nvram, hpet irqs
[    2.027344] i2c_dev: i2c /dev entries driver
[    2.027852] device-mapper: core: CONFIG_IMA_DISABLE_HTABLE is disabled. Duplicate IMA measurements will not be recorded in the IMA log.
[    2.028409] device-mapper: uevent: version 1.0.3
[    2.029216] device-mapper: ioctl: 4.45.0-ioctl (2021-03-22) initialised: dm-devel@redhat.com
[    2.029682] platform eisa.0: Probing EISA bus 0
[    2.030051] platform eisa.0: EISA: Cannot allocate resource for mainboard
[    2.030306] platform eisa.0: Cannot allocate resource for EISA slot 1
[    2.030475] platform eisa.0: Cannot allocate resource for EISA slot 2
[    2.030623] platform eisa.0: Cannot allocate resource for EISA slot 3
[    2.030776] platform eisa.0: Cannot allocate resource for EISA slot 4
[    2.031058] platform eisa.0: Cannot allocate resource for EISA slot 5
[    2.031232] platform eisa.0: Cannot allocate resource for EISA slot 6
[    2.031378] platform eisa.0: Cannot allocate resource for EISA slot 7
[    2.031522] platform eisa.0: Cannot allocate resource for EISA slot 8
[    2.031682] platform eisa.0: EISA: Detected 0 cards
[    2.032154] ledtrig-cpu: registered to indicate activity on CPUs
[    2.033238] drop_monitor: Initializing network drop monitor service
[    2.035360] NET: Registered PF_INET6 protocol family
[    2.058623] Segment Routing with IPv6
[    2.059133] In-situ OAM (IOAM) with IPv6
[    2.059676] NET: Registered PF_PACKET protocol family
[    2.060568] Key type dns_resolver registered
[    2.062679] IPI shorthand broadcast: enabled
[    2.063286] sched_clock: Marking stable (2025650017, 37259849)->(2073073701, -10163835)
[    2.065605] registered taskstats version 1
[    2.066180] Loading compiled-in X.509 certificates
[    2.077619] Loaded X.509 cert 'Build time autogenerated kernel key: c887ab1fa6442665629113512b4db089a7808038'
[    2.079895] Loaded X.509 cert 'Canonical Ltd. Live Patch Signing: 14df34d1a87cf37625abec039ef2bf521249b969'
[    2.081630] Loaded X.509 cert 'Canonical Ltd. Kernel Module Signing: 88f752e560a1e0737e31163a466ad7b70a850c19'
[    2.081932] blacklist: Loading compiled-in revocation X.509 certificates
[    2.083329] Loaded X.509 cert 'Canonical Ltd. Secure Boot Signing: 61482aa2830d0ab2ad5af10b7250da9033ddcef0'
[    2.084924] zswap: loaded using pool lzo/zbud
[    2.087497] Key type ._fscrypt registered
[    2.087640] Key type .fscrypt registered
[    2.087751] Key type fscrypt-provisioning registered
[    2.093172] Key type encrypted registered
[    2.093355] AppArmor: AppArmor sha1 policy hashing enabled
[    2.093836] ima: No TPM chip found, activating TPM-bypass!
[    2.094057] Loading compiled-in module X.509 certificates
[    2.095887] Loaded X.509 cert 'Build time autogenerated kernel key: c887ab1fa6442665629113512b4db089a7808038'
[    2.096197] ima: Allocated hash algorithm: sha1
[    2.097899] ima: No architecture policies found
[    2.098528] evm: Initialising EVM extended attributes:
[    2.098693] evm: security.selinux
[    2.098795] evm: security.SMACK64
[    2.098882] evm: security.SMACK64EXEC
[    2.099086] evm: security.SMACK64TRANSMUTE
[    2.099181] evm: security.SMACK64MMAP
[    2.099264] evm: security.apparmor
[    2.099341] evm: security.ima
[    2.099409] evm: security.capability
[    2.099504] evm: HMAC attrs: 0x1
[    2.102051] PM:   Magic number: 2:171:819
[    2.105443] powernow_k8: Power state transitions not supported
[    2.106526] RAS: Correctable Errors collector initialized.
[    2.169549] ata2.00: ATAPI: QEMU DVD-ROM, 2.5+, max UDMA/100
[    2.179552] scsi 1:0:0:0: CD-ROM            QEMU     QEMU DVD-ROM     2.5+ PQ: 0 ANSI: 5
[    2.209235] sr 1:0:0:0: [sr0] scsi3-mmc drive: 4x/4x cd/rw xa/form2 tray
[    2.209652] cdrom: Uniform CD-ROM driver Revision: 3.20
[    2.235751] sr 1:0:0:0: Attached scsi generic sg0 type 5
[    2.246386] Freeing unused decrypted memory: 2036K
[    2.294414] Freeing unused kernel image (initmem) memory: 2952K
[    2.294947] tsc: Refined TSC clocksource calibration: 2499.937 MHz
[    2.295251] clocksource: tsc: mask: 0xffffffffffffffff max_cycles: 0x2408fe0673d, max_idle_ns: 440795223401 ns
[    2.295604] clocksource: Switched to clocksource tsc
[    2.296060] Write protecting the kernel read-only data: 30720k
[    2.298767] Freeing unused kernel image (text/rodata gap) memory: 2036K
[    2.300311] Freeing unused kernel image (rodata/data gap) memory: 1504K
[    2.455712] x86/mm: Checked W+X mappings: passed, no W+X pages found.
[    2.456793] Run /init as init process
[BOOT] Yaxiang OS Installer init starting...
[BOOT] Loading storage drivers...
[    2.646216] virtio_blk virtio0: [vda] 2097152 512-byte logical blocks (1.07 GB/1.00 GiB)
modprobe: module virtio_pci not found in modules.dep
modprobe: module sd_mod not found in modules.dep
modprobe: module sr_mod not found in modules.dep
[BOOT] Block devices:
  /dev/loop0 sectors=0 (0MB)
  /dev/loop1 sectors=0 (0MB)
  /dev/loop2 sectors=0 (0MB)
  /dev/loop3 sectors=0 (0MB)
  /dev/loop4 sectors=0 (0MB)
  /dev/loop5 sectors=0 (0MB)
  /dev/loop6 sectors=0 (0MB)
  /dev/loop7 sectors=0 (0MB)
  /dev/sr0 sectors=2097151 (1023MB)
  /dev/vda sectors=2097152 (1024MB)
[AUTO-INSTALL] Starting installation to /dev/vda...

========================================
  磁盘扫描结果 (共 1 块可用磁盘)
========================================
[    6.314429] random: fast init done

  编号 设备       容量   型号               传输   分区 占用  
  ------------------------------------------------------------------------
  [1]  /dev/vda     1.0G     未知               virtio   0    否     


----------------------------------------
  磁盘选择与身份确认
----------------------------------------


您选择的磁盘:

  设备路径:     /dev/vda
  Major:Minor:  252:0
  型号:         未知
  容量:         1.0G (1073741824 字节)
  序列号:       无
  传输类型:     virtio
  只读状态:     可写
  分区数量:     0
  文件系统:     无
  挂载点:       未挂载
  占用状态:     否
  身份哈希:     6bd5427f1b440242...

========================================
  [第一次确认]
  您即将选定 /dev/vda 作为安装目标。
  此操作在当前阶段不会写入任何数据。

  请输入大写 Y 确认 (区分大小写):
========================================

[通过] 第一次确认成功。

========================================
  [第二次确认]
  请再次输入磁盘编号以确认选择: /dev/vda
========================================

[通过] 第二次确认成功。

正在重新扫描磁盘以核对设备身份...

========================================

目标磁盘身份确认通过。
即将开始写入亚象网络操作系统。

========================================

  已确认磁盘: /dev/vda
  身份哈希:   6bd5427f1b440242be2316659e917e97...

输入 INSTALL 开始写入：
输入其他内容取消：

[确认] 开始写入流程...

正在校验系统镜像...
正在确认目标磁盘...
正在写入系统...
0+3856 records in
0+3856 records out
正在同步磁盘缓存...
正在重新读取分区表...
[   25.405533]  vda: vda1 vda2
正在校验安装结果...
  [1/10] 获取镜像解压字节数...
  [2/10] 计算源镜像 SHA256 (完整 126353408 字节)...
  [3/10] 从目标磁盘读取 126353408 字节...
  [4/10] 比对完整哈希...
  完整字节哈希校验通过
  [5/10] 检查分区表...
  [6/10] 检查预期分区...
  [7/10] 确认设备身份...
  [8/10] 识别系统分区...
  [9/10] 检查亚象系统标识...
  [10/10] 校验汇总...
  写后校验全部通过 (9 项)

========================================
  亚象网络操作系统安装成功
========================================
  目标磁盘: /dev/vda
  镜像: combined.img.gz
  启动模式: Legacy BIOS
========================================


[AUTO-INSTALL-RESULT] exit_code=0
[AUTO-INSTALL-SUCCESS]
[PARTITION-TABLE-AFTER-INSTALL]
Disk /dev/vda: 1024 MB, 1073741824 bytes, 2097152 sectors
2080 cylinders, 16 heads, 63 sectors/track
Units: sectors of 1 * 512 = 512 bytes

Device  Boot StartCHS    EndCHS        StartLBA     EndLBA    Sectors  Size Id Type
/dev/vda1 *  0,8,9       33,0,16            512      33279      32768 16.0M 83 Linux
/dev/vda2    33,8,25     244,13,13        33792     246783     212992  104M 83 Linux
[END-PARTITION-TABLE]
[DISK-SIZE-AFTER]
1073741824
[END-DISK-SIZE]
[INSTALL-LOG-BEGIN]
[2026-07-26 04:50:22] ==========================================
[2026-07-26 04:50:22] 亚象安装器 镜像写入模块 V0.2-dev
[2026-07-26 04:50:22] ==========================================
[2026-07-26 04:50:22] 启动模式: Legacy BIOS
[2026-07-26 04:50:22] 镜像路径: /opt/yaxiang-installer/combined.img.gz
[2026-07-26 04:50:22] 测试模式: 目标 /dev/vda 在允许清单中
[2026-07-26 04:50:22] 运行环境: 亚象 Live 系统
[2026-07-26 04:50:22] 镜像文件存在: /opt/yaxiang-installer/combined.img.gz (12.5M)
[2026-07-26 04:50:22] 正在校验系统镜像...
[2026-07-26 04:50:25] gzip 完整性校验通过
[2026-07-26 04:50:25] SHA256 校验通过: 59dd3c9dbbcdb8d9164de0cbe99a59f8...
[2026-07-26 04:50:35] 镜像解压大小: 126353408 字节
[2026-07-26 04:50:35] 正在确认目标磁盘...
[2026-07-26 04:50:35] 身份哈希验证通过: 6bd5427f1b440242be2316659e917e97...
[2026-07-26 04:50:35] 容量检查通过: 磁盘 1073741824 字节 >= 镜像 126353408 字节
[2026-07-26 04:50:35] 目标设备安全检查全部通过: /dev/vda
[2026-07-26 04:50:35] 正在写入系统...
[2026-07-26 04:50:35] 写入命令: gzip -dc /opt/yaxiang-installer/combined.img.gz | dd of=/dev/vda bs=16M status=progress conv=fsync
[2026-07-26 04:50:35] 写入开始时间: 2026-07-26 04:50:35
[2026-07-26 04:50:40] 写入结束时间: 2026-07-26 04:50:40
[2026-07-26 04:50:40] 写入耗时: 5 秒
[2026-07-26 04:50:40] 正在同步磁盘缓存...
[2026-07-26 04:50:40] sync 完成
[2026-07-26 04:50:40] 正在重新读取分区表...
[2026-07-26 04:50:40] 分区表重新读取完成
[2026-07-26 04:50:40] 写入流程完成
[2026-07-26 04:50:40] 正在校验安装结果...
[2026-07-26 04:50:40] [verifier] ==========================================
[2026-07-26 04:50:40] [verifier] 写后校验开始 V0.2-dev
[2026-07-26 04:50:41] [verifier] 目标: /dev/vda
[2026-07-26 04:50:41] [verifier] 镜像: /opt/yaxiang-installer/combined.img.gz
[2026-07-26 04:50:41] [verifier] ==========================================
[2026-07-26 04:50:41] [verifier]   [1/10] 获取镜像解压字节数...
[2026-07-26 04:50:41] [verifier]   镜像解压大小: 126353408 字节
[2026-07-26 04:50:41] [verifier]   [2/10] 计算源镜像 SHA256 (完整 126353408 字节)...
[2026-07-26 04:50:48] [verifier]   源镜像 SHA256: d0a3b2d7b7857dc050da2fff09be714d...
[2026-07-26 04:50:48] [verifier]   [3/10] 从目标磁盘读取 126353408 字节...
[2026-07-26 04:50:54] [verifier]   目标磁盘 SHA256: d0a3b2d7b7857dc050da2fff09be714d...
[2026-07-26 04:50:54] [verifier]   [4/10] 比对完整哈希...
[2026-07-26 04:50:54] [verifier]   完整字节哈希一致: d0a3b2d7b7857dc050da2fff09be714d...
[2026-07-26 04:50:54] [verifier]   完整字节哈希校验通过
[2026-07-26 04:50:54] [verifier]   [5/10] 检查分区表...
[2026-07-26 04:50:54] [verifier]   分区表可读取
[2026-07-26 04:50:54] [verifier]   [6/10] 检查预期分区...
[2026-07-26 04:50:55] [verifier]   检测到 2 个分区
[2026-07-26 04:50:55] [verifier]   [7/10] 确认设备身份...
[2026-07-26 04:50:55] [verifier]   设备身份未变
[2026-07-26 04:50:55] [verifier]   [8/10] 识别系统分区...
[2026-07-26 04:50:55] [verifier]   未识别到文件系统 (QEMU 内可能无 blkid)
[2026-07-26 04:50:55] [verifier]   [9/10] 检查亚象系统标识...
[2026-07-26 04:50:56] [verifier]   警告: 未检测到亚象标识 (可能位于更深偏移)
[2026-07-26 04:50:56] [verifier]   [10/10] 校验汇总...
[2026-07-26 04:50:56] [verifier]   通过: 9, 失败: 0
[2026-07-26 04:50:56] [verifier] 写后校验结果: 全部通过
[2026-07-26 04:50:56] 最终状态: 安装成功
[2026-07-26 04:50:56] ==========================================
[INSTALL-LOG-END]
[POWERING-OFF]
[   42.967227] ACPI: PM: Preparing to enter system sleep state S5
[   42.968109] reboot: Power down
image: /root/project/installer/output/verify-final/install-target.qcow2
file format: qcow2
virtual size: 1 GiB (1073741824 bytes)
disk size: 121 MiB
cluster_size: 65536
Format specific information:
    compat: 1.1
    compression type: zlib
    lazy refcounts: false
    refcount bits: 16
    corrupt: false
    extended l2: false
