[H[J[1;1H[?25l[m[H[J[1;1H[2;30HGNU GRUB  version 2.12

[m[4;2H+----------------------------------------------------------------------------+[5;2H|[5;79H|[6;2H|[6;79H|[7;2H|[7;79H|[8;2H|[8;79H|[9;2H|[9;79H|[10;2H|[10;79H|[11;2H|[11;79H|[12;2H|[12;79H|[13;2H|[13;79H|[14;2H|[14;79H|[15;2H|[15;79H|[16;2H+----------------------------------------------------------------------------+[m[17;2H[18;2H[m     Use the ^ and v keys to select which entry is highlighted.          
      Press enter to boot the selected OS, `e' to edit the commands       
      before booting or `c' for a command-line. ESC to return             
      previous menu.                                                      [5;80H [7m[5;3H*OpenWrt                                                                    [m[5;78H[m[m[6;3H OpenWrt (failsafe)                                                         [m[6;78H[m[m[7;3H                                                                            [m[7;78H[m[m[8;3H                                                                            [m[8;78H[m[m[9;3H                                                                            [m[9;78H[m[m[10;3H                                                                            [m[10;78H[m[m[11;3H                                                                            [m[11;78H[m[m[12;3H                                                                            [m[12;78H[m[m[13;3H                                                                            [m[13;78H[m[m[14;3H                                                                            [m[14;78H[m[m[15;3H                                                                            [m[15;78H[m[15;80H [5;78H[22;1H   The highlighted entry will be executed automatically in 5s.                 [5;78H[22;1H   The highlighted entry will be executed automatically in 4s.                 [5;78H[22;1H   The highlighted entry will be executed automatically in 3s.                 [5;78H[22;1H   The highlighted entry will be executed automatically in 2s.                 [5;78H[22;1H   The highlighted entry will be executed automatically in 1s.                 [5;78H[22;1H   The highlighted entry will be executed automatically in 0s.                 [5;78H[?25h[H[J[1;1H[H[J[1;1H  Booting `OpenWrt'

[    0.000000] Linux version 6.12.94 (builder@buildhost) (x86_64-openwrt-linux-musl-gcc (OpenWrt GCC 14.3.0 r33051-f5dae5ece4) 14.3.0, GNU ld (GNU Binutils) 2.44) #0 SMP Mon Jun 29 12:59:20 2026
[    0.000000] Command line: BOOT_IMAGE=/boot/vmlinuz root=PARTUUID=682d2ae8-02 rootwait console=tty1 console=ttyS0,115200n8 noinitrd
[    0.000000] BIOS-provided physical RAM map:
[    0.000000] BIOS-e820: [mem 0x0000000000000000-0x000000000009fbff] usable
[    0.000000] BIOS-e820: [mem 0x000000000009fc00-0x000000000009ffff] reserved
[    0.000000] BIOS-e820: [mem 0x00000000000f0000-0x00000000000fffff] reserved
[    0.000000] BIOS-e820: [mem 0x0000000000100000-0x000000003ffdcfff] usable
[    0.000000] BIOS-e820: [mem 0x000000003ffdd000-0x000000003fffffff] reserved
[    0.000000] BIOS-e820: [mem 0x00000000fffc0000-0x00000000ffffffff] reserved
[    0.000000] NX (Execute Disable) protection: active
[    0.000000] APIC: Static calls initialized
[    0.000000] SMBIOS 2.8 present.
[    0.000000] DMI: QEMU Standard PC (i440FX + PIIX, 1996), BIOS 1.15.0-1 04/01/2014
[    0.000000] DMI: Memory slots populated: 1/1
[    0.000000] tsc: Fast TSC calibration using PIT
[    0.000000] tsc: Detected 2499.957 MHz processor
[    0.007152] AGP: No AGP bridge found
[    0.007363] last_pfn = 0x3ffdd max_arch_pfn = 0x400000000
[    0.007992] MTRR map: 4 entries (3 fixed + 1 variable; max 19), built from 8 variable MTRRs
[    0.008148] x86/PAT: Configuration [0-7]: WB  WC  UC- UC  WB  WP  UC- WT  
[    0.021993] found SMP MP-table at [mem 0x000f5b90-0x000f5b9f]
[    0.026813] ACPI: Early table checksum verification disabled
[    0.027131] ACPI: RSDP 0x00000000000F59D0 000014 (v00 BOCHS )
[    0.027417] ACPI: RSDT 0x000000003FFE190C 000034 (v01 BOCHS  BXPC     00000001 BXPC 00000001)
[    0.027898] ACPI: FACP 0x000000003FFE17C0 000074 (v01 BOCHS  BXPC     00000001 BXPC 00000001)
[    0.028436] ACPI: DSDT 0x000000003FFE0040 001780 (v01 BOCHS  BXPC     00000001 BXPC 00000001)
[    0.028500] ACPI: FACS 0x000000003FFE0000 000040
[    0.028548] ACPI: APIC 0x000000003FFE1834 000078 (v01 BOCHS  BXPC     00000001 BXPC 00000001)
[    0.028567] ACPI: HPET 0x000000003FFE18AC 000038 (v01 BOCHS  BXPC     00000001 BXPC 00000001)
[    0.028583] ACPI: WAET 0x000000003FFE18E4 000028 (v01 BOCHS  BXPC     00000001 BXPC 00000001)
[    0.028646] ACPI: Reserving FACP table memory at [mem 0x3ffe17c0-0x3ffe1833]
[    0.028691] ACPI: Reserving DSDT table memory at [mem 0x3ffe0040-0x3ffe17bf]
[    0.028697] ACPI: Reserving FACS table memory at [mem 0x3ffe0000-0x3ffe003f]
[    0.028703] ACPI: Reserving APIC table memory at [mem 0x3ffe1834-0x3ffe18ab]
[    0.028708] ACPI: Reserving HPET table memory at [mem 0x3ffe18ac-0x3ffe18e3]
[    0.028713] ACPI: Reserving WAET table memory at [mem 0x3ffe18e4-0x3ffe190b]
[    0.031302] Zone ranges:
[    0.031329]   DMA      [mem 0x0000000000001000-0x0000000000ffffff]
[    0.031401]   DMA32    [mem 0x0000000001000000-0x000000003ffdcfff]
[    0.031411]   Normal   empty
[    0.031426] Movable zone start for each node
[    0.031457] Early memory node ranges
[    0.031481]   node   0: [mem 0x0000000000001000-0x000000000009efff]
[    0.031535]   node   0: [mem 0x0000000000100000-0x000000003ffdcfff]
[    0.031644] Initmem setup node 0 [mem 0x0000000000001000-0x000000003ffdcfff]
[    0.033337] On node 0, zone DMA: 1 pages in unavailable ranges
[    0.033758] On node 0, zone DMA: 97 pages in unavailable ranges
[    0.050470] On node 0, zone DMA32: 35 pages in unavailable ranges
[    0.050838] ACPI: PM-Timer IO Port: 0x608
[    0.051230] ACPI: LAPIC_NMI (acpi_id[0xff] dfl dfl lint[0x1])
[    0.051595] IOAPIC[0]: apic_id 0, version 32, address 0xfec00000, GSI 0-23
[    0.051704] ACPI: INT_SRC_OVR (bus 0 bus_irq 0 global_irq 2 dfl dfl)
[    0.051950] ACPI: INT_SRC_OVR (bus 0 bus_irq 5 global_irq 5 high level)
[    0.051996] ACPI: INT_SRC_OVR (bus 0 bus_irq 9 global_irq 9 high level)
[    0.052081] ACPI: INT_SRC_OVR (bus 0 bus_irq 10 global_irq 10 high level)
[    0.052090] ACPI: INT_SRC_OVR (bus 0 bus_irq 11 global_irq 11 high level)
[    0.052263] ACPI: Using ACPI (MADT) for SMP configuration information
[    0.052306] ACPI: HPET id: 0x8086a201 base: 0xfed00000
[    0.052654] CPU topo: Max. logical packages:   1
[    0.052665] CPU topo: Max. logical dies:       1
[    0.052673] CPU topo: Max. dies per package:   1
[    0.052715] CPU topo: Max. threads per core:   1
[    0.052865] CPU topo: Num. cores per package:     1
[    0.052879] CPU topo: Num. threads per package:   1
[    0.052886] CPU topo: Allowing 1 present CPUs plus 0 hotplug CPUs
[    0.053821] [mem 0x40000000-0xfffbffff] available for PCI devices
[    0.053880] Booting paravirtualized kernel on bare hardware
[    0.054148] clocksource: refined-jiffies: mask: 0xffffffff max_cycles: 0xffffffff, max_idle_ns: 19112604462750000 ns
[    0.054693] setup_percpu: NR_CPUS:512 nr_cpumask_bits:1 nr_cpu_ids:1 nr_node_ids:1
[    0.056748] percpu: Embedded 48 pages/cpu s158680 r8192 d29736 u2097152
[    0.058810] Kernel command line: BOOT_IMAGE=/boot/vmlinuz root=PARTUUID=682d2ae8-02 rootwait console=tty1 console=ttyS0,115200n8 noinitrd
[    0.074424] Dentry cache hash table entries: 131072 (order: 8, 1048576 bytes, linear)
[    0.074679] Inode-cache hash table entries: 65536 (order: 7, 524288 bytes, linear)
[    0.076151] Built 1 zonelists, mobility grouping on.  Total pages: 262011
[    0.076364] mem auto-init: stack:off, heap alloc:off, heap free:off
[    0.076478] AGP: Checking aperture...
[    0.077422] AGP: No AGP bridge found
[    0.130137] SLUB: HWalign=64, Order=0-3, MinObjects=0, CPUs=1, Nodes=1
[    0.138938] rcu: Hierarchical RCU implementation.
[    0.138969] rcu: 	RCU restricting CPUs from NR_CPUS=512 to nr_cpu_ids=1.
[    0.139107] 	Tracing variant of Tasks RCU enabled.
[    0.139190] rcu: RCU calculated value of scheduler-enlistment delay is 10 jiffies.
[    0.139217] rcu: Adjusting geometry for rcu_fanout_leaf=16, nr_cpu_ids=1
[    0.140264] RCU Tasks Trace: Setting shift to 0 and lim to 1 rcu_task_cb_adjust=1 rcu_task_cpu_ids=1.
[    0.140385] NR_IRQS: 33024, nr_irqs: 256, preallocated irqs: 16
[    0.148931] rcu: srcu_init: Setting srcu_struct sizes based on contention.
[    0.154303] Console: colour VGA+ 80x25
[    0.154698] printk: legacy console [tty1] enabled
[    0.160080] printk: legacy console [ttyS0] enabled
[    0.173179] ACPI: Core revision 20240827
[    0.179373] clocksource: hpet: mask: 0xffffffff max_cycles: 0xffffffff, max_idle_ns: 19112604467 ns
[    0.183436] APIC: Switch to symmetric I/O mode setup
[    0.187560] ..TIMER: vector=0x30 apic1=0 pin1=2 apic2=-1 pin2=-1
[    0.230799] clocksource: tsc-early: mask: 0xffffffffffffffff max_cycles: 0x2409110bfaf, max_idle_ns: 440795231380 ns
[    0.231354] Calibrating delay loop (skipped), value calculated using timer frequency.. 4999.91 BogoMIPS (lpj=24999570)
[    0.234761] Last level iTLB entries: 4KB 512, 2MB 255, 4MB 127
[    0.235095] Last level dTLB entries: 4KB 512, 2MB 255, 4MB 127, 1GB 0
[    0.235837] Spectre V1 : Mitigation: usercopy/swapgs barriers and __user pointer sanitization
[    0.236467] Spectre V2 : Mitigation: Retpolines
[    0.236638] Spectre V2 : Spectre v2 / SpectreRSB: Filling RSB on context switch and VMEXIT
[    0.237801] x86/fpu: x87 FPU will use FXSAVE
[    0.524381] Freeing SMP alternatives memory: 40K
[    0.525295] pid_max: default: 32768 minimum: 301
[    0.539171] Mount-cache hash table entries: 2048 (order: 2, 16384 bytes, linear)
[    0.539622] Mountpoint-cache hash table entries: 2048 (order: 2, 16384 bytes, linear)
[    0.691253] smpboot: CPU0: AMD QEMU Virtual CPU version 2.5+ (family: 0xf, model: 0x6b, stepping: 0x1)
[    0.691498] Performance Events: PMU not available due to virtualization, using software events only.
[    0.692738] signal: max sigframe size: 1040
[    0.694200] rcu: Hierarchical SRCU implementation.
[    0.694404] rcu: 	Max phase no-delay instances is 1000.
[    0.699046] smp: Bringing up secondary CPUs ...
[    0.700683] smp: Brought up 1 node, 1 CPU
[    0.700933] smpboot: Total of 1 processors activated (4999.91 BogoMIPS)
[    0.708691] Memory: 1003792K/1048044K available (14336K kernel code, 1177K rwdata, 2556K rodata, 1496K init, 1300K bss, 41300K reserved, 0K cma-reserved)
[    0.720277] clocksource: jiffies: mask: 0xffffffff max_cycles: 0xffffffff, max_idle_ns: 19112604462750000 ns
[    0.720974] futex hash table entries: 256 (order: 2, 16384 bytes, linear)
[    0.723824] pinctrl core: initialized pinctrl subsystem
[    0.736555] NET: Registered PF_NETLINK/PF_ROUTE protocol family
[    0.742786] thermal_sys: Registered thermal governor 'step_wise'
[    0.742824] thermal_sys: Registered thermal governor 'user_space'
[    0.743706] cpuidle: using governor ladder
[    0.745606] acpiphp: ACPI Hot Plug PCI Controller Driver version: 0.5
[    0.748628] PCI: Using configuration type 1 for base access
[    0.773642] cryptd: max_cpu_qlen set to 1000
[    0.779030] ACPI: Added _OSI(Module Device)
[    0.779207] ACPI: Added _OSI(Processor Device)
[    0.779380] ACPI: Added _OSI(Processor Aggregator Device)
[    0.790904] ACPI: 1 ACPI AML tables successfully acquired and loaded
[    0.805794] ACPI: Interpreter enabled
[    0.806476] ACPI: PM: (supports S0 S5)
[    0.806656] ACPI: Using IOAPIC for interrupt routing
[    0.807132] PCI: Using host bridge windows from ACPI; if necessary, use "pci=nocrs" and report a bug
[    0.807448] PCI: Using E820 reservations for host bridge windows
[    0.808820] ACPI: Enabled 2 GPEs in block 00 to 0F
[    0.834873] ACPI: PCI Root Bridge [PCI0] (domain 0000 [bus 00-ff])
[    0.835681] acpi PNP0A03:00: _OSC: OS supports [ASPM ClockPM Segments MSI HPX-Type3]
[    0.836083] acpi PNP0A03:00: _OSC: not requesting OS control; OS requires [ExtendedConfig ASPM ClockPM MSI]
[    0.836816] acpi PNP0A03:00: fail to add MMCONFIG information, can't access extended configuration space under this bridge
[    0.840930] acpiphp: Slot [3] registered
[    0.841300] acpiphp: Slot [4] registered
[    0.841524] acpiphp: Slot [5] registered
[    0.841755] acpiphp: Slot [6] registered
[    0.841949] acpiphp: Slot [7] registered
[    0.842139] acpiphp: Slot [8] registered
[    0.842332] acpiphp: Slot [9] registered
[    0.842553] acpiphp: Slot [10] registered
[    0.842752] acpiphp: Slot [11] registered
[    0.842950] acpiphp: Slot [12] registered
[    0.843141] acpiphp: Slot [13] registered
[    0.843354] acpiphp: Slot [14] registered
[    0.843552] acpiphp: Slot [15] registered
[    0.843742] acpiphp: Slot [16] registered
[    0.843928] acpiphp: Slot [17] registered
[    0.844144] acpiphp: Slot [18] registered
[    0.844344] acpiphp: Slot [19] registered
[    0.844535] acpiphp: Slot [20] registered
[    0.844965] acpiphp: Slot [21] registered
[    0.845165] acpiphp: Slot [22] registered
[    0.845360] acpiphp: Slot [23] registered
[    0.845552] acpiphp: Slot [24] registered
[    0.845760] acpiphp: Slot [25] registered
[    0.845952] acpiphp: Slot [26] registered
[    0.846155] acpiphp: Slot [27] registered
[    0.846353] acpiphp: Slot [28] registered
[    0.846575] acpiphp: Slot [29] registered
[    0.846780] acpiphp: Slot [30] registered
[    0.846973] acpiphp: Slot [31] registered
[    0.847335] PCI host bridge to bus 0000:00
[    0.847750] pci_bus 0000:00: root bus resource [io  0x0000-0x0cf7 window]
[    0.848072] pci_bus 0000:00: root bus resource [io  0x0d00-0xffff window]
[    0.848261] pci_bus 0000:00: root bus resource [mem 0x000a0000-0x000bffff window]
[    0.848519] pci_bus 0000:00: root bus resource [mem 0x40000000-0xfebfffff window]
[    0.848729] pci_bus 0000:00: root bus resource [mem 0x100000000-0x17fffffff window]
[    0.849065] pci_bus 0000:00: root bus resource [bus 00-ff]
[    0.850649] pci 0000:00:00.0: [8086:1237] type 00 class 0x060000 conventional PCI endpoint
[    0.856620] pci 0000:00:01.0: [8086:7000] type 00 class 0x060100 conventional PCI endpoint
[    0.857453] pci 0000:00:01.1: [8086:7010] type 00 class 0x010180 conventional PCI endpoint
[    0.859702] pci 0000:00:01.1: BAR 4 [io  0xc0c0-0xc0cf]
[    0.860627] pci 0000:00:01.1: BAR 0 [io  0x01f0-0x01f7]: legacy IDE quirk
[    0.860881] pci 0000:00:01.1: BAR 1 [io  0x03f6]: legacy IDE quirk
[    0.861082] pci 0000:00:01.1: BAR 2 [io  0x0170-0x0177]: legacy IDE quirk
[    0.861328] pci 0000:00:01.1: BAR 3 [io  0x0376]: legacy IDE quirk
[    0.861924] pci 0000:00:01.3: [8086:7113] type 00 class 0x068000 conventional PCI endpoint
[    0.862495] pci 0000:00:01.3: quirk: [io  0x0600-0x063f] claimed by PIIX4 ACPI
[    0.862737] pci 0000:00:01.3: quirk: [io  0x0700-0x070f] claimed by PIIX4 SMB
[    0.863244] pci 0000:00:02.0: [1234:1111] type 00 class 0x030000 conventional PCI endpoint
[    0.864169] pci 0000:00:02.0: BAR 0 [mem 0xfd000000-0xfdffffff pref]
[    0.865688] pci 0000:00:02.0: BAR 2 [mem 0xfebb0000-0xfebb0fff]
[    0.868382] pci 0000:00:02.0: ROM [mem 0xfeba0000-0xfebaffff pref]
[    0.868809] pci 0000:00:02.0: Video device with shadowed ROM at [mem 0x000c0000-0x000dffff]
[    0.871557] pci 0000:00:03.0: [8086:100e] type 00 class 0x020000 conventional PCI endpoint
[    0.872287] pci 0000:00:03.0: BAR 0 [mem 0xfeb80000-0xfeb9ffff]
[    0.872961] pci 0000:00:03.0: BAR 1 [io  0xc080-0xc0bf]
[    0.875269] pci 0000:00:03.0: ROM [mem 0xfeb00000-0xfeb7ffff pref]
[    0.877940] pci 0000:00:04.0: [1af4:1001] type 00 class 0x010000 conventional PCI endpoint
[    0.879224] pci 0000:00:04.0: BAR 0 [io  0xc000-0xc07f]
[    0.880362] pci 0000:00:04.0: BAR 1 [mem 0xfebb1000-0xfebb1fff]
[    0.882782] pci 0000:00:04.0: BAR 4 [mem 0xfe000000-0xfe003fff 64bit pref]
[    0.890155] ACPI: PCI: Interrupt link LNKA configured for IRQ 10
[    0.891504] ACPI: PCI: Interrupt link LNKB configured for IRQ 10
[    0.892047] ACPI: PCI: Interrupt link LNKC configured for IRQ 11
[    0.892551] ACPI: PCI: Interrupt link LNKD configured for IRQ 11
[    0.892892] ACPI: PCI: Interrupt link LNKS configured for IRQ 9
[    0.894761] iommu: Default domain type: Translated
[    0.894956] iommu: DMA domain TLB invalidation policy: lazy mode
[    0.897174] SCSI subsystem initialized
[    0.898499] ACPI: bus type USB registered
[    0.898930] usbcore: registered new interface driver usbfs
[    0.899355] usbcore: registered new interface driver hub
[    0.899631] usbcore: registered new device driver usb
[    0.900051] pps_core: LinuxPPS API ver. 1 registered
[    0.900214] pps_core: Software ver. 5.3.6 - Copyright 2005-2007 Rodolfo Giometti <giometti@linux.it>
[    0.900506] PTP clock support registered
[    0.911384] PCI: Using ACPI for IRQ routing
[    0.913853] hpet: 3 channels of 0 reserved for per-cpu timers
[    0.914286] hpet0: at MMIO 0xfed00000, IRQs 2, 8, 0
[    0.914525] hpet0: 3 comparators, 64-bit 100.000000 MHz counter
[    0.918973] clocksource: Switched to clocksource tsc-early
[    0.918973] pnp: PnP ACPI init
[    0.919817] pnp: PnP ACPI: found 6 devices
[    0.931696] clocksource: acpi_pm: mask: 0xffffff max_cycles: 0xffffff, max_idle_ns: 2085701024 ns
[    0.933418] NET: Registered PF_INET protocol family
[    0.934925] IP idents hash table entries: 16384 (order: 5, 131072 bytes, linear)
[    0.943934] tcp_listen_portaddr_hash hash table entries: 512 (order: 1, 8192 bytes, linear)
[    0.944360] Table-perturb hash table entries: 65536 (order: 6, 262144 bytes, linear)
[    0.944661] TCP established hash table entries: 8192 (order: 4, 65536 bytes, linear)
[    0.945353] TCP bind hash table entries: 8192 (order: 6, 262144 bytes, linear)
[    0.945752] TCP: Hash tables configured (established 8192 bind 8192)
[    0.947603] MPTCP token hash table entries: 1024 (order: 3, 24576 bytes, linear)
[    0.948134] UDP hash table entries: 512 (order: 2, 16384 bytes, linear)
[    0.948510] UDP-Lite hash table entries: 512 (order: 2, 16384 bytes, linear)
[    0.950049] NET: Registered PF_UNIX/PF_LOCAL protocol family
[    0.951110] pci_bus 0000:00: resource 4 [io  0x0000-0x0cf7 window]
[    0.951335] pci_bus 0000:00: resource 5 [io  0x0d00-0xffff window]
[    0.951516] pci_bus 0000:00: resource 6 [mem 0x000a0000-0x000bffff window]
[    0.951707] pci_bus 0000:00: resource 7 [mem 0x40000000-0xfebfffff window]
[    0.951911] pci_bus 0000:00: resource 8 [mem 0x100000000-0x17fffffff window]
[    0.952497] pci 0000:00:01.0: PIIX3: Enabling Passive Release
[    0.952740] pci 0000:00:00.0: Limiting direct PCI/PCI transfers
[    0.953021] PCI: CLS 0 bytes, default 64
[    0.973146] workingset: timestamp_bits=46 max_order=18 bucket_order=0
[    0.984782] squashfs: version 4.0 (2009/01/31) Phillip Lougher
[    0.990090] Block layer SCSI generic (bsg) driver version 0.4 loaded (major 247)
[    0.993217] hv_vmbus: registering driver hyperv_fb
[    0.996365] input: Power Button as /devices/LNXSYSTM:00/LNXPWRBN:00/input/input0
[    1.002736] ACPI: button: Power Button [PWRF]
[    1.120686] ACPI: \_SB_.LNKD: Enabled at IRQ 11
[    1.123932] Serial: 8250/16550 driver, 16 ports, IRQ sharing enabled
[    1.148734] 00:04: ttyS0 at I/O 0x3f8 (irq = 4, base_baud = 115200) is a 16550A
[    1.167717] Non-volatile memory driver v1.3
[    1.168152] Linux agpgart interface v0.103
[    1.168991] ACPI: bus type drm_connector registered
[    1.171489] [drm] Found bochs VGA, ID 0xb0c5.
[    1.171673] [drm] Framebuffer size 16384 kB @ 0xfd000000, mmio @ 0xfebb0000.
[    1.176195] [drm] Found EDID data blob.
[    1.180883] [drm] Initialized bochs-drm 1.0.0 for 0000:00:02.0 on minor 0
[    1.220697] Console: switching to colour frame buffer device 128x48
[    1.227850] bochs-drm 0000:00:02.0: [drm] fb0: bochs-drmdrmfb frame buffer device
[    1.247905] loop: module loaded
[    1.248836] virtio_blk virtio0: 1/0/0 default/read/poll queues
[    1.259058] virtio_blk virtio0: [vda] 2097152 512-byte logical blocks (1.07 GB/1.00 GiB)
[    1.268084]  vda: vda1 vda2
[    1.270341] Guest personality initialized and is inactive
[    1.270888] VMCI host device registered (name=vmci, major=10, minor=256)
[    1.271156] Initialized host personality
[    1.271485] usbcore: registered new interface driver rtsx_usb
[    1.272605] VMware PVSCSI driver - version 1.0.7.0-k
[    1.272907] hv_vmbus: registering driver hv_storvsc
[    1.285692] scsi host0: ata_piix
[    1.288067] scsi host1: ata_piix
[    1.288830] ata1: PATA max MWDMA2 cmd 0x1f0 ctl 0x3f6 bmdma 0xc0c0 irq 14 lpm-pol 0
[    1.289147] ata2: PATA max MWDMA2 cmd 0x170 ctl 0x376 bmdma 0xc0c8 irq 15 lpm-pol 0
[    1.291775] VMware vmxnet3 virtual NIC driver - version 1.9.0.0-k-NAPI
[    1.292328] hv_vmbus: registering driver hv_netvsc
[    1.292639] Fusion MPT base driver 3.04.20
[    1.292805] Copyright (c) 1999-2008 LSI Corporation
[    1.293160] Fusion MPT SPI Host driver 3.04.20
[    1.293585] Fusion MPT SAS Host driver 3.04.20
[    1.295408] usbcore: registered new interface driver usb-storage
[    1.296539] i8042: PNP: PS/2 Controller [PNP0303:KBD,PNP0f13:MOU] at 0x60,0x64 irq 1,12
[    1.302357] serio: i8042 KBD port at 0x60,0x64 irq 1
[    1.304484] serio: i8042 AUX port at 0x60,0x64 irq 12
[    1.306434] hv_vmbus: registering driver hyperv_keyboard
[    1.308681] rtc_cmos 00:05: RTC can wake from S4
[    1.313176] rtc_cmos 00:05: registered as rtc0
[    1.315469] rtc_cmos 00:05: setting system clock to 2026-07-26T04:51:08 UTC (1785041468)
[    1.317721] rtc_cmos 00:05: alarms up to one day, y3k, 242 bytes nvram, hpet irqs
[    1.320140] intel_powerclamp: CPU does not support MWAIT
[    1.322261] amd_pstate: the _CPC object is not present in SBIOS or ACPI disabled
[    1.324372] sdhci: Secure Digital Host Controller Interface driver
[    1.326166] sdhci: Copyright(c) Pierre Ossman
[    1.328358] VUB300 Driver rom wait states = 1C irqpoll timeout = 0400
[    1.333652] input: AT Translated Set 2 keyboard as /devices/platform/i8042/serio0/input/input1
[    1.349989] usbcore: registered new interface driver vub300
[    1.352261] usbcore: registered new interface driver ushc
[    1.358327] hid: raw HID events driver (C) Jiri Kosina
[    1.360541] hv_vmbus: registering driver hid_hyperv
[    1.363186] usbcore: registered new interface driver usbhid
[    1.364980] usbhid: USB HID core driver
[    1.366851] hv_utils: Registering HyperV Utility Driver
[    1.368634] hv_vmbus: registering driver hv_utils
[    1.370368] hv_vmbus: registering driver hv_balloon
[    1.374034] NET: Registered PF_INET6 protocol family
[    1.386118] Segment Routing with IPv6
[    1.388151] In-situ OAM (IOAM) with IPv6
[    1.390288] NET: Registered PF_PACKET protocol family
[    1.392607] bridge: filtering via arp/ip/ip6tables is no longer available by default. Update your scripts to load br_netfilter if you need this.
[    1.399038] 8021q: 802.1Q VLAN Support v1.8
[    1.401460] NET: Registered PF_VSOCK protocol family
[    1.408977] IPI shorthand broadcast: enabled
[    1.423955] sched_clock: Marking stable (1400088827, 21836828)->(1438557699, -16632044)
[    1.481037] clk: Disabling unused clocks
[    1.504165] ata2: found unknown device (class 0)
[    1.511548] ata2.00: ATAPI: QEMU DVD-ROM, 2.5+, max UDMA/100
[    1.525329] scsi 1:0:0:0: CD-ROM            QEMU     QEMU DVD-ROM     2.5+ PQ: 0 ANSI: 5
[    1.593547] sr 1:0:0:0: [sr0] scsi3-mmc drive: 4x/4x cd/rw xa/form2 tray
[    1.652329] cdrom: Uniform CD-ROM driver Revision: 3.20
[    1.703183] VFS: Mounted root (squashfs filesystem) readonly on device 254:2.
[    1.745997] Freeing unused kernel image (initmem) memory: 1496K
[    1.748491] Write protecting the kernel read-only data: 18432k
[    1.752632] Freeing unused kernel image (rodata/data gap) memory: 1540K
[    1.754962] Run /sbin/init as init process
[    2.015741] tsc: Refined TSC clocksource calibration: 2499.937 MHz
[    2.018435] clocksource: tsc: mask: 0xffffffffffffffff max_cycles: 0x2408fe0673d, max_idle_ns: 440795223401 ns
[    2.020826] clocksource: Switched to clocksource tsc
[    2.058834] init: Console is alive
[    2.549819] kmodloader: loading kernel modules from /etc/modules-boot.d/*
[    2.599183] button_hotplug: loading out-of-tree module taints kernel.
[    2.605433] Button Hotplug driver version 0.4.1
[    2.622422] Intel(R) 2.5G Ethernet Linux Driver
[    2.624682] Copyright(c) 2018 Intel Corporation.
[    2.635265] igb: Intel(R) Gigabit Ethernet Network Driver
[    2.637516] igb: Copyright (c) 2007-2014 Intel Corporation.
[    2.648406] e1000e: Intel(R) PRO/1000 Network Driver
[    2.650647] e1000e: Copyright(c) 1999 - 2015 Intel Corporation.
[    2.659517] kmodloader: done loading kernel modules from /etc/modules-boot.d/*
[    2.679228] init: - preinit -
[    5.762286] random: crng init done
Press the [f] key and hit [enter] to enter failsafe mode
Press the [1], [2], [3] or [4] key and hit [enter] to select the debug level
[   10.560521] loop0: detected capacity change from 0 to 212992
[   10.612236] loop0: detected capacity change from 212992 to 199424
[   10.624278] mount_root: overlay filesystem in /dev/loop0 has not been formatted yet
[   10.921098] EXT4-fs (loop0): mounted filesystem cefe4fff-7e01-478f-a6c1-49ea4d8e98ae r/w with ordered data mode. Quota mode: disabled.
[   10.936585] mount_root: overlay filesystem has not been fully initialized yet
[   10.953061] mount_root: switching to ext4 overlay
[   10.971696] overlayfs: null uuid detected in lower fs '/', falling back to xino=off,index=off,nfs_export=off.
[   11.690845] EXT4-fs (vda1): mounted filesystem 84173db5-fa99-e35a-95c6-28613cc79ea9 r/w without journal. Quota mode: disabled.
[   11.715993] urandom-seed: Seed file not found (/etc/urandom.seed)
- generating board file -
[   12.302697] procd: - early -
[   13.027407] procd: - ubus -
[   13.134379] procd: - init -
Please press Enter to activate this console.
[   14.474740] urngd: v1.0.2 started.
[   14.969364] kmodloader: loading kernel modules from /etc/modules.d/*
[   15.008758] e1000: Intel(R) PRO/1000 Network Driver
[   15.011299] e1000: Copyright (c) 1999-2006 Intel Corporation.
[   15.124299] ACPI: \_SB_.LNKC: Enabled at IRQ 10
[   15.434350] e1000 0000:00:03.0 eth0: (PCI:33MHz:32-bit) 52:54:00:12:34:56
[   15.437345] e1000 0000:00:03.0 eth0: Intel(R) PRO/1000 Network Connection
[   15.487143] ixgbe: Intel(R) 10 Gigabit PCI Express Network Driver
[   15.489658] ixgbe: Copyright (c) 1999-2016 Intel Corporation.
[   15.531279] i2c_dev: i2c /dev entries driver
[   15.821351] PPP generic driver version 2.4.2
[   15.854285] NET: Registered PF_PPPOX protocol family
[   16.198195] kmodloader: done loading kernel modules from /etc/modules.d/*
[   28.316437] 8021q: adding VLAN 0 to HW filter on device eth0
[   28.403417] br-lan: port 1(eth0) entered blocking state
[   28.405998] br-lan: port 1(eth0) entered disabled state
[   28.408567] e1000 0000:00:03.0 eth0: entered allmulticast mode
[   28.412787] e1000 0000:00:03.0 eth0: entered promiscuous mode
[   30.412737] e1000: eth0 NIC Link is Up 1000 Mbps Full Duplex, Flow Control: RX
[   30.420878] br-lan: port 1(eth0) entered blocking state
[   30.423300] br-lan: port 1(eth0) entered forwarding state
qemu-system-x86_64: terminating on signal 15 from pid 147365 (timeout)
