[2026-07-26 13:07:42] ========== 5+6. network_test + web_test (final) ==========
[2026-07-26 13:07:42] 方法: 串口控制台配置 DHCP -> SSH 进入 -> HTTP 验证
[2026-07-26 13:07:42] QEMU 命令: qemu-system-x86_64 -m 1024 -display none -serial stdio -drive file=/root/project/installer/output/verify-final/install-target.qcow2,if=virtio,format=qcow2 -netdev user,id=net0,hostfwd=tcp:127.0.0.1:2222-:22,hostfwd=tcp:127.0.0.1:18080-:80 -device virtio-net-pci,netdev=net0
[2026-07-26 13:07:42] QEMU PID: 148922
[2026-07-26 13:07:42] 等待系统启动...
[2026-07-26 13:08:12] 通过串口配置 DHCP...
[2026-07-26 13:08:32] 等待 DHCP 获取地址...
[2026-07-26 13:08:42] SSH 连接成功 (尝试 1)
[2026-07-26 13:08:42] --- ip link ---
[2026-07-26 13:08:42] --- ip addr ---
[2026-07-26 13:08:42] --- ip route ---
[2026-07-26 13:08:43] --- 网卡驱动 (lsmod) ---
[2026-07-26 13:08:43] --- /proc/net/dev ---
[2026-07-26 13:08:43] [PASS] network_test: 网卡 UP
[2026-07-26 13:08:43] [PASS] network_test: 有 IP 地址
[2026-07-26 13:08:43] IP 地址:     inet 10.0.2.15/24 brd 10.0.2.255 scope global br-lan
[2026-07-26 13:08:44] [PASS] network_test: 有默认路由
[2026-07-26 13:08:44] [PASS] network_test: 网卡驱动已加载
[2026-07-26 13:08:44] 
[2026-07-26 13:08:44] --- web_test: 检查 Web 服务 ---
[2026-07-26 13:08:44] [PASS] web_test: Web 服务进程运行中
[2026-07-26 13:08:44] --- HTTP 请求 (curl http://127.0.0.1:18080/) ---
[2026-07-26 13:08:44] HTTP 状态码: 200
[2026-07-26 13:08:44] [PASS] web_test: HTTP 成功 (200)
[2026-07-26 13:08:44] 响应大小: 1061 bytes
[2026-07-26 13:08:44] [PASS] web_test: 内容包含亚象标识
[2026-07-26 13:08:44] --- 端口监听 ---
[2026-07-26 13:08:48] 
[2026-07-26 13:08:48] ==========================================
[2026-07-26 13:08:48] Network+Web 测试完成, 失败项: 0
[2026-07-26 13:08:48] ==========================================
