[H[J[1;1H[?25l[m[H[J[1;1H[2;30HGNU GRUB  version 2.06

[m[4;2H+----------------------------------------------------------------------------+[5;2H|[5;79H|[6;2H|[6;79H|[7;2H|[7;79H|[8;2H|[8;79H|[9;2H|[9;79H|[10;2H|[10;79H|[11;2H|[11;79H|[12;2H|[12;79H|[13;2H|[13;79H|[14;2H|[14;79H|[15;2H|[15;79H|[16;2H|[16;79H|[17;2H+----------------------------------------------------------------------------+[m[18;2H[19;2H[m     Use the ^ and v keys to select which entry is highlighted.          
      Press enter to boot the selected OS, `e' to edit the commands       
      before booting or `c' for a command-line.                           [5;80H [7m[5;3H*Yaxiang OS Installer (Start Installation)                                  [m[5;78H[m[m[6;3H Safe Graphics Mode (Compatibility)                                         [m[6;78H[m[m[7;3H Maintenance Shell                                                          [m[7;78H[m[m[8;3H Reboot                                                                     [m[8;78H[m[m[9;3H Power Off                                                                  [m[9;78H[m[m[10;3H                                                                            [m[10;78H[m[m[11;3H                                                                            [m[11;78H[m[m[12;3H                                                                            [m[12;78H[m[m[13;3H                                                                            [m[13;78H[m[m[14;3H                                                                            [m[14;78H[m[m[15;3H                                                                            [m[15;78H[m[m[16;3H                                                                            [m[16;78H[m[16;80H [5;78H[22;1H   The highlighted entry will be executed automatically in 5s.                 [5;78H[22;1H   The highlighted entry will be executed automatically in 4s.                 [5;78H[22;1H   The highlighted entry will be executed automatically in 3s.                 [5;78H[22;1H   The highlighted entry will be executed automatically in 2s.                 [5;78H[22;1H   The highlighted entry will be executed automatically in 1s.                 [5;78H[22;1H   The highlighted entry will be executed automatically in 0s.                 [5;78H[?25h[H[J[1;1H[H[J[1;1H[    0.000000] Linux version 5.15.0-25-generic (buildd@ubuntu) (gcc (Ubuntu 11.2.0-19ubuntu1) 11.2.0, GNU ld (GNU Binutils for Ubuntu) 2.38) #25-Ubuntu SMP Wed Mar 30 15:54:22 UTC 2022 (Ubuntu 5.15.0-25.25-generic 5.15.30)
[    0.000000] Command line: BOOT_IMAGE=/boot/vmlinuz boot=live console=tty1 console=ttyS0,115200n8
[    0.000000] KERNEL supported cpus:
[    0.000000]   Intel GenuineIntel
[    0.000000]   AMD AuthenticAMD
[    0.000000]   Hygon HygonGenuine
[    0.000000]   Centaur CentaurHauls
[    0.000000]   zhaoxin   Shanghai  
[    0.000000] x86/fpu: x87 FPU will use FXSAVE
[    0.000000] signal: max sigframe size: 1440
[    0.000000] BIOS-provided physical RAM map:
[    0.000000] BIOS-e820: [mem 0x0000000000000000-0x000000000009fbff] usable
[    0.000000] BIOS-e820: [mem 0x000000000009fc00-0x000000000009ffff] reserved
[    0.000000] BIOS-e820: [mem 0x00000000000f0000-0x00000000000fffff] reserved
[    0.000000] BIOS-e820: [mem 0x0000000000100000-0x000000007ffdffff] usable
[    0.000000] BIOS-e820: [mem 0x000000007ffe0000-0x000000007fffffff] reserved
[    0.000000] BIOS-e820: [mem 0x00000000fffc0000-0x00000000ffffffff] reserved
[    0.000000] NX (Execute Disable) protection: active
[    0.000000] SMBIOS 2.8 present.
[    0.000000] DMI: QEMU Standard PC (i440FX + PIIX, 1996), BIOS 1.15.0-1 04/01/2014
[    0.000000] tsc: Fast TSC calibration using PIT
[    0.000000] tsc: Detected 2499.962 MHz processor
[    0.011531] AGP: No AGP bridge found
[    0.011830] last_pfn = 0x7ffe0 max_arch_pfn = 0x400000000
[    0.012817] x86/PAT: Configuration [0-7]: WB  WC  UC- UC  WB  WP  UC- WT  
[    0.029430] found SMP MP-table at [mem 0x000f5ba0-0x000f5baf]
[    0.035097] RAMDISK: [mem 0x3449d000-0x36245fff]
[    0.035578] ACPI: Early table checksum verification disabled
[    0.036087] ACPI: RSDP 0x00000000000F59E0 000014 (v00 BOCHS )
[    0.036418] ACPI: RSDT 0x000000007FFE1905 000034 (v01 BOCHS  BXPC     00000001 BXPC 00000001)
[    0.037175] ACPI: FACP 0x000000007FFE17B9 000074 (v01 BOCHS  BXPC     00000001 BXPC 00000001)
[    0.037947] ACPI: DSDT 0x000000007FFE0040 001779 (v01 BOCHS  BXPC     00000001 BXPC 00000001)
[    0.038057] ACPI: FACS 0x000000007FFE0000 000040
[    0.038133] ACPI: APIC 0x000000007FFE182D 000078 (v01 BOCHS  BXPC     00000001 BXPC 00000001)
[    0.038180] ACPI: HPET 0x000000007FFE18A5 000038 (v01 BOCHS  BXPC     00000001 BXPC 00000001)
[    0.038218] ACPI: WAET 0x000000007FFE18DD 000028 (v01 BOCHS  BXPC     00000001 BXPC 00000001)
[    0.038329] ACPI: Reserving FACP table memory at [mem 0x7ffe17b9-0x7ffe182c]
[    0.038363] ACPI: Reserving DSDT table memory at [mem 0x7ffe0040-0x7ffe17b8]
[    0.038377] ACPI: Reserving FACS table memory at [mem 0x7ffe0000-0x7ffe003f]
[    0.038387] ACPI: Reserving APIC table memory at [mem 0x7ffe182d-0x7ffe18a4]
[    0.038397] ACPI: Reserving HPET table memory at [mem 0x7ffe18a5-0x7ffe18dc]
[    0.038408] ACPI: Reserving WAET table memory at [mem 0x7ffe18dd-0x7ffe1904]
[    0.040842] No NUMA configuration found
[    0.040882] Faking a node at [mem 0x0000000000000000-0x000000007ffdffff]
[    0.041603] NODE_DATA(0) allocated [mem 0x7ffb6000-0x7ffdffff]
[    0.050375] Zone ranges:
[    0.050418]   DMA      [mem 0x0000000000001000-0x0000000000ffffff]
[    0.050515]   DMA32    [mem 0x0000000001000000-0x000000007ffdffff]
[    0.050536]   Normal   empty
[    0.050557]   Device   empty
[    0.050575] Movable zone start for each node
[    0.050611] Early memory node ranges
[    0.050642]   node   0: [mem 0x0000000000001000-0x000000000009efff]
[    0.050782]   node   0: [mem 0x0000000000100000-0x000000007ffdffff]
[    0.051002] Initmem setup node 0 [mem 0x0000000000001000-0x000000007ffdffff]
[    0.051871] On node 0, zone DMA: 1 pages in unavailable ranges
[    0.052195] On node 0, zone DMA: 97 pages in unavailable ranges
[    0.074667] On node 0, zone DMA32: 32 pages in unavailable ranges
[    0.076427] ACPI: PM-Timer IO Port: 0x608
[    0.076936] ACPI: LAPIC_NMI (acpi_id[0xff] dfl dfl lint[0x1])
[    0.077407] IOAPIC[0]: apic_id 0, version 32, address 0xfec00000, GSI 0-23
[    0.077548] ACPI: INT_SRC_OVR (bus 0 bus_irq 0 global_irq 2 dfl dfl)
[    0.077857] ACPI: INT_SRC_OVR (bus 0 bus_irq 5 global_irq 5 high level)
[    0.077902] ACPI: INT_SRC_OVR (bus 0 bus_irq 9 global_irq 9 high level)
[    0.078009] ACPI: INT_SRC_OVR (bus 0 bus_irq 10 global_irq 10 high level)
[    0.078026] ACPI: INT_SRC_OVR (bus 0 bus_irq 11 global_irq 11 high level)
[    0.078243] ACPI: Using ACPI (MADT) for SMP configuration information
[    0.078301] ACPI: HPET id: 0x8086a201 base: 0xfed00000
[    0.078630] smpboot: Allowing 1 CPUs, 0 hotplug CPUs
[    0.079540] PM: hibernation: Registered nosave memory: [mem 0x00000000-0x00000fff]
[    0.079600] PM: hibernation: Registered nosave memory: [mem 0x0009f000-0x0009ffff]
[    0.079628] PM: hibernation: Registered nosave memory: [mem 0x000a0000-0x000effff]
[    0.079640] PM: hibernation: Registered nosave memory: [mem 0x000f0000-0x000fffff]
[    0.079756] [mem 0x80000000-0xfffbffff] available for PCI devices
[    0.079800] Booting paravirtualized kernel on bare hardware
[    0.080156] clocksource: refined-jiffies: mask: 0xffffffff max_cycles: 0xffffffff, max_idle_ns: 7645519600211568 ns
[    0.080760] setup_percpu: NR_CPUS:8192 nr_cpumask_bits:1 nr_cpu_ids:1 nr_node_ids:1
[    0.087034] percpu: Embedded 61 pages/cpu s212992 r8192 d28672 u2097152
[    0.089291] Built 1 zonelists, mobility grouping on.  Total pages: 515808
[    0.089328] Policy zone: DMA32
[    0.089523] Kernel command line: BOOT_IMAGE=/boot/vmlinuz boot=live console=tty1 console=ttyS0,115200n8
[    0.090524] Unknown kernel command line parameters "BOOT_IMAGE=/boot/vmlinuz boot=live", will be passed to user space.
[    0.095515] Dentry cache hash table entries: 262144 (order: 9, 2097152 bytes, linear)
[    0.173152] Inode-cache hash table entries: 131072 (order: 8, 1048576 bytes, linear)
[    0.175174] mem auto-init: stack:off, heap alloc:on, heap free:off
[    0.175496] AGP: Checking aperture...
[    0.176633] AGP: No AGP bridge found
[    0.193704] Memory: 1985988K/2096632K available (16393K kernel code, 4385K rwdata, 10784K rodata, 2952K init, 4796K bss, 110384K reserved, 0K cma-reserved)
[    0.194222] random: get_random_u64 called from kmem_cache_open+0x2b/0x320 with crng_init=0
[    0.200717] SLUB: HWalign=64, Order=0-3, MinObjects=0, CPUs=1, Nodes=1
[    0.202135] ftrace: allocating 50352 entries in 197 pages
[    0.285389] ftrace: allocated 197 pages with 4 groups
[    0.306275] rcu: Hierarchical RCU implementation.
[    0.306361] rcu: 	RCU restricting CPUs from NR_CPUS=8192 to nr_cpu_ids=1.
[    0.306469] 	Rude variant of Tasks RCU enabled.
[    0.306485] 	Tracing variant of Tasks RCU enabled.
[    0.306586] rcu: RCU calculated value of scheduler-enlistment delay is 25 jiffies.
[    0.306621] rcu: Adjusting geometry for rcu_fanout_leaf=16, nr_cpu_ids=1
[    0.332375] NR_IRQS: 524544, nr_irqs: 256, preallocated irqs: 16
[    0.346365] Console: colour VGA+ 80x25
[    0.350263] printk: console [tty1] enabled
[    0.365923] printk: console [ttyS0] enabled
[    0.367366] ACPI: Core revision 20210730
[    0.374848] clocksource: hpet: mask: 0xffffffff max_cycles: 0xffffffff, max_idle_ns: 19112604467 ns
[    0.379005] APIC: Switch to symmetric I/O mode setup
[    0.384111] ..TIMER: vector=0x30 apic1=0 pin1=2 apic2=-1 pin2=-1
[    0.404359] clocksource: tsc-early: mask: 0xffffffffffffffff max_cycles: 0x2409161e88d, max_idle_ns: 440795292548 ns
[    0.405433] Calibrating delay loop (skipped), value calculated using timer frequency.. 4999.92 BogoMIPS (lpj=9999848)
[    0.405989] pid_max: default: 32768 minimum: 301
[    0.406850] LSM: Security Framework initializing
[    0.408005] landlock: Up and running.
[    0.409063] Yama: becoming mindful.
[    0.411302] AppArmor: AppArmor initialized
[    0.413693] Mount-cache hash table entries: 4096 (order: 3, 32768 bytes, linear)
[    0.413966] Mountpoint-cache hash table entries: 4096 (order: 3, 32768 bytes, linear)
[    0.435649] process: using AMD E400 aware idle routine
[    0.436031] Last level iTLB entries: 4KB 512, 2MB 255, 4MB 127
[    0.436221] Last level dTLB entries: 4KB 512, 2MB 255, 4MB 127, 1GB 0
[    0.436647] Spectre V1 : Mitigation: usercopy/swapgs barriers and __user pointer sanitization
[    0.437090] Spectre V2 : Mitigation: Retpolines
[    0.437250] Spectre V2 : Spectre v2 / SpectreRSB mitigation: Filling RSB on context switch
[    0.733202] Freeing SMP alternatives memory: 40K
[    0.856389] smpboot: CPU0: AMD QEMU Virtual CPU version 2.5+ (family: 0xf, model: 0x6b, stepping: 0x1)
[    0.860050] Performance Events: PMU not available due to virtualization, using software events only.
[    0.862343] rcu: Hierarchical SRCU implementation.
[    0.869670] NMI watchdog: Perf NMI watchdog permanently disabled
[    0.873266] smp: Bringing up secondary CPUs ...
[    0.873510] smp: Brought up 1 node, 1 CPU
[    0.873680] smpboot: Max logical packages: 1
[    0.873874] smpboot: Total of 1 processors activated (4999.92 BogoMIPS)
[    0.887302] devtmpfs: initialized
[    0.890580] x86/mm: Memory block size: 128MB
[    0.897346] clocksource: jiffies: mask: 0xffffffff max_cycles: 0xffffffff, max_idle_ns: 7645041785100000 ns
[    0.897813] futex hash table entries: 256 (order: 2, 16384 bytes, linear)
[    0.900881] pinctrl core: initialized pinctrl subsystem
[    0.907468] PM: RTC time: 05:37:20, date: 2026-07-26
[    0.914572] NET: Registered PF_NETLINK/PF_ROUTE protocol family
[    0.919203] DMA: preallocated 256 KiB GFP_KERNEL pool for atomic allocations
[    0.919825] DMA: preallocated 256 KiB GFP_KERNEL|GFP_DMA pool for atomic allocations
[    0.920218] DMA: preallocated 256 KiB GFP_KERNEL|GFP_DMA32 pool for atomic allocations
[    0.920619] audit: initializing netlink subsys (disabled)
[    0.925341] audit: type=2000 audit(1785044240.544:1): state=initialized audit_enabled=0 res=1
[    0.928149] thermal_sys: Registered thermal governor 'fair_share'
[    0.928181] thermal_sys: Registered thermal governor 'bang_bang'
[    0.928374] thermal_sys: Registered thermal governor 'step_wise'
[    0.928538] thermal_sys: Registered thermal governor 'user_space'
[    0.928701] thermal_sys: Registered thermal governor 'power_allocator'
[    0.928999] EISA bus registered
[    0.929462] cpuidle: using governor ladder
[    0.929689] cpuidle: using governor menu
[    0.930813] ACPI: bus type PCI registered
[    0.931055] acpiphp: ACPI Hot Plug PCI Controller Driver version: 0.5
[    0.933686] PCI: Using configuration type 1 for base access
[    0.950660] Kprobes globally optimized
[    0.953634] HugeTLB registered 2.00 MiB page size, pre-allocated 0 pages
[    0.974468] ACPI: Added _OSI(Module Device)
[    0.974666] ACPI: Added _OSI(Processor Device)
[    0.974806] ACPI: Added _OSI(3.0 _SCP Extensions)
[    0.974939] ACPI: Added _OSI(Processor Aggregator Device)
[    0.975160] ACPI: Added _OSI(Linux-Dell-Video)
[    0.975292] ACPI: Added _OSI(Linux-Lenovo-NV-HDMI-Audio)
[    0.975449] ACPI: Added _OSI(Linux-HPI-Hybrid-Graphics)
[    0.998244] ACPI: 1 ACPI AML tables successfully acquired and loaded
[    1.014835] ACPI: Interpreter enabled
[    1.015917] ACPI: PM: (supports S0 S3 S4 S5)
[    1.016105] ACPI: Using IOAPIC for interrupt routing
[    1.016690] PCI: Using host bridge windows from ACPI; if necessary, use "pci=nocrs" and report a bug
[    1.018848] ACPI: Enabled 2 GPEs in block 00 to 0F
[    1.058053] ACPI: PCI Root Bridge [PCI0] (domain 0000 [bus 00-ff])
[    1.058954] acpi PNP0A03:00: _OSC: OS supports [ASPM ClockPM Segments MSI HPX-Type3]
[    1.060011] acpi PNP0A03:00: fail to add MMCONFIG information, can't access extended PCI configuration space under this bridge.
[    1.066116] acpiphp: Slot [3] registered
[    1.066413] acpiphp: Slot [4] registered
[    1.066656] acpiphp: Slot [5] registered
[    1.066896] acpiphp: Slot [6] registered
[    1.067113] acpiphp: Slot [7] registered
[    1.067340] acpiphp: Slot [8] registered
[    1.067583] acpiphp: Slot [9] registered
[    1.067819] acpiphp: Slot [10] registered
[    1.068041] acpiphp: Slot [11] registered
[    1.068251] acpiphp: Slot [12] registered
[    1.068460] acpiphp: Slot [13] registered
[    1.068698] acpiphp: Slot [14] registered
[    1.068927] acpiphp: Slot [15] registered
[    1.069164] acpiphp: Slot [16] registered
[    1.069396] acpiphp: Slot [17] registered
[    1.069623] acpiphp: Slot [18] registered
[    1.069844] acpiphp: Slot [19] registered
[    1.070068] acpiphp: Slot [20] registered
[    1.070295] acpiphp: Slot [21] registered
[    1.070508] acpiphp: Slot [22] registered
[    1.070729] acpiphp: Slot [23] registered
[    1.070962] acpiphp: Slot [24] registered
[    1.071175] acpiphp: Slot [25] registered
[    1.071409] acpiphp: Slot [26] registered
[    1.071638] acpiphp: Slot [27] registered
[    1.071863] acpiphp: Slot [28] registered
[    1.072079] acpiphp: Slot [29] registered
[    1.072287] acpiphp: Slot [30] registered
[    1.072500] acpiphp: Slot [31] registered
[    1.073067] PCI host bridge to bus 0000:00
[    1.073701] pci_bus 0000:00: root bus resource [bus 00-ff]
[    1.073934] pci_bus 0000:00: root bus resource [io  0x0000-0x0cf7 window]
[    1.074217] pci_bus 0000:00: root bus resource [io  0x0d00-0xffff window]
[    1.074405] pci_bus 0000:00: root bus resource [mem 0x000a0000-0x000bffff window]
[    1.074683] pci_bus 0000:00: root bus resource [mem 0x80000000-0xfebfffff window]
[    1.074896] pci_bus 0000:00: root bus resource [mem 0x100000000-0x17fffffff window]
[    1.077167] pci 0000:00:00.0: [8086:1237] type 00 class 0x060000
[    1.087925] pci 0000:00:01.0: [8086:7000] type 00 class 0x060100
[    1.089312] pci 0000:00:01.1: [8086:7010] type 00 class 0x010180
[    1.091290] pci 0000:00:01.1: reg 0x20: [io  0xc040-0xc04f]
[    1.092191] pci 0000:00:01.1: legacy IDE quirk: reg 0x10: [io  0x01f0-0x01f7]
[    1.092468] pci 0000:00:01.1: legacy IDE quirk: reg 0x14: [io  0x03f6]
[    1.092680] pci 0000:00:01.1: legacy IDE quirk: reg 0x18: [io  0x0170-0x0177]
[    1.092893] pci 0000:00:01.1: legacy IDE quirk: reg 0x1c: [io  0x0376]
[    1.094416] pci 0000:00:01.3: [8086:7113] type 00 class 0x068000
[    1.095005] pci 0000:00:01.3: quirk: [io  0x0600-0x063f] claimed by PIIX4 ACPI
[    1.095314] pci 0000:00:01.3: quirk: [io  0x0700-0x070f] claimed by PIIX4 SMB
[    1.097299] pci 0000:00:02.0: [1234:1111] type 00 class 0x030000
[    1.098138] pci 0000:00:02.0: reg 0x10: [mem 0xfd000000-0xfdffffff pref]
[    1.099550] pci 0000:00:02.0: reg 0x18: [mem 0xfebb0000-0xfebb0fff]
[    1.101559] pci 0000:00:02.0: reg 0x30: [mem 0xfeba0000-0xfebaffff pref]
[    1.102051] pci 0000:00:02.0: Video device with shadowed ROM at [mem 0x000c0000-0x000dffff]
[    1.109516] pci 0000:00:03.0: [8086:100e] type 00 class 0x020000
[    1.110148] pci 0000:00:03.0: reg 0x10: [mem 0xfeb80000-0xfeb9ffff]
[    1.110810] pci 0000:00:03.0: reg 0x14: [io  0xc000-0xc03f]
[    1.112687] pci 0000:00:03.0: reg 0x30: [mem 0xfeb00000-0xfeb7ffff pref]
[    1.123913] ACPI: PCI: Interrupt link LNKA configured for IRQ 10
[    1.125227] ACPI: PCI: Interrupt link LNKB configured for IRQ 10
[    1.126257] ACPI: PCI: Interrupt link LNKC configured for IRQ 11
[    1.127258] ACPI: PCI: Interrupt link LNKD configured for IRQ 11
[    1.128080] ACPI: PCI: Interrupt link LNKS configured for IRQ 9
[    1.131158] iommu: Default domain type: Translated 
[    1.131394] iommu: DMA domain TLB invalidation policy: lazy mode 
[    1.134442] SCSI subsystem initialized
[    1.138358] pci 0000:00:02.0: vgaarb: setting as boot VGA device
[    1.138637] pci 0000:00:02.0: vgaarb: VGA device added: decodes=io+mem,owns=io+mem,locks=none
[    1.138946] pci 0000:00:02.0: vgaarb: bridge control possible
[    1.139255] vgaarb: loaded
[    1.140079] ACPI: bus type USB registered
[    1.140486] usbcore: registered new interface driver usbfs
[    1.140904] usbcore: registered new interface driver hub
[    1.141180] usbcore: registered new device driver usb
[    1.141716] pps_core: LinuxPPS API ver. 1 registered
[    1.141884] pps_core: Software ver. 5.3.6 - Copyright 2005-2007 Rodolfo Giometti <giometti@linux.it>
[    1.142181] PTP clock support registered
[    1.142996] EDAC MC: Ver: 3.0.0
[    1.151523] NetLabel: Initializing
[    1.151674] NetLabel:  domain hash size = 128
[    1.151817] NetLabel:  protocols = UNLABELED CIPSOv4 CALIPSO
[    1.152768] NetLabel:  unlabeled traffic allowed by default
[    1.153711] PCI: Using ACPI for IRQ routing
[    1.156168] hpet: 3 channels of 0 reserved for per-cpu timers
[    1.156595] hpet0: at MMIO 0xfed00000, IRQs 2, 8, 0
[    1.156822] hpet0: 3 comparators, 64-bit 100.000000 MHz counter
[    1.160927] clocksource: Switched to clocksource tsc-early
[    1.226728] VFS: Disk quotas dquot_6.6.0
[    1.227136] VFS: Dquot-cache hash table entries: 512 (order 0, 4096 bytes)
[    1.242827] AppArmor: AppArmor Filesystem Enabled
[    1.243428] pnp: PnP ACPI init
[    1.249204] pnp: PnP ACPI: found 6 devices
[    1.267161] clocksource: acpi_pm: mask: 0xffffff max_cycles: 0xffffff, max_idle_ns: 2085701024 ns
[    1.268327] NET: Registered PF_INET protocol family
[    1.269425] IP idents hash table entries: 32768 (order: 6, 262144 bytes, linear)
[    1.279506] tcp_listen_portaddr_hash hash table entries: 1024 (order: 2, 16384 bytes, linear)
[    1.279977] TCP established hash table entries: 16384 (order: 5, 131072 bytes, linear)
[    1.280506] TCP bind hash table entries: 16384 (order: 6, 262144 bytes, linear)
[    1.281031] TCP: Hash tables configured (established 16384 bind 16384)
[    1.282997] MPTCP token hash table entries: 2048 (order: 3, 49152 bytes, linear)
[    1.283517] UDP hash table entries: 1024 (order: 3, 32768 bytes, linear)
[    1.283958] UDP-Lite hash table entries: 1024 (order: 3, 32768 bytes, linear)
[    1.285769] NET: Registered PF_UNIX/PF_LOCAL protocol family
[    1.286266] NET: Registered PF_XDP protocol family
[    1.287340] pci_bus 0000:00: resource 4 [io  0x0000-0x0cf7 window]
[    1.287650] pci_bus 0000:00: resource 5 [io  0x0d00-0xffff window]
[    1.287844] pci_bus 0000:00: resource 6 [mem 0x000a0000-0x000bffff window]
[    1.288034] pci_bus 0000:00: resource 7 [mem 0x80000000-0xfebfffff window]
[    1.288213] pci_bus 0000:00: resource 8 [mem 0x100000000-0x17fffffff window]
[    1.289049] pci 0000:00:01.0: PIIX3: Enabling Passive Release
[    1.289317] pci 0000:00:00.0: Limiting direct PCI/PCI transfers
[    1.289537] pci 0000:00:01.0: Activating ISA DMA hang workarounds
[    1.289801] PCI: CLS 0 bytes, default 64
[    1.293858] Trying to unpack rootfs image as initramfs...
[    1.305726] Initialise system trusted keyrings
[    1.307546] Key type blacklist registered
[    1.310127] workingset: timestamp_bits=36 max_order=19 bucket_order=0
[    1.327588] zbud: loaded
[    1.334645] squashfs: version 4.0 (2009/01/31) Phillip Lougher
[    1.341739] fuse: init (API version 7.34)
[    1.345778] integrity: Platform Keyring initialized
[    1.389128] Key type asymmetric registered
[    1.389400] Asymmetric key parser 'x509' registered
[    1.389894] Block layer SCSI generic (bsg) driver version 0.4 loaded (major 243)
[    1.390941] io scheduler mq-deadline registered
[    1.393591] shpchp: Standard Hot Plug PCI Controller Driver version: 0.4
[    1.401094] input: Power Button as /devices/LNXSYSTM:00/LNXPWRBN:00/input/input0
[    1.406273] ACPI: button: Power Button [PWRF]
[    1.413511] Serial: 8250/16550 driver, 32 ports, IRQ sharing enabled
[    1.461592] 00:04: ttyS0 at I/O 0x3f8 (irq = 4, base_baud = 115200) is a 16550A
[    1.495375] Linux agpgart interface v0.103
[    1.530864] loop: module loaded
[    1.553791] scsi host0: ata_piix
[    1.561293] scsi host1: ata_piix
[    1.561904] ata1: PATA max MWDMA2 cmd 0x1f0 ctl 0x3f6 bmdma 0xc040 irq 14
[    1.562215] ata2: PATA max MWDMA2 cmd 0x170 ctl 0x376 bmdma 0xc048 irq 15
[    1.568072] tun: Universal TUN/TAP device driver, 1.6
[    1.568772] PPP generic driver version 2.4.2
[    1.570110] VFIO - User Level meta-driver version: 0.3
[    1.571338] ehci_hcd: USB 2.0 'Enhanced' Host Controller (EHCI) Driver
[    1.571698] ehci-pci: EHCI PCI platform driver
[    1.572004] ehci-platform: EHCI generic platform driver
[    1.572248] ohci_hcd: USB 1.1 'Open' Host Controller (OHCI) Driver
[    1.572497] ohci-pci: OHCI PCI platform driver
[    1.572785] ohci-platform: OHCI generic platform driver
[    1.573029] uhci_hcd: USB Universal Host Controller Interface driver
[    1.578363] i8042: PNP: PS/2 Controller [PNP0303:KBD,PNP0f13:MOU] at 0x60,0x64 irq 1,12
[    1.585564] serio: i8042 KBD port at 0x60,0x64 irq 1
[    1.585941] serio: i8042 AUX port at 0x60,0x64 irq 12
[    1.587553] mousedev: PS/2 mouse device common for all mice
[    1.590616] input: AT Translated Set 2 keyboard as /devices/platform/i8042/serio0/input/input1
[    1.592334] rtc_cmos 00:05: RTC can wake from S4
[    1.599190] rtc_cmos 00:05: registered as rtc0
[    1.599813] rtc_cmos 00:05: setting system clock to 2026-07-26T05:37:21 UTC (1785044241)
[    1.600691] rtc_cmos 00:05: alarms up to one day, y3k, 242 bytes nvram, hpet irqs
[    1.601038] i2c_dev: i2c /dev entries driver
[    1.601875] device-mapper: core: CONFIG_IMA_DISABLE_HTABLE is disabled. Duplicate IMA measurements will not be recorded in the IMA log.
[    1.602448] device-mapper: uevent: version 1.0.3
[    1.609493] device-mapper: ioctl: 4.45.0-ioctl (2021-03-22) initialised: dm-devel@redhat.com
[    1.610042] platform eisa.0: Probing EISA bus 0
[    1.610382] platform eisa.0: EISA: Cannot allocate resource for mainboard
[    1.610653] platform eisa.0: Cannot allocate resource for EISA slot 1
[    1.610859] platform eisa.0: Cannot allocate resource for EISA slot 2
[    1.611047] platform eisa.0: Cannot allocate resource for EISA slot 3
[    1.611224] platform eisa.0: Cannot allocate resource for EISA slot 4
[    1.611410] platform eisa.0: Cannot allocate resource for EISA slot 5
[    1.611583] platform eisa.0: Cannot allocate resource for EISA slot 6
[    1.611762] platform eisa.0: Cannot allocate resource for EISA slot 7
[    1.611940] platform eisa.0: Cannot allocate resource for EISA slot 8
[    1.612124] platform eisa.0: EISA: Detected 0 cards
[    1.612591] ledtrig-cpu: registered to indicate activity on CPUs
[    1.613785] drop_monitor: Initializing network drop monitor service
[    1.615334] NET: Registered PF_INET6 protocol family
[    1.732924] ata2.00: ATAPI: QEMU DVD-ROM, 2.5+, max UDMA/100
[    1.747061] scsi 1:0:0:0: CD-ROM            QEMU     QEMU DVD-ROM     2.5+ PQ: 0 ANSI: 5
[    1.761565] sr 1:0:0:0: [sr0] scsi3-mmc drive: 4x/4x cd/rw xa/form2 tray
[    1.762045] cdrom: Uniform CD-ROM driver Revision: 3.20
[    1.797290] sr 1:0:0:0: Attached scsi generic sg0 type 5
[    1.823653] Freeing initrd memory: 30372K
[    1.836819] Segment Routing with IPv6
[    1.837327] In-situ OAM (IOAM) with IPv6
[    1.837876] NET: Registered PF_PACKET protocol family
[    1.838704] Key type dns_resolver registered
[    1.840999] IPI shorthand broadcast: enabled
[    1.841627] sched_clock: Marking stable (1803473426, 37722278)->(1847447072, -6251368)
[    1.844153] registered taskstats version 1
[    1.844779] Loading compiled-in X.509 certificates
[    1.855303] Loaded X.509 cert 'Build time autogenerated kernel key: c887ab1fa6442665629113512b4db089a7808038'
[    1.857586] Loaded X.509 cert 'Canonical Ltd. Live Patch Signing: 14df34d1a87cf37625abec039ef2bf521249b969'
[    1.859361] Loaded X.509 cert 'Canonical Ltd. Kernel Module Signing: 88f752e560a1e0737e31163a466ad7b70a850c19'
[    1.859686] blacklist: Loading compiled-in revocation X.509 certificates
[    1.860973] Loaded X.509 cert 'Canonical Ltd. Secure Boot Signing: 61482aa2830d0ab2ad5af10b7250da9033ddcef0'
[    1.862655] zswap: loaded using pool lzo/zbud
[    1.865038] Key type ._fscrypt registered
[    1.865412] Key type .fscrypt registered
[    1.865555] Key type fscrypt-provisioning registered
[    1.870993] Key type encrypted registered
[    1.871227] AppArmor: AppArmor sha1 policy hashing enabled
[    1.871762] ima: No TPM chip found, activating TPM-bypass!
[    1.872004] Loading compiled-in module X.509 certificates
[    1.873891] Loaded X.509 cert 'Build time autogenerated kernel key: c887ab1fa6442665629113512b4db089a7808038'
[    1.874253] ima: Allocated hash algorithm: sha1
[    1.875991] ima: No architecture policies found
[    1.876621] evm: Initialising EVM extended attributes:
[    1.876829] evm: security.selinux
[    1.876976] evm: security.SMACK64
[    1.877208] evm: security.SMACK64EXEC
[    1.877329] evm: security.SMACK64TRANSMUTE
[    1.877444] evm: security.SMACK64MMAP
[    1.877548] evm: security.apparmor
[    1.877648] evm: security.ima
[    1.877741] evm: security.capability
[    1.877860] evm: HMAC attrs: 0x1
[    1.880333] PM:   Magic number: 2:71:619
[    1.883740] powernow_k8: Power state transitions not supported
[    1.884840] RAS: Correctable Errors collector initialized.
[    1.900212] Freeing unused decrypted memory: 2036K
[    1.948055] Freeing unused kernel image (initmem) memory: 2952K
[    1.948599] Write protecting the kernel read-only data: 30720k
[    1.951514] Freeing unused kernel image (text/rodata gap) memory: 2036K
[    1.952940] Freeing unused kernel image (rodata/data gap) memory: 1504K
[    2.110383] x86/mm: Checked W+X mappings: passed, no W+X pages found.
[    2.111015] Run /init as init process
[    2.329398] tsc: Refined TSC clocksource calibration: 2499.937 MHz
[    2.329840] clocksource: tsc: mask: 0xffffffffffffffff max_cycles: 0x2408fe0673d, max_idle_ns: 440795223401 ns
[    2.330271] clocksource: Switched to clocksource tsc

==========================================
  亚象网络操作系统 Live 环境
  Yaxiang OS Installer
==========================================

[LIVE] 检测到的块设备:
  loop0 (sectors=0)
  loop1 (sectors=0)
  loop2 (sectors=0)
  loop3 (sectors=0)
  loop4 (sectors=0)
  loop5 (sectors=0)
  loop6 (sectors=0)
  loop7 (sectors=0)
  sr0 (sectors=1225416)


BusyBox v1.30.1 (Ubuntu 1:1.30.1-7ubuntu3.1) built-in shell (ash)
Enter 'help' for a list of built-in commands.
[    4.603440] random: fast init done

/bin/sh: can't access tty; job control turned off
/ # [6nqemu-system-x86_64: terminating on signal 15 from pid 151719 (timeout)
