Formatting '/root/project/installer/output/final-release-verification/install-target.qcow2', fmt=qcow2 cluster_size=65536 extended_l2=off compression_type=zlib size=1073741824 lazy_refcounts=off refcount_bits=16
image: /root/project/installer/output/final-release-verification/install-target.qcow2
file format: qcow2
virtual size: 1 GiB (1073741824 bytes)
disk size: 196 KiB
cluster_size: 65536
Format specific information:
    compat: 1.1
    compression type: zlib
    lazy refcounts: false
    refcount bits: 16
    corrupt: false
    extended l2: false
78459 blocks
78461 blocks
[    0.000000] Linux version 5.15.0-25-generic (buildd@ubuntu) (gcc (Ubuntu 11.2.0-19ubuntu1) 11.2.0, GNU ld (GNU Binutils for Ubuntu) 2.38) #25-Ubuntu SMP Wed Mar 30 15:54:22 UTC 2022 (Ubuntu 5.15.0-25.25-generic 5.15.30)
[    0.000000] Command line: console=ttyS0,115200n8
[    0.000000] KERNEL supported cpus:
[    0.000000]   Intel GenuineIntel
[    0.000000]   AMD AuthenticAMD
[    0.000000]   Hygon HygonGenuine
[    0.000000]   Centaur CentaurHauls
[    0.000000]   zhaoxin   Shanghai  
[    0.000000] x86/fpu: x87 FPU will use FXSAVE
[    0.000000] signal: max sigframe size: 1440
[    0.000000] BIOS-provided physical RAM map:
[    0.000000] BIOS-e820: [mem 0x0000000000000000-0x000000000009fbff] usable
[    0.000000] BIOS-e820: [mem 0x000000000009fc00-0x000000000009ffff] reserved
[    0.000000] BIOS-e820: [mem 0x00000000000f0000-0x00000000000fffff] reserved
[    0.000000] BIOS-e820: [mem 0x0000000000100000-0x000000007ffdcfff] usable
[    0.000000] BIOS-e820: [mem 0x000000007ffdd000-0x000000007fffffff] reserved
[    0.000000] BIOS-e820: [mem 0x00000000fffc0000-0x00000000ffffffff] reserved
[    0.000000] NX (Execute Disable) protection: active
[    0.000000] SMBIOS 2.8 present.
[    0.000000] DMI: QEMU Standard PC (i440FX + PIIX, 1996), BIOS 1.15.0-1 04/01/2014
[    0.000000] tsc: Fast TSC calibration using PIT
[    0.000000] tsc: Detected 2499.955 MHz processor
[    0.011660] AGP: No AGP bridge found
[    0.011950] last_pfn = 0x7ffdd max_arch_pfn = 0x400000000
[    0.012947] x86/PAT: Configuration [0-7]: WB  WC  UC- UC  WB  WP  UC- WT  
[    0.029010] found SMP MP-table at [mem 0x000f5b90-0x000f5b9f]
[    0.035138] RAMDISK: [mem 0x7e227000-0x7ffcffff]
[    0.035599] ACPI: Early table checksum verification disabled
[    0.036456] ACPI: RSDP 0x00000000000F59D0 000014 (v00 BOCHS )
[    0.036787] ACPI: RSDT 0x000000007FFE190C 000034 (v01 BOCHS  BXPC     00000001 BXPC 00000001)
[    0.037525] ACPI: FACP 0x000000007FFE17C0 000074 (v01 BOCHS  BXPC     00000001 BXPC 00000001)
[    0.038281] ACPI: DSDT 0x000000007FFE0040 001780 (v01 BOCHS  BXPC     00000001 BXPC 00000001)
[    0.038386] ACPI: FACS 0x000000007FFE0000 000040
[    0.038458] ACPI: APIC 0x000000007FFE1834 000078 (v01 BOCHS  BXPC     00000001 BXPC 00000001)
[    0.038499] ACPI: HPET 0x000000007FFE18AC 000038 (v01 BOCHS  BXPC     00000001 BXPC 00000001)
[    0.038537] ACPI: WAET 0x000000007FFE18E4 000028 (v01 BOCHS  BXPC     00000001 BXPC 00000001)
[    0.038653] ACPI: Reserving FACP table memory at [mem 0x7ffe17c0-0x7ffe1833]
[    0.038687] ACPI: Reserving DSDT table memory at [mem 0x7ffe0040-0x7ffe17bf]
[    0.038701] ACPI: Reserving FACS table memory at [mem 0x7ffe0000-0x7ffe003f]
[    0.038712] ACPI: Reserving APIC table memory at [mem 0x7ffe1834-0x7ffe18ab]
[    0.038721] ACPI: Reserving HPET table memory at [mem 0x7ffe18ac-0x7ffe18e3]
[    0.038731] ACPI: Reserving WAET table memory at [mem 0x7ffe18e4-0x7ffe190b]
[    0.041140] No NUMA configuration found
[    0.041179] Faking a node at [mem 0x0000000000000000-0x000000007ffdcfff]
[    0.041907] NODE_DATA(0) allocated [mem 0x7e1fd000-0x7e226fff]
[    0.046661] Zone ranges:
[    0.046704]   DMA      [mem 0x0000000000001000-0x0000000000ffffff]
[    0.046801]   DMA32    [mem 0x0000000001000000-0x000000007ffdcfff]
[    0.046821]   Normal   empty
[    0.046841]   Device   empty
[    0.046858] Movable zone start for each node
[    0.046893] Early memory node ranges
[    0.046924]   node   0: [mem 0x0000000000001000-0x000000000009efff]
[    0.047065]   node   0: [mem 0x0000000000100000-0x000000007ffdcfff]
[    0.047281] Initmem setup node 0 [mem 0x0000000000001000-0x000000007ffdcfff]
[    0.048498] On node 0, zone DMA: 1 pages in unavailable ranges
[    0.048792] On node 0, zone DMA: 97 pages in unavailable ranges
[    0.075778] On node 0, zone DMA32: 35 pages in unavailable ranges
[    0.076429] ACPI: PM-Timer IO Port: 0x608
[    0.076931] ACPI: LAPIC_NMI (acpi_id[0xff] dfl dfl lint[0x1])
[    0.077413] IOAPIC[0]: apic_id 0, version 32, address 0xfec00000, GSI 0-23
[    0.077549] ACPI: INT_SRC_OVR (bus 0 bus_irq 0 global_irq 2 dfl dfl)
[    0.077864] ACPI: INT_SRC_OVR (bus 0 bus_irq 5 global_irq 5 high level)
[    0.077908] ACPI: INT_SRC_OVR (bus 0 bus_irq 9 global_irq 9 high level)
[    0.078012] ACPI: INT_SRC_OVR (bus 0 bus_irq 10 global_irq 10 high level)
[    0.078029] ACPI: INT_SRC_OVR (bus 0 bus_irq 11 global_irq 11 high level)
[    0.078245] ACPI: Using ACPI (MADT) for SMP configuration information
[    0.078301] ACPI: HPET id: 0x8086a201 base: 0xfed00000
[    0.078648] smpboot: Allowing 1 CPUs, 0 hotplug CPUs
[    0.079592] PM: hibernation: Registered nosave memory: [mem 0x00000000-0x00000fff]
[    0.079651] PM: hibernation: Registered nosave memory: [mem 0x0009f000-0x0009ffff]
[    0.079678] PM: hibernation: Registered nosave memory: [mem 0x000a0000-0x000effff]
[    0.079690] PM: hibernation: Registered nosave memory: [mem 0x000f0000-0x000fffff]
[    0.079801] [mem 0x80000000-0xfffbffff] available for PCI devices
[    0.079845] Booting paravirtualized kernel on bare hardware
[    0.080204] clocksource: refined-jiffies: mask: 0xffffffff max_cycles: 0xffffffff, max_idle_ns: 7645519600211568 ns
[    0.080824] setup_percpu: NR_CPUS:8192 nr_cpumask_bits:1 nr_cpu_ids:1 nr_node_ids:1
[    0.087612] percpu: Embedded 61 pages/cpu s212992 r8192 d28672 u2097152
[    0.089912] Built 1 zonelists, mobility grouping on.  Total pages: 515805
[    0.089947] Policy zone: DMA32
[    0.090140] Kernel command line: console=ttyS0,115200n8
[    0.095982] Dentry cache hash table entries: 262144 (order: 9, 2097152 bytes, linear)
[    0.098494] Inode-cache hash table entries: 131072 (order: 8, 1048576 bytes, linear)
[    0.100416] mem auto-init: stack:off, heap alloc:on, heap free:off
[    0.100719] AGP: Checking aperture...
[    0.101826] AGP: No AGP bridge found
[    0.118813] Memory: 1985976K/2096620K available (16393K kernel code, 4385K rwdata, 10784K rodata, 2952K init, 4796K bss, 110384K reserved, 0K cma-reserved)
[    0.119325] random: get_random_u64 called from kmem_cache_open+0x2b/0x320 with crng_init=0
[    0.126181] SLUB: HWalign=64, Order=0-3, MinObjects=0, CPUs=1, Nodes=1
[    0.127625] ftrace: allocating 50352 entries in 197 pages
[    0.208226] ftrace: allocated 197 pages with 4 groups
[    0.217429] rcu: Hierarchical RCU implementation.
[    0.217500] rcu: 	RCU restricting CPUs from NR_CPUS=8192 to nr_cpu_ids=1.
[    0.217602] 	Rude variant of Tasks RCU enabled.
[    0.217613] 	Tracing variant of Tasks RCU enabled.
[    0.217712] rcu: RCU calculated value of scheduler-enlistment delay is 25 jiffies.
[    0.217746] rcu: Adjusting geometry for rcu_fanout_leaf=16, nr_cpu_ids=1
[    0.243267] NR_IRQS: 524544, nr_irqs: 256, preallocated irqs: 16
[    0.257445] Console: colour VGA+ 80x25
[    0.273016] printk: console [ttyS0] enabled
[    0.274399] ACPI: Core revision 20210730
[    0.280155] clocksource: hpet: mask: 0xffffffff max_cycles: 0xffffffff, max_idle_ns: 19112604467 ns
[    0.284247] APIC: Switch to symmetric I/O mode setup
[    0.289228] ..TIMER: vector=0x30 apic1=0 pin1=2 apic2=-1 pin2=-1
[    0.309593] clocksource: tsc-early: mask: 0xffffffffffffffff max_cycles: 0x24090f762ef, max_idle_ns: 440795304516 ns
[    0.310668] Calibrating delay loop (skipped), value calculated using timer frequency.. 4999.91 BogoMIPS (lpj=9999820)
[    0.311163] pid_max: default: 32768 minimum: 301
[    0.312006] LSM: Security Framework initializing
[    0.313146] landlock: Up and running.
[    0.313281] Yama: becoming mindful.
[    0.317197] AppArmor: AppArmor initialized
[    0.318729] Mount-cache hash table entries: 4096 (order: 3, 32768 bytes, linear)
[    0.318954] Mountpoint-cache hash table entries: 4096 (order: 3, 32768 bytes, linear)
[    0.338014] process: using AMD E400 aware idle routine
[    0.338414] Last level iTLB entries: 4KB 512, 2MB 255, 4MB 127
[    0.338567] Last level dTLB entries: 4KB 512, 2MB 255, 4MB 127, 1GB 0
[    0.338969] Spectre V1 : Mitigation: usercopy/swapgs barriers and __user pointer sanitization
[    0.339297] Spectre V2 : Mitigation: Retpolines
[    0.339415] Spectre V2 : Spectre v2 / SpectreRSB mitigation: Filling RSB on context switch
[    0.636760] Freeing SMP alternatives memory: 40K
[    0.758236] smpboot: CPU0: AMD QEMU Virtual CPU version 2.5+ (family: 0xf, model: 0x6b, stepping: 0x1)
[    0.760913] Performance Events: PMU not available due to virtualization, using software events only.
[    0.763120] rcu: Hierarchical SRCU implementation.
[    0.769557] NMI watchdog: Perf NMI watchdog permanently disabled
[    0.773957] smp: Bringing up secondary CPUs ...
[    0.774180] smp: Brought up 1 node, 1 CPU
[    0.774387] smpboot: Max logical packages: 1
[    0.774562] smpboot: Total of 1 processors activated (4999.91 BogoMIPS)
[    0.787155] devtmpfs: initialized
[    0.790206] x86/mm: Memory block size: 128MB
[    0.796608] clocksource: jiffies: mask: 0xffffffff max_cycles: 0xffffffff, max_idle_ns: 7645041785100000 ns
[    0.797005] futex hash table entries: 256 (order: 2, 16384 bytes, linear)
[    0.799961] pinctrl core: initialized pinctrl subsystem
[    0.806669] PM: RTC time: 05:41:12, date: 2026-07-26
[    0.813437] NET: Registered PF_NETLINK/PF_ROUTE protocol family
[    0.816717] DMA: preallocated 256 KiB GFP_KERNEL pool for atomic allocations
[    0.817350] DMA: preallocated 256 KiB GFP_KERNEL|GFP_DMA pool for atomic allocations
[    0.817689] DMA: preallocated 256 KiB GFP_KERNEL|GFP_DMA32 pool for atomic allocations
[    0.818072] audit: initializing netlink subsys (disabled)
[    0.822518] audit: type=2000 audit(1785044472.536:1): state=initialized audit_enabled=0 res=1
[    0.824937] thermal_sys: Registered thermal governor 'fair_share'
[    0.824966] thermal_sys: Registered thermal governor 'bang_bang'
[    0.825124] thermal_sys: Registered thermal governor 'step_wise'
[    0.825274] thermal_sys: Registered thermal governor 'user_space'
[    0.825409] thermal_sys: Registered thermal governor 'power_allocator'
[    0.825643] EISA bus registered
[    0.826013] cpuidle: using governor ladder
[    0.826662] cpuidle: using governor menu
[    0.827687] ACPI: bus type PCI registered
[    0.827892] acpiphp: ACPI Hot Plug PCI Controller Driver version: 0.5
[    0.830889] PCI: Using configuration type 1 for base access
[    0.847666] Kprobes globally optimized
[    0.850550] HugeTLB registered 2.00 MiB page size, pre-allocated 0 pages
[    0.871304] ACPI: Added _OSI(Module Device)
[    0.871477] ACPI: Added _OSI(Processor Device)
[    0.871600] ACPI: Added _OSI(3.0 _SCP Extensions)
[    0.871708] ACPI: Added _OSI(Processor Aggregator Device)
[    0.871901] ACPI: Added _OSI(Linux-Dell-Video)
[    0.872008] ACPI: Added _OSI(Linux-Lenovo-NV-HDMI-Audio)
[    0.872135] ACPI: Added _OSI(Linux-HPI-Hybrid-Graphics)
[    0.893664] ACPI: 1 ACPI AML tables successfully acquired and loaded
[    0.909711] ACPI: Interpreter enabled
[    0.910746] ACPI: PM: (supports S0 S3 S4 S5)
[    0.910908] ACPI: Using IOAPIC for interrupt routing
[    0.911452] PCI: Using host bridge windows from ACPI; if necessary, use "pci=nocrs" and report a bug
[    0.913379] ACPI: Enabled 2 GPEs in block 00 to 0F
[    0.949913] ACPI: PCI Root Bridge [PCI0] (domain 0000 [bus 00-ff])
[    0.950690] acpi PNP0A03:00: _OSC: OS supports [ASPM ClockPM Segments MSI HPX-Type3]
[    0.951979] acpi PNP0A03:00: fail to add MMCONFIG information, can't access extended PCI configuration space under this bridge.
[    0.958014] acpiphp: Slot [3] registered
[    0.958346] acpiphp: Slot [4] registered
[    0.958554] acpiphp: Slot [5] registered
[    0.958762] acpiphp: Slot [6] registered
[    0.958956] acpiphp: Slot [7] registered
[    0.959188] acpiphp: Slot [8] registered
[    0.959383] acpiphp: Slot [9] registered
[    0.959596] acpiphp: Slot [10] registered
[    0.959786] acpiphp: Slot [11] registered
[    0.959981] acpiphp: Slot [12] registered
[    0.960173] acpiphp: Slot [13] registered
[    0.960402] acpiphp: Slot [14] registered
[    0.960599] acpiphp: Slot [15] registered
[    0.960785] acpiphp: Slot [16] registered
[    0.960978] acpiphp: Slot [17] registered
[    0.961171] acpiphp: Slot [18] registered
[    0.961358] acpiphp: Slot [19] registered
[    0.961550] acpiphp: Slot [20] registered
[    0.961752] acpiphp: Slot [21] registered
[    0.961952] acpiphp: Slot [22] registered
[    0.962145] acpiphp: Slot [23] registered
[    0.962367] acpiphp: Slot [24] registered
[    0.962578] acpiphp: Slot [25] registered
[    0.962769] acpiphp: Slot [26] registered
[    0.962994] acpiphp: Slot [27] registered
[    0.963191] acpiphp: Slot [28] registered
[    0.963378] acpiphp: Slot [29] registered
[    0.963576] acpiphp: Slot [30] registered
[    0.963766] acpiphp: Slot [31] registered
[    0.964184] PCI host bridge to bus 0000:00
[    0.964806] pci_bus 0000:00: root bus resource [bus 00-ff]
[    0.965004] pci_bus 0000:00: root bus resource [io  0x0000-0x0cf7 window]
[    0.965253] pci_bus 0000:00: root bus resource [io  0x0d00-0xffff window]
[    0.965412] pci_bus 0000:00: root bus resource [mem 0x000a0000-0x000bffff window]
[    0.965635] pci_bus 0000:00: root bus resource [mem 0x80000000-0xfebfffff window]
[    0.965811] pci_bus 0000:00: root bus resource [mem 0x100000000-0x17fffffff window]
[    0.968104] pci 0000:00:00.0: [8086:1237] type 00 class 0x060000
[    0.978179] pci 0000:00:01.0: [8086:7000] type 00 class 0x060100
[    0.979523] pci 0000:00:01.1: [8086:7010] type 00 class 0x010180
[    0.981609] pci 0000:00:01.1: reg 0x20: [io  0xc0c0-0xc0cf]
[    0.982483] pci 0000:00:01.1: legacy IDE quirk: reg 0x10: [io  0x01f0-0x01f7]
[    0.982706] pci 0000:00:01.1: legacy IDE quirk: reg 0x14: [io  0x03f6]
[    0.982888] pci 0000:00:01.1: legacy IDE quirk: reg 0x18: [io  0x0170-0x0177]
[    0.983075] pci 0000:00:01.1: legacy IDE quirk: reg 0x1c: [io  0x0376]
[    0.984589] pci 0000:00:01.3: [8086:7113] type 00 class 0x068000
[    0.985086] pci 0000:00:01.3: quirk: [io  0x0600-0x063f] claimed by PIIX4 ACPI
[    0.985290] pci 0000:00:01.3: quirk: [io  0x0700-0x070f] claimed by PIIX4 SMB
[    0.987256] pci 0000:00:02.0: [1234:1111] type 00 class 0x030000
[    0.988111] pci 0000:00:02.0: reg 0x10: [mem 0xfd000000-0xfdffffff pref]
[    0.989579] pci 0000:00:02.0: reg 0x18: [mem 0xfebb0000-0xfebb0fff]
[    0.991469] pci 0000:00:02.0: reg 0x30: [mem 0xfeba0000-0xfebaffff pref]
[    0.991912] pci 0000:00:02.0: Video device with shadowed ROM at [mem 0x000c0000-0x000dffff]
[    0.999186] pci 0000:00:03.0: [8086:100e] type 00 class 0x020000
[    0.999782] pci 0000:00:03.0: reg 0x10: [mem 0xfeb80000-0xfeb9ffff]
[    1.000358] pci 0000:00:03.0: reg 0x14: [io  0xc080-0xc0bf]
[    1.002766] pci 0000:00:03.0: reg 0x30: [mem 0xfeb00000-0xfeb7ffff pref]
[    1.009301] pci 0000:00:04.0: [1af4:1001] type 00 class 0x010000
[    1.010263] pci 0000:00:04.0: reg 0x10: [io  0xc000-0xc07f]
[    1.010999] pci 0000:00:04.0: reg 0x14: [mem 0xfebb1000-0xfebb1fff]
[    1.012856] pci 0000:00:04.0: reg 0x20: [mem 0xfe000000-0xfe003fff 64bit pref]
[    1.027531] ACPI: PCI: Interrupt link LNKA configured for IRQ 10
[    1.028763] ACPI: PCI: Interrupt link LNKB configured for IRQ 10
[    1.029735] ACPI: PCI: Interrupt link LNKC configured for IRQ 11
[    1.030765] ACPI: PCI: Interrupt link LNKD configured for IRQ 11
[    1.031291] ACPI: PCI: Interrupt link LNKS configured for IRQ 9
[    1.034041] iommu: Default domain type: Translated 
[    1.034266] iommu: DMA domain TLB invalidation policy: lazy mode 
[    1.037134] SCSI subsystem initialized
[    1.040793] pci 0000:00:02.0: vgaarb: setting as boot VGA device
[    1.041042] pci 0000:00:02.0: vgaarb: VGA device added: decodes=io+mem,owns=io+mem,locks=none
[    1.041286] pci 0000:00:02.0: vgaarb: bridge control possible
[    1.041530] vgaarb: loaded
[    1.042352] ACPI: bus type USB registered
[    1.042703] usbcore: registered new interface driver usbfs
[    1.043076] usbcore: registered new interface driver hub
[    1.043334] usbcore: registered new device driver usb
[    1.043823] pps_core: LinuxPPS API ver. 1 registered
[    1.043961] pps_core: Software ver. 5.3.6 - Copyright 2005-2007 Rodolfo Giometti <giometti@linux.it>
[    1.044225] PTP clock support registered
[    1.044981] EDAC MC: Ver: 3.0.0
[    1.053355] NetLabel: Initializing
[    1.053487] NetLabel:  domain hash size = 128
[    1.053597] NetLabel:  protocols = UNLABELED CIPSOv4 CALIPSO
[    1.054546] NetLabel:  unlabeled traffic allowed by default
[    1.055398] PCI: Using ACPI for IRQ routing
[    1.057643] hpet: 3 channels of 0 reserved for per-cpu timers
[    1.058026] hpet0: at MMIO 0xfed00000, IRQs 2, 8, 0
[    1.058267] hpet0: 3 comparators, 64-bit 100.000000 MHz counter
[    1.063406] clocksource: Switched to clocksource tsc-early
[    1.133824] VFS: Disk quotas dquot_6.6.0
[    1.134143] VFS: Dquot-cache hash table entries: 512 (order 0, 4096 bytes)
[    1.149653] AppArmor: AppArmor Filesystem Enabled
[    1.150216] pnp: PnP ACPI init
[    1.155448] pnp: PnP ACPI: found 6 devices
[    1.173308] clocksource: acpi_pm: mask: 0xffffff max_cycles: 0xffffff, max_idle_ns: 2085701024 ns
[    1.174414] NET: Registered PF_INET protocol family
[    1.175424] IP idents hash table entries: 32768 (order: 6, 262144 bytes, linear)
[    1.186255] tcp_listen_portaddr_hash hash table entries: 1024 (order: 2, 16384 bytes, linear)
[    1.186643] TCP established hash table entries: 16384 (order: 5, 131072 bytes, linear)
[    1.187122] TCP bind hash table entries: 16384 (order: 6, 262144 bytes, linear)
[    1.187465] TCP: Hash tables configured (established 16384 bind 16384)
[    1.189147] MPTCP token hash table entries: 2048 (order: 3, 49152 bytes, linear)
[    1.189618] UDP hash table entries: 1024 (order: 3, 32768 bytes, linear)
[    1.190001] UDP-Lite hash table entries: 1024 (order: 3, 32768 bytes, linear)
[    1.191342] NET: Registered PF_UNIX/PF_LOCAL protocol family
[    1.191773] NET: Registered PF_XDP protocol family
[    1.193064] pci_bus 0000:00: resource 4 [io  0x0000-0x0cf7 window]
[    1.193248] pci_bus 0000:00: resource 5 [io  0x0d00-0xffff window]
[    1.193391] pci_bus 0000:00: resource 6 [mem 0x000a0000-0x000bffff window]
[    1.193561] pci_bus 0000:00: resource 7 [mem 0x80000000-0xfebfffff window]
[    1.193715] pci_bus 0000:00: resource 8 [mem 0x100000000-0x17fffffff window]
[    1.194452] pci 0000:00:01.0: PIIX3: Enabling Passive Release
[    1.194686] pci 0000:00:00.0: Limiting direct PCI/PCI transfers
[    1.194877] pci 0000:00:01.0: Activating ISA DMA hang workarounds
[    1.195124] PCI: CLS 0 bytes, default 64
[    1.198952] Trying to unpack rootfs image as initramfs...
[    1.209866] Initialise system trusted keyrings
[    1.211547] Key type blacklist registered
[    1.217315] workingset: timestamp_bits=36 max_order=19 bucket_order=0
[    1.231558] zbud: loaded
[    1.238434] squashfs: version 4.0 (2009/01/31) Phillip Lougher
[    1.245735] fuse: init (API version 7.34)
[    1.249558] integrity: Platform Keyring initialized
[    1.293057] Key type asymmetric registered
[    1.293270] Asymmetric key parser 'x509' registered
[    1.293701] Block layer SCSI generic (bsg) driver version 0.4 loaded (major 243)
[    1.294728] io scheduler mq-deadline registered
[    1.297793] shpchp: Standard Hot Plug PCI Controller Driver version: 0.4
[    1.309059] input: Power Button as /devices/LNXSYSTM:00/LNXPWRBN:00/input/input0
[    1.312278] ACPI: button: Power Button [PWRF]
[    1.807806] Freeing initrd memory: 30372K
[    1.859431] ACPI: \_SB_.LNKD: Enabled at IRQ 11
[    1.863233] Serial: 8250/16550 driver, 32 ports, IRQ sharing enabled
[    1.886893] 00:04: ttyS0 at I/O 0x3f8 (irq = 4, base_baud = 115200) is a 16550A
[    1.902426] Linux agpgart interface v0.103
[    1.923095] loop: module loaded
[    1.931910] scsi host0: ata_piix
[    1.934065] scsi host1: ata_piix
[    1.934675] ata1: PATA max MWDMA2 cmd 0x1f0 ctl 0x3f6 bmdma 0xc0c0 irq 14
[    1.934940] ata2: PATA max MWDMA2 cmd 0x170 ctl 0x376 bmdma 0xc0c8 irq 15
[    1.940379] tun: Universal TUN/TAP device driver, 1.6
[    1.941040] PPP generic driver version 2.4.2
[    1.941855] VFIO - User Level meta-driver version: 0.3
[    1.943133] ehci_hcd: USB 2.0 'Enhanced' Host Controller (EHCI) Driver
[    1.943455] ehci-pci: EHCI PCI platform driver
[    1.943746] ehci-platform: EHCI generic platform driver
[    1.943957] ohci_hcd: USB 1.1 'Open' Host Controller (OHCI) Driver
[    1.944177] ohci-pci: OHCI PCI platform driver
[    1.944431] ohci-platform: OHCI generic platform driver
[    1.944641] uhci_hcd: USB Universal Host Controller Interface driver
[    1.945761] i8042: PNP: PS/2 Controller [PNP0303:KBD,PNP0f13:MOU] at 0x60,0x64 irq 1,12
[    1.948738] serio: i8042 KBD port at 0x60,0x64 irq 1
[    1.949082] serio: i8042 AUX port at 0x60,0x64 irq 12
[    1.950693] mousedev: PS/2 mouse device common for all mice
[    1.953456] input: AT Translated Set 2 keyboard as /devices/platform/i8042/serio0/input/input1
[    1.955202] rtc_cmos 00:05: RTC can wake from S4
[    1.960702] rtc_cmos 00:05: registered as rtc0
[    1.961368] rtc_cmos 00:05: setting system clock to 2026-07-26T05:41:14 UTC (1785044474)
[    1.962364] rtc_cmos 00:05: alarms up to one day, y3k, 242 bytes nvram, hpet irqs
[    1.962684] i2c_dev: i2c /dev entries driver
[    1.963168] device-mapper: core: CONFIG_IMA_DISABLE_HTABLE is disabled. Duplicate IMA measurements will not be recorded in the IMA log.
[    1.963683] device-mapper: uevent: version 1.0.3
[    1.964529] device-mapper: ioctl: 4.45.0-ioctl (2021-03-22) initialised: dm-devel@redhat.com
[    1.964995] platform eisa.0: Probing EISA bus 0
[    1.965298] platform eisa.0: EISA: Cannot allocate resource for mainboard
[    1.965537] platform eisa.0: Cannot allocate resource for EISA slot 1
[    1.965705] platform eisa.0: Cannot allocate resource for EISA slot 2
[    1.965858] platform eisa.0: Cannot allocate resource for EISA slot 3
[    1.966003] platform eisa.0: Cannot allocate resource for EISA slot 4
[    1.966151] platform eisa.0: Cannot allocate resource for EISA slot 5
[    1.966446] platform eisa.0: Cannot allocate resource for EISA slot 6
[    1.966621] platform eisa.0: Cannot allocate resource for EISA slot 7
[    1.966772] platform eisa.0: Cannot allocate resource for EISA slot 8
[    1.966934] platform eisa.0: EISA: Detected 0 cards
[    1.967359] ledtrig-cpu: registered to indicate activity on CPUs
[    1.968401] drop_monitor: Initializing network drop monitor service
[    1.972507] NET: Registered PF_INET6 protocol family
[    1.993640] Segment Routing with IPv6
[    1.993990] In-situ OAM (IOAM) with IPv6
[    1.994630] NET: Registered PF_PACKET protocol family
[    1.995392] Key type dns_resolver registered
[    1.997308] IPI shorthand broadcast: enabled
[    1.997646] sched_clock: Marking stable (1962183913, 32118957)->(1998769190, -4466320)
[    2.000386] registered taskstats version 1
[    2.000928] Loading compiled-in X.509 certificates
[    2.012661] Loaded X.509 cert 'Build time autogenerated kernel key: c887ab1fa6442665629113512b4db089a7808038'
[    2.014882] Loaded X.509 cert 'Canonical Ltd. Live Patch Signing: 14df34d1a87cf37625abec039ef2bf521249b969'
[    2.016560] Loaded X.509 cert 'Canonical Ltd. Kernel Module Signing: 88f752e560a1e0737e31163a466ad7b70a850c19'
[    2.016843] blacklist: Loading compiled-in revocation X.509 certificates
[    2.018103] Loaded X.509 cert 'Canonical Ltd. Secure Boot Signing: 61482aa2830d0ab2ad5af10b7250da9033ddcef0'
[    2.019862] zswap: loaded using pool lzo/zbud
[    2.022229] Key type ._fscrypt registered
[    2.022568] Key type .fscrypt registered
[    2.022686] Key type fscrypt-provisioning registered
[    2.028059] Key type encrypted registered
[    2.028243] AppArmor: AppArmor sha1 policy hashing enabled
[    2.028733] ima: No TPM chip found, activating TPM-bypass!
[    2.028943] Loading compiled-in module X.509 certificates
[    2.030830] Loaded X.509 cert 'Build time autogenerated kernel key: c887ab1fa6442665629113512b4db089a7808038'
[    2.031139] ima: Allocated hash algorithm: sha1
[    2.032834] ima: No architecture policies found
[    2.033447] evm: Initialising EVM extended attributes:
[    2.033610] evm: security.selinux
[    2.033709] evm: security.SMACK64
[    2.033793] evm: security.SMACK64EXEC
[    2.033875] evm: security.SMACK64TRANSMUTE
[    2.033967] evm: security.SMACK64MMAP
[    2.034049] evm: security.apparmor
[    2.034125] evm: security.ima
[    2.034205] evm: security.capability
[    2.034413] evm: HMAC attrs: 0x1
[    2.036873] PM:   Magic number: 2:621:669
[    2.040324] powernow_k8: Power state transitions not supported
[    2.041376] RAS: Correctable Errors collector initialized.
[    2.101952] ata2.00: ATAPI: QEMU DVD-ROM, 2.5+, max UDMA/100
[    2.112570] scsi 1:0:0:0: CD-ROM            QEMU     QEMU DVD-ROM     2.5+ PQ: 0 ANSI: 5
[    2.116854] sr 1:0:0:0: [sr0] scsi3-mmc drive: 4x/4x cd/rw xa/form2 tray
[    2.117261] cdrom: Uniform CD-ROM driver Revision: 3.20
[    2.148736] sr 1:0:0:0: Attached scsi generic sg0 type 5
[    2.159143] Freeing unused decrypted memory: 2036K
[    2.206185] Freeing unused kernel image (initmem) memory: 2952K
[    2.206785] Write protecting the kernel read-only data: 30720k
[    2.209477] Freeing unused kernel image (text/rodata gap) memory: 2036K
[    2.210966] Freeing unused kernel image (rodata/data gap) memory: 1504K
[    2.366610] x86/mm: Checked W+X mappings: passed, no W+X pages found.
[    2.367020] tsc: Refined TSC clocksource calibration: 2499.940 MHz
[    2.367300] clocksource: tsc: mask: 0xffffffffffffffff max_cycles: 0x2409013208f, max_idle_ns: 440795224731 ns
[    2.368180] clocksource: Switched to clocksource tsc
[    2.368606] Run /init as init process
[BOOT] Yaxiang OS Installer init
[BOOT] Loading storage drivers...
[    2.551850] virtio_blk virtio0: [vda] 2097152 512-byte logical blocks (1.07 GB/1.00 GiB)
modprobe: module virtio_pci not found in modules.dep
modprobe: module sd_mod not found in modules.dep
modprobe: module sr_mod not found in modules.dep
[BOOT] Block devices:
  /dev/loop0 sectors=0 (0MB)
  /dev/loop1 sectors=0 (0MB)
  /dev/loop2 sectors=0 (0MB)
  /dev/loop3 sectors=0 (0MB)
  /dev/loop4 sectors=0 (0MB)
  /dev/loop5 sectors=0 (0MB)
  /dev/loop6 sectors=0 (0MB)
  /dev/loop7 sectors=0 (0MB)
  /dev/sr0 sectors=1225416 (598MB)
  /dev/vda sectors=2097152 (1024MB)
[BOOT] Mounting CD-ROM...
mount: mounting /dev/sr0 on /cdrom failed: No such device
mount: mounting /dev/cdrom on /cdrom failed: No such device
[    5.909815] random: fast init done
[BOOT] WARNING: CD-ROM images not found, using initrd bundled images
[AUTO-INSTALL] Starting installation to /dev/vda...

========================================
  磁盘扫描结果 (共 1 块可用磁盘)
========================================

  编号 设备       容量   型号               传输   分区 占用  
  ------------------------------------------------------------------------
  [1]  /dev/vda     1.0G     未知               virtio   0    否     


----------------------------------------
  磁盘选择与身份确认
----------------------------------------


您选择的磁盘:

  设备路径:     /dev/vda
  Major:Minor:  252:0
  型号:         未知
  容量:         1.0G (1073741824 字节)
  序列号:       无
  传输类型:     virtio
  只读状态:     可写
  分区数量:     0
  文件系统:     无
  挂载点:       未挂载
  占用状态:     否
  身份哈希:     6bd5427f1b440242...

========================================
  [第一次确认]
  您即将选定 /dev/vda 作为安装目标。
  此操作在当前阶段不会写入任何数据。

  请输入大写 Y 确认 (区分大小写):
========================================

[通过] 第一次确认成功。

========================================
  [第二次确认]
  请再次输入磁盘编号以确认选择: /dev/vda
========================================

[通过] 第二次确认成功。

正在重新扫描磁盘以核对设备身份...

========================================

目标磁盘身份确认通过。
即将开始写入亚象网络操作系统。

========================================

  已确认磁盘: /dev/vda
  身份哈希:   6bd5427f1b440242be2316659e917e97...

输入 INSTALL 开始写入：
输入其他内容取消：

[确认] 开始写入流程...

正在校验系统镜像...
正在确认目标磁盘...
正在写入系统...
0+3856 records in
0+3856 records out
正在同步磁盘缓存...
正在重新读取分区表...
[   25.526151]  vda: vda1 vda2
正在校验安装结果...
  [1/10] 获取镜像解压字节数...
  [2/10] 计算源镜像 SHA256 (完整 126353408 字节)...
  [3/10] 从目标磁盘读取 126353408 字节...
  [4/10] 比对完整哈希...
  完整字节哈希校验通过
  [5/10] 检查分区表...
  [6/10] 检查预期分区...
  [7/10] 确认设备身份...
  [8/10] 识别系统分区...
  [9/10] 检查亚象系统标识...
  [10/10] 校验汇总...
  写后校验全部通过 (9 项)

========================================
  亚象网络操作系统安装成功
========================================
  目标磁盘: /dev/vda
  镜像: combined.img.gz
  启动模式: Legacy BIOS
========================================


[AUTO-INSTALL-RESULT] exit_code=0
[AUTO-INSTALL-SUCCESS]
[PARTITION-TABLE-AFTER-INSTALL]
Disk /dev/vda: 1024 MB, 1073741824 bytes, 2097152 sectors
2080 cylinders, 16 heads, 63 sectors/track
Units: sectors of 1 * 512 = 512 bytes

Device  Boot StartCHS    EndCHS        StartLBA     EndLBA    Sectors  Size Id Type
/dev/vda1 *  0,8,9       33,0,16            512      33279      32768 16.0M 83 Linux
/dev/vda2    33,8,25     244,13,13        33792     246783     212992  104M 83 Linux
[END-PARTITION-TABLE]
[INSTALL-LOG-BEGIN]
[2026-07-26 05:41:19] ==========================================
[2026-07-26 05:41:19] 亚象安装器 镜像写入模块 V0.2-dev
[2026-07-26 05:41:19] ==========================================
[2026-07-26 05:41:19] 启动模式: Legacy BIOS
[2026-07-26 05:41:19] 镜像路径: /opt/yaxiang-installer/combined.img.gz
[2026-07-26 05:41:19] 测试模式: 目标 /dev/vda 在允许清单中
[2026-07-26 05:41:19] 运行环境: 亚象 Live 系统
[2026-07-26 05:41:19] 镜像文件存在: /opt/yaxiang-installer/combined.img.gz (12.5M)
[2026-07-26 05:41:19] 正在校验系统镜像...
[2026-07-26 05:41:22] gzip 完整性校验通过
[2026-07-26 05:41:22] SHA256 校验通过: 59dd3c9dbbcdb8d9164de0cbe99a59f8...
[2026-07-26 05:41:32] 镜像解压大小: 126353408 字节
[2026-07-26 05:41:32] 正在确认目标磁盘...
[2026-07-26 05:41:32] 身份哈希验证通过: 6bd5427f1b440242be2316659e917e97...
[2026-07-26 05:41:32] 容量检查通过: 磁盘 1073741824 字节 >= 镜像 126353408 字节
[2026-07-26 05:41:32] 目标设备安全检查全部通过: /dev/vda
[2026-07-26 05:41:32] 正在写入系统...
[2026-07-26 05:41:32] 写入命令: gzip -dc /opt/yaxiang-installer/combined.img.gz | dd of=/dev/vda bs=16M status=progress conv=fsync
[2026-07-26 05:41:32] 写入开始时间: 2026-07-26 05:41:32
[2026-07-26 05:41:38] 写入结束时间: 2026-07-26 05:41:38
[2026-07-26 05:41:38] 写入耗时: 6 秒
[2026-07-26 05:41:38] 正在同步磁盘缓存...
[2026-07-26 05:41:38] sync 完成
[2026-07-26 05:41:38] 正在重新读取分区表...
[2026-07-26 05:41:38] 分区表重新读取完成
[2026-07-26 05:41:38] 写入流程完成
[2026-07-26 05:41:38] 正在校验安装结果...
[2026-07-26 05:41:38] [verifier] ==========================================
[2026-07-26 05:41:38] [verifier] 写后校验开始 V0.2-dev
[2026-07-26 05:41:38] [verifier] 目标: /dev/vda
[2026-07-26 05:41:38] [verifier] 镜像: /opt/yaxiang-installer/combined.img.gz
[2026-07-26 05:41:38] [verifier] ==========================================
[2026-07-26 05:41:38] [verifier]   [1/10] 获取镜像解压字节数...
[2026-07-26 05:41:38] [verifier]   镜像解压大小: 126353408 字节
[2026-07-26 05:41:38] [verifier]   [2/10] 计算源镜像 SHA256 (完整 126353408 字节)...
[2026-07-26 05:41:46] [verifier]   源镜像 SHA256: d0a3b2d7b7857dc050da2fff09be714d...
[2026-07-26 05:41:46] [verifier]   [3/10] 从目标磁盘读取 126353408 字节...
[2026-07-26 05:41:51] [verifier]   目标磁盘 SHA256: d0a3b2d7b7857dc050da2fff09be714d...
[2026-07-26 05:41:51] [verifier]   [4/10] 比对完整哈希...
[2026-07-26 05:41:51] [verifier]   完整字节哈希一致: d0a3b2d7b7857dc050da2fff09be714d...
[2026-07-26 05:41:51] [verifier]   完整字节哈希校验通过
[2026-07-26 05:41:51] [verifier]   [5/10] 检查分区表...
[2026-07-26 05:41:51] [verifier]   分区表可读取
[2026-07-26 05:41:51] [verifier]   [6/10] 检查预期分区...
[2026-07-26 05:41:52] [verifier]   检测到 2 个分区
[2026-07-26 05:41:52] [verifier]   [7/10] 确认设备身份...
[2026-07-26 05:41:52] [verifier]   设备身份未变
[2026-07-26 05:41:52] [verifier]   [8/10] 识别系统分区...
[2026-07-26 05:41:53] [verifier]   未识别到文件系统 (QEMU 内可能无 blkid)
[2026-07-26 05:41:53] [verifier]   [9/10] 检查亚象系统标识...
[2026-07-26 05:41:53] [verifier]   警告: 未检测到亚象标识 (可能位于更深偏移)
[2026-07-26 05:41:53] [verifier]   [10/10] 校验汇总...
[2026-07-26 05:41:53] [verifier]   通过: 9, 失败: 0
[2026-07-26 05:41:53] [verifier] 写后校验结果: 全部通过
[2026-07-26 05:41:53] 最终状态: 安装成功
[2026-07-26 05:41:53] ==========================================
[INSTALL-LOG-END]
[POWERING-OFF]
[   43.050747] ACPI: PM: Preparing to enter system sleep state S5
[   43.051617] reboot: Power down
image: /root/project/installer/output/final-release-verification/install-target.qcow2
file format: qcow2
virtual size: 1 GiB (1073741824 bytes)
disk size: 121 MiB
cluster_size: 65536
Format specific information:
    compat: 1.1
    compression type: zlib
    lazy refcounts: false
    refcount bits: 16
    corrupt: false
    extended l2: false
