[H[J[1;1H[?25l[m[H[J[1;1H[2;30HGNU GRUB  version 2.12

[m[4;2H+----------------------------------------------------------------------------+[5;2H|[5;79H|[6;2H|[6;79H|[7;2H|[7;79H|[8;2H|[8;79H|[9;2H|[9;79H|[10;2H|[10;79H|[11;2H|[11;79H|[12;2H|[12;79H|[13;2H|[13;79H|[14;2H|[14;79H|[15;2H|[15;79H|[16;2H+----------------------------------------------------------------------------+[m[17;2H[18;2H[m     Use the ^ and v keys to select which entry is highlighted.          
      Press enter to boot the selected OS, `e' to edit the commands       
      before booting or `c' for a command-line. ESC to return             
      previous menu.                                                      [5;80H [7m[5;3H*OpenWrt                                                                    [m[5;78H[m[m[6;3H OpenWrt (failsafe)                                                         [m[6;78H[m[m[7;3H                                                                            [m[7;78H[m[m[8;3H                                                                            [m[8;78H[m[m[9;3H                                                                            [m[9;78H[m[m[10;3H                                                                            [m[10;78H[m[m[11;3H                                                                            [m[11;78H[m[m[12;3H                                                                            [m[12;78H[m[m[13;3H                                                                            [m[13;78H[m[m[14;3H                                                                            [m[14;78H[m[m[15;3H                                                                            [m[15;78H[m[15;80H [5;78H[22;1H   The highlighted entry will be executed automatically in 5s.                 [5;78H[22;1H   The highlighted entry will be executed automatically in 4s.                 [5;78H[22;1H   The highlighted entry will be executed automatically in 3s.                 [5;78H[22;1H   The highlighted entry will be executed automatically in 2s.                 [5;78H[22;1H   The highlighted entry will be executed automatically in 1s.                 [5;78H[22;1H   The highlighted entry will be executed automatically in 0s.                 [5;78H[?25h[H[J[1;1H[H[J[1;1H  Booting `OpenWrt'

[    0.000000] Linux version 6.12.94 (builder@buildhost) (x86_64-openwrt-linux-musl-gcc (OpenWrt GCC 14.3.0 r33051-f5dae5ece4) 14.3.0, GNU ld (GNU Binutils) 2.44) #0 SMP Mon Jun 29 12:59:20 2026
[    0.000000] Command line: BOOT_IMAGE=/boot/vmlinuz root=PARTUUID=682d2ae8-02 rootwait console=tty1 console=ttyS0,115200n8 noinitrd
[    0.000000] BIOS-provided physical RAM map:
[    0.000000] BIOS-e820: [mem 0x0000000000000000-0x000000000009fbff] usable
[    0.000000] BIOS-e820: [mem 0x000000000009fc00-0x000000000009ffff] reserved
[    0.000000] BIOS-e820: [mem 0x00000000000f0000-0x00000000000fffff] reserved
[    0.000000] BIOS-e820: [mem 0x0000000000100000-0x000000003ffdcfff] usable
[    0.000000] BIOS-e820: [mem 0x000000003ffdd000-0x000000003fffffff] reserved
[    0.000000] BIOS-e820: [mem 0x00000000fffc0000-0x00000000ffffffff] reserved
[    0.000000] NX (Execute Disable) protection: active
[    0.000000] APIC: Static calls initialized
[    0.000000] SMBIOS 2.8 present.
[    0.000000] DMI: QEMU Standard PC (i440FX + PIIX, 1996), BIOS 1.15.0-1 04/01/2014
[    0.000000] DMI: Memory slots populated: 1/1
[    0.000000] AGP: No AGP bridge found
[    0.000000] last_pfn = 0x3ffdd max_arch_pfn = 0x400000000
[    0.000000] MTRR map: 4 entries (3 fixed + 1 variable; max 19), built from 8 variable MTRRs
[    0.000000] x86/PAT: Configuration [0-7]: WB  WC  UC- UC  WB  WP  UC- WT  
[    0.000000] found SMP MP-table at [mem 0x000f5b90-0x000f5b9f]
[    0.000000] ACPI: Early table checksum verification disabled
[    0.000000] ACPI: RSDP 0x00000000000F59D0 000014 (v00 BOCHS )
[    0.000000] ACPI: RSDT 0x000000003FFE190C 000034 (v01 BOCHS  BXPC     00000001 BXPC 00000001)
[    0.000000] ACPI: FACP 0x000000003FFE17C0 000074 (v01 BOCHS  BXPC     00000001 BXPC 00000001)
[    0.000000] ACPI: DSDT 0x000000003FFE0040 001780 (v01 BOCHS  BXPC     00000001 BXPC 00000001)
[    0.000000] ACPI: FACS 0x000000003FFE0000 000040
[    0.000000] ACPI: APIC 0x000000003FFE1834 000078 (v01 BOCHS  BXPC     00000001 BXPC 00000001)
[    0.000000] ACPI: HPET 0x000000003FFE18AC 000038 (v01 BOCHS  BXPC     00000001 BXPC 00000001)
[    0.000000] ACPI: WAET 0x000000003FFE18E4 000028 (v01 BOCHS  BXPC     00000001 BXPC 00000001)
[    0.000000] ACPI: Reserving FACP table memory at [mem 0x3ffe17c0-0x3ffe1833]
[    0.000000] ACPI: Reserving DSDT table memory at [mem 0x3ffe0040-0x3ffe17bf]
[    0.000000] ACPI: Reserving FACS table memory at [mem 0x3ffe0000-0x3ffe003f]
[    0.000000] ACPI: Reserving APIC table memory at [mem 0x3ffe1834-0x3ffe18ab]
[    0.000000] ACPI: Reserving HPET table memory at [mem 0x3ffe18ac-0x3ffe18e3]
[    0.000000] ACPI: Reserving WAET table memory at [mem 0x3ffe18e4-0x3ffe190b]
[    0.000000] Zone ranges:
[    0.000000]   DMA      [mem 0x0000000000001000-0x0000000000ffffff]
[    0.000000]   DMA32    [mem 0x0000000001000000-0x000000003ffdcfff]
[    0.000000]   Normal   empty
[    0.000000] Movable zone start for each node
[    0.000000] Early memory node ranges
[    0.000000]   node   0: [mem 0x0000000000001000-0x000000000009efff]
[    0.000000]   node   0: [mem 0x0000000000100000-0x000000003ffdcfff]
[    0.000000] Initmem setup node 0 [mem 0x0000000000001000-0x000000003ffdcfff]
[    0.000000] On node 0, zone DMA: 1 pages in unavailable ranges
[    0.000000] On node 0, zone DMA: 97 pages in unavailable ranges
[    0.000000] On node 0, zone DMA32: 35 pages in unavailable ranges
[    0.000000] ACPI: PM-Timer IO Port: 0x608
[    0.000000] ACPI: LAPIC_NMI (acpi_id[0xff] dfl dfl lint[0x1])
[    0.000000] IOAPIC[0]: apic_id 0, version 32, address 0xfec00000, GSI 0-23
[    0.000000] ACPI: INT_SRC_OVR (bus 0 bus_irq 0 global_irq 2 dfl dfl)
[    0.000000] ACPI: INT_SRC_OVR (bus 0 bus_irq 5 global_irq 5 high level)
[    0.000000] ACPI: INT_SRC_OVR (bus 0 bus_irq 9 global_irq 9 high level)
[    0.000000] ACPI: INT_SRC_OVR (bus 0 bus_irq 10 global_irq 10 high level)
[    0.000000] ACPI: INT_SRC_OVR (bus 0 bus_irq 11 global_irq 11 high level)
[    0.000000] ACPI: Using ACPI (MADT) for SMP configuration information
[    0.000000] ACPI: HPET id: 0x8086a201 base: 0xfed00000
[    0.000000] CPU topo: Max. logical packages:   1
[    0.000000] CPU topo: Max. logical dies:       1
[    0.000000] CPU topo: Max. dies per package:   1
[    0.000000] CPU topo: Max. threads per core:   1
[    0.000000] CPU topo: Num. cores per package:     1
[    0.000000] CPU topo: Num. threads per package:   1
[    0.000000] CPU topo: Allowing 1 present CPUs plus 0 hotplug CPUs
[    0.000000] [mem 0x40000000-0xfffbffff] available for PCI devices
[    0.000000] Booting paravirtualized kernel on bare hardware
[    0.000000] clocksource: refined-jiffies: mask: 0xffffffff max_cycles: 0xffffffff, max_idle_ns: 19112604462750000 ns
[    0.000000] setup_percpu: NR_CPUS:512 nr_cpumask_bits:1 nr_cpu_ids:1 nr_node_ids:1
[    0.000000] percpu: Embedded 48 pages/cpu s158680 r8192 d29736 u2097152
[    0.000000] Kernel command line: BOOT_IMAGE=/boot/vmlinuz root=PARTUUID=682d2ae8-02 rootwait console=tty1 console=ttyS0,115200n8 noinitrd
[    0.000000] Dentry cache hash table entries: 131072 (order: 8, 1048576 bytes, linear)
[    0.000000] Inode-cache hash table entries: 65536 (order: 7, 524288 bytes, linear)
[    0.000000] Built 1 zonelists, mobility grouping on.  Total pages: 262011
[    0.000000] mem auto-init: stack:off, heap alloc:off, heap free:off
[    0.000000] AGP: Checking aperture...
[    0.000000] AGP: No AGP bridge found
[    0.000000] SLUB: HWalign=64, Order=0-3, MinObjects=0, CPUs=1, Nodes=1
[    0.000000] rcu: Hierarchical RCU implementation.
[    0.000000] rcu: 	RCU restricting CPUs from NR_CPUS=512 to nr_cpu_ids=1.
[    0.000000] 	Tracing variant of Tasks RCU enabled.
[    0.000000] rcu: RCU calculated value of scheduler-enlistment delay is 10 jiffies.
[    0.000000] rcu: Adjusting geometry for rcu_fanout_leaf=16, nr_cpu_ids=1
[    0.000000] RCU Tasks Trace: Setting shift to 0 and lim to 1 rcu_task_cb_adjust=1 rcu_task_cpu_ids=1.
[    0.000000] NR_IRQS: 33024, nr_irqs: 256, preallocated irqs: 16
[    0.000000] rcu: srcu_init: Setting srcu_struct sizes based on contention.
[    0.000000] Console: colour VGA+ 80x25
[    0.000000] printk: legacy console [tty1] enabled
[    0.000000] printk: legacy console [ttyS0] enabled
[    0.000000] ACPI: Core revision 20240827
[    0.000000] clocksource: hpet: mask: 0xffffffff max_cycles: 0xffffffff, max_idle_ns: 19112604467 ns
[    0.010000] APIC: Switch to symmetric I/O mode setup
[    0.010000] ..TIMER: vector=0x30 apic1=0 pin1=2 apic2=-1 pin2=-1
[    0.090000] tsc: Unable to calibrate against PIT
[    0.090000] tsc: using HPET reference calibration
[    0.090000] tsc: Detected 2497.827 MHz processor
[    0.000325] clocksource: tsc-early: mask: 0xffffffffffffffff max_cycles: 0x240134fe5bc, max_idle_ns: 440795301771 ns
[    0.000841] Calibrating delay loop (skipped), value calculated using timer frequency.. 4995.65 BogoMIPS (lpj=24978270)
[    0.003842] Last level iTLB entries: 4KB 512, 2MB 255, 4MB 127
[    0.004074] Last level dTLB entries: 4KB 512, 2MB 255, 4MB 127, 1GB 0
[    0.004526] Spectre V1 : Mitigation: usercopy/swapgs barriers and __user pointer sanitization
[    0.004914] Spectre V2 : Mitigation: Retpolines
[    0.005073] Spectre V2 : Spectre v2 / SpectreRSB: Filling RSB on context switch and VMEXIT
[    0.006239] x86/fpu: x87 FPU will use FXSAVE
[    0.293196] Freeing SMP alternatives memory: 40K
[    0.294117] pid_max: default: 32768 minimum: 301
[    0.307837] Mount-cache hash table entries: 2048 (order: 2, 16384 bytes, linear)
[    0.308281] Mountpoint-cache hash table entries: 2048 (order: 2, 16384 bytes, linear)
[    0.460145] smpboot: CPU0: AMD QEMU Virtual CPU version 2.5+ (family: 0xf, model: 0x6b, stepping: 0x1)
[    0.461224] Performance Events: PMU not available due to virtualization, using software events only.
[    0.462637] signal: max sigframe size: 1040
[    0.464220] rcu: Hierarchical SRCU implementation.
[    0.464405] rcu: 	Max phase no-delay instances is 1000.
[    0.469447] smp: Bringing up secondary CPUs ...
[    0.472107] smp: Brought up 1 node, 1 CPU
[    0.472383] smpboot: Total of 1 processors activated (4995.65 BogoMIPS)
[    0.478857] Memory: 1003792K/1048044K available (14336K kernel code, 1177K rwdata, 2556K rodata, 1496K init, 1300K bss, 41300K reserved, 0K cma-reserved)
[    0.490638] clocksource: jiffies: mask: 0xffffffff max_cycles: 0xffffffff, max_idle_ns: 19112604462750000 ns
[    0.491413] futex hash table entries: 256 (order: 2, 16384 bytes, linear)
[    0.494211] pinctrl core: initialized pinctrl subsystem
[    0.507126] NET: Registered PF_NETLINK/PF_ROUTE protocol family
[    0.513206] thermal_sys: Registered thermal governor 'step_wise'
[    0.513243] thermal_sys: Registered thermal governor 'user_space'
[    0.514186] cpuidle: using governor ladder
[    0.515743] acpiphp: ACPI Hot Plug PCI Controller Driver version: 0.5
[    0.518652] PCI: Using configuration type 1 for base access
[    0.544184] cryptd: max_cpu_qlen set to 1000
[    0.549613] ACPI: Added _OSI(Module Device)
[    0.549801] ACPI: Added _OSI(Processor Device)
[    0.549935] ACPI: Added _OSI(Processor Aggregator Device)
[    0.561680] ACPI: 1 ACPI AML tables successfully acquired and loaded
[    0.576651] ACPI: Interpreter enabled
[    0.577401] ACPI: PM: (supports S0 S5)
[    0.577571] ACPI: Using IOAPIC for interrupt routing
[    0.578069] PCI: Using host bridge windows from ACPI; if necessary, use "pci=nocrs" and report a bug
[    0.578371] PCI: Using E820 reservations for host bridge windows
[    0.579794] ACPI: Enabled 2 GPEs in block 00 to 0F
[    0.606636] ACPI: PCI Root Bridge [PCI0] (domain 0000 [bus 00-ff])
[    0.607445] acpi PNP0A03:00: _OSC: OS supports [ASPM ClockPM Segments MSI HPX-Type3]
[    0.607839] acpi PNP0A03:00: _OSC: not requesting OS control; OS requires [ExtendedConfig ASPM ClockPM MSI]
[    0.608572] acpi PNP0A03:00: fail to add MMCONFIG information, can't access extended configuration space under this bridge
[    0.612800] acpiphp: Slot [3] registered
[    0.613087] acpiphp: Slot [4] registered
[    0.613285] acpiphp: Slot [5] registered
[    0.613505] acpiphp: Slot [6] registered
[    0.613715] acpiphp: Slot [7] registered
[    0.613921] acpiphp: Slot [8] registered
[    0.614119] acpiphp: Slot [9] registered
[    0.614326] acpiphp: Slot [10] registered
[    0.614514] acpiphp: Slot [11] registered
[    0.614731] acpiphp: Slot [12] registered
[    0.614921] acpiphp: Slot [13] registered
[    0.615130] acpiphp: Slot [14] registered
[    0.615322] acpiphp: Slot [15] registered
[    0.615507] acpiphp: Slot [16] registered
[    0.615706] acpiphp: Slot [17] registered
[    0.615940] acpiphp: Slot [18] registered
[    0.616135] acpiphp: Slot [19] registered
[    0.616566] acpiphp: Slot [20] registered
[    0.616782] acpiphp: Slot [21] registered
[    0.616980] acpiphp: Slot [22] registered
[    0.617170] acpiphp: Slot [23] registered
[    0.617356] acpiphp: Slot [24] registered
[    0.617559] acpiphp: Slot [25] registered
[    0.617747] acpiphp: Slot [26] registered
[    0.617960] acpiphp: Slot [27] registered
[    0.618172] acpiphp: Slot [28] registered
[    0.618381] acpiphp: Slot [29] registered
[    0.618571] acpiphp: Slot [30] registered
[    0.618771] acpiphp: Slot [31] registered
[    0.619133] PCI host bridge to bus 0000:00
[    0.619532] pci_bus 0000:00: root bus resource [io  0x0000-0x0cf7 window]
[    0.619862] pci_bus 0000:00: root bus resource [io  0x0d00-0xffff window]
[    0.620048] pci_bus 0000:00: root bus resource [mem 0x000a0000-0x000bffff window]
[    0.620295] pci_bus 0000:00: root bus resource [mem 0x40000000-0xfebfffff window]
[    0.620500] pci_bus 0000:00: root bus resource [mem 0x100000000-0x17fffffff window]
[    0.620970] pci_bus 0000:00: root bus resource [bus 00-ff]
[    0.622194] pci 0000:00:00.0: [8086:1237] type 00 class 0x060000 conventional PCI endpoint
[    0.628097] pci 0000:00:01.0: [8086:7000] type 00 class 0x060100 conventional PCI endpoint
[    0.628963] pci 0000:00:01.1: [8086:7010] type 00 class 0x010180 conventional PCI endpoint
[    0.631140] pci 0000:00:01.1: BAR 4 [io  0xc0c0-0xc0cf]
[    0.632087] pci 0000:00:01.1: BAR 0 [io  0x01f0-0x01f7]: legacy IDE quirk
[    0.632332] pci 0000:00:01.1: BAR 1 [io  0x03f6]: legacy IDE quirk
[    0.632533] pci 0000:00:01.1: BAR 2 [io  0x0170-0x0177]: legacy IDE quirk
[    0.632735] pci 0000:00:01.1: BAR 3 [io  0x0376]: legacy IDE quirk
[    0.633347] pci 0000:00:01.3: [8086:7113] type 00 class 0x068000 conventional PCI endpoint
[    0.633918] pci 0000:00:01.3: quirk: [io  0x0600-0x063f] claimed by PIIX4 ACPI
[    0.634168] pci 0000:00:01.3: quirk: [io  0x0700-0x070f] claimed by PIIX4 SMB
[    0.634668] pci 0000:00:02.0: [1234:1111] type 00 class 0x030000 conventional PCI endpoint
[    0.635586] pci 0000:00:02.0: BAR 0 [mem 0xfd000000-0xfdffffff pref]
[    0.637071] pci 0000:00:02.0: BAR 2 [mem 0xfebb0000-0xfebb0fff]
[    0.639739] pci 0000:00:02.0: ROM [mem 0xfeba0000-0xfebaffff pref]
[    0.640177] pci 0000:00:02.0: Video device with shadowed ROM at [mem 0x000c0000-0x000dffff]
[    0.643054] pci 0000:00:03.0: [8086:100e] type 00 class 0x020000 conventional PCI endpoint
[    0.643804] pci 0000:00:03.0: BAR 0 [mem 0xfeb80000-0xfeb9ffff]
[    0.644469] pci 0000:00:03.0: BAR 1 [io  0xc080-0xc0bf]
[    0.646766] pci 0000:00:03.0: ROM [mem 0xfeb00000-0xfeb7ffff pref]
[    0.649484] pci 0000:00:04.0: [1af4:1001] type 00 class 0x010000 conventional PCI endpoint
[    0.651072] pci 0000:00:04.0: BAR 0 [io  0xc000-0xc07f]
[    0.651848] pci 0000:00:04.0: BAR 1 [mem 0xfebb1000-0xfebb1fff]
[    0.654599] pci 0000:00:04.0: BAR 4 [mem 0xfe000000-0xfe003fff 64bit pref]
[    0.662569] ACPI: PCI: Interrupt link LNKA configured for IRQ 10
[    0.663318] ACPI: PCI: Interrupt link LNKB configured for IRQ 10
[    0.663848] ACPI: PCI: Interrupt link LNKC configured for IRQ 11
[    0.664346] ACPI: PCI: Interrupt link LNKD configured for IRQ 11
[    0.664683] ACPI: PCI: Interrupt link LNKS configured for IRQ 9
[    0.666568] iommu: Default domain type: Translated
[    0.666755] iommu: DMA domain TLB invalidation policy: lazy mode
[    0.669021] SCSI subsystem initialized
[    0.670815] ACPI: bus type USB registered
[    0.671293] usbcore: registered new interface driver usbfs
[    0.671729] usbcore: registered new interface driver hub
[    0.672027] usbcore: registered new device driver usb
[    0.672431] pps_core: LinuxPPS API ver. 1 registered
[    0.672591] pps_core: Software ver. 5.3.6 - Copyright 2005-2007 Rodolfo Giometti <giometti@linux.it>
[    0.672878] PTP clock support registered
[    0.684149] PCI: Using ACPI for IRQ routing
[    0.686770] hpet: 3 channels of 0 reserved for per-cpu timers
[    0.687185] hpet0: at MMIO 0xfed00000, IRQs 2, 8, 0
[    0.687410] hpet0: 3 comparators, 64-bit 100.000000 MHz counter
[    0.692739] clocksource: Switched to clocksource tsc-early
[    0.697172] pnp: PnP ACPI init
[    0.699369] pnp: PnP ACPI: found 6 devices
[    0.711238] clocksource: acpi_pm: mask: 0xffffff max_cycles: 0xffffff, max_idle_ns: 2085701024 ns
[    0.713079] NET: Registered PF_INET protocol family
[    0.714244] IP idents hash table entries: 16384 (order: 5, 131072 bytes, linear)
[    0.723458] tcp_listen_portaddr_hash hash table entries: 512 (order: 1, 8192 bytes, linear)
[    0.723896] Table-perturb hash table entries: 65536 (order: 6, 262144 bytes, linear)
[    0.724188] TCP established hash table entries: 8192 (order: 4, 65536 bytes, linear)
[    0.724928] TCP bind hash table entries: 8192 (order: 6, 262144 bytes, linear)
[    0.725346] TCP: Hash tables configured (established 8192 bind 8192)
[    0.727186] MPTCP token hash table entries: 1024 (order: 3, 24576 bytes, linear)
[    0.727745] UDP hash table entries: 512 (order: 2, 16384 bytes, linear)
[    0.728120] UDP-Lite hash table entries: 512 (order: 2, 16384 bytes, linear)
[    0.729733] NET: Registered PF_UNIX/PF_LOCAL protocol family
[    0.730789] pci_bus 0000:00: resource 4 [io  0x0000-0x0cf7 window]
[    0.730987] pci_bus 0000:00: resource 5 [io  0x0d00-0xffff window]
[    0.731158] pci_bus 0000:00: resource 6 [mem 0x000a0000-0x000bffff window]
[    0.731350] pci_bus 0000:00: resource 7 [mem 0x40000000-0xfebfffff window]
[    0.731539] pci_bus 0000:00: resource 8 [mem 0x100000000-0x17fffffff window]
[    0.732123] pci 0000:00:01.0: PIIX3: Enabling Passive Release
[    0.732370] pci 0000:00:00.0: Limiting direct PCI/PCI transfers
[    0.732656] PCI: CLS 0 bytes, default 64
[    0.751938] workingset: timestamp_bits=46 max_order=18 bucket_order=0
[    0.763581] squashfs: version 4.0 (2009/01/31) Phillip Lougher
[    0.768942] Block layer SCSI generic (bsg) driver version 0.4 loaded (major 247)
[    0.772268] hv_vmbus: registering driver hyperv_fb
[    0.775243] input: Power Button as /devices/LNXSYSTM:00/LNXPWRBN:00/input/input0
[    0.782859] ACPI: button: Power Button [PWRF]
[    0.934076] ACPI: \_SB_.LNKD: Enabled at IRQ 11
[    0.939981] Serial: 8250/16550 driver, 16 ports, IRQ sharing enabled
[    0.969324] 00:04: ttyS0 at I/O 0x3f8 (irq = 4, base_baud = 115200) is a 16550A
[    0.999714] Non-volatile memory driver v1.3
[    1.000451] Linux agpgart interface v0.103
[    1.001872] ACPI: bus type drm_connector registered
[    1.006104] [drm] Found bochs VGA, ID 0xb0c5.
[    1.006415] [drm] Framebuffer size 16384 kB @ 0xfd000000, mmio @ 0xfebb0000.
[    1.014858] [drm] Found EDID data blob.
[    1.022962] [drm] Initialized bochs-drm 1.0.0 for 0000:00:02.0 on minor 0
[    1.088172] Console: switching to colour frame buffer device 128x48
[    1.102290] bochs-drm 0000:00:02.0: [drm] fb0: bochs-drmdrmfb frame buffer device
[    1.135195] loop: module loaded
[    1.136662] virtio_blk virtio0: 1/0/0 default/read/poll queues
[    1.152755] virtio_blk virtio0: [vda] 2097152 512-byte logical blocks (1.07 GB/1.00 GiB)
[    1.166617]  vda: vda1 vda2
[    1.170157] Guest personality initialized and is inactive
[    1.171498] VMCI host device registered (name=vmci, major=10, minor=256)
[    1.171915] Initialized host personality
[    1.172431] usbcore: registered new interface driver rtsx_usb
[    1.173848] VMware PVSCSI driver - version 1.0.7.0-k
[    1.174357] hv_vmbus: registering driver hv_storvsc
[    1.197365] scsi host0: ata_piix
[    1.200435] scsi host1: ata_piix
[    1.201631] ata1: PATA max MWDMA2 cmd 0x1f0 ctl 0x3f6 bmdma 0xc0c0 irq 14 lpm-pol 0
[    1.201961] ata2: PATA max MWDMA2 cmd 0x170 ctl 0x376 bmdma 0xc0c8 irq 15 lpm-pol 0
[    1.204568] VMware vmxnet3 virtual NIC driver - version 1.9.0.0-k-NAPI
[    1.204994] hv_vmbus: registering driver hv_netvsc
[    1.205305] Fusion MPT base driver 3.04.20
[    1.205480] Copyright (c) 1999-2008 LSI Corporation
[    1.205864] Fusion MPT SPI Host driver 3.04.20
[    1.206249] Fusion MPT SAS Host driver 3.04.20
[    1.208068] usbcore: registered new interface driver usb-storage
[    1.209296] i8042: PNP: PS/2 Controller [PNP0303:KBD,PNP0f13:MOU] at 0x60,0x64 irq 1,12
[    1.215272] serio: i8042 KBD port at 0x60,0x64 irq 1
[    1.217563] serio: i8042 AUX port at 0x60,0x64 irq 12
[    1.219764] hv_vmbus: registering driver hyperv_keyboard
[    1.222410] rtc_cmos 00:05: RTC can wake from S4
[    1.227033] rtc_cmos 00:05: registered as rtc0
[    1.229431] rtc_cmos 00:05: setting system clock to 2026-07-26T05:42:06 UTC (1785044526)
[    1.231955] rtc_cmos 00:05: alarms up to one day, y3k, 242 bytes nvram, hpet irqs
[    1.234496] intel_powerclamp: CPU does not support MWAIT
[    1.236624] amd_pstate: the _CPC object is not present in SBIOS or ACPI disabled
[    1.238801] sdhci: Secure Digital Host Controller Interface driver
[    1.240655] sdhci: Copyright(c) Pierre Ossman
[    1.243196] VUB300 Driver rom wait states = 1C irqpoll timeout = 0400
[    1.248570] input: AT Translated Set 2 keyboard as /devices/platform/i8042/serio0/input/input1
[    1.265952] usbcore: registered new interface driver vub300
[    1.268172] usbcore: registered new interface driver ushc
[    1.274591] hid: raw HID events driver (C) Jiri Kosina
[    1.277005] hv_vmbus: registering driver hid_hyperv
[    1.279588] usbcore: registered new interface driver usbhid
[    1.281706] usbhid: USB HID core driver
[    1.283668] hv_utils: Registering HyperV Utility Driver
[    1.285507] hv_vmbus: registering driver hv_utils
[    1.287321] hv_vmbus: registering driver hv_balloon
[    1.291059] NET: Registered PF_INET6 protocol family
[    1.303522] Segment Routing with IPv6
[    1.305748] In-situ OAM (IOAM) with IPv6
[    1.307985] NET: Registered PF_PACKET protocol family
[    1.310209] bridge: filtering via arp/ip/ip6tables is no longer available by default. Update your scripts to load br_netfilter if you need this.
[    1.317579] 8021q: 802.1Q VLAN Support v1.8
[    1.320142] NET: Registered PF_VSOCK protocol family
[    1.328249] IPI shorthand broadcast: enabled
[    1.343516] sched_clock: Marking stable (1430098376, -89260284)->(1350212149, -9374057)
[    1.409647] clk: Disabling unused clocks
[    1.424518] ata2: found unknown device (class 0)
[    1.433563] ata2.00: ATAPI: QEMU DVD-ROM, 2.5+, max UDMA/100
[    1.447055] scsi 1:0:0:0: CD-ROM            QEMU     QEMU DVD-ROM     2.5+ PQ: 0 ANSI: 5
[    1.512570] sr 1:0:0:0: [sr0] scsi3-mmc drive: 4x/4x cd/rw xa/form2 tray
[    1.571321] cdrom: Uniform CD-ROM driver Revision: 3.20
[    1.628372] VFS: Mounted root (squashfs filesystem) readonly on device 254:2.
[    1.670956] Freeing unused kernel image (initmem) memory: 1496K
[    1.673411] Write protecting the kernel read-only data: 18432k
[    1.677332] Freeing unused kernel image (rodata/data gap) memory: 1540K
[    1.679794] Run /sbin/init as init process
[    1.751937] tsc: Refined TSC clocksource calibration: 2499.937 MHz
[    1.754690] clocksource: tsc: mask: 0xffffffffffffffff max_cycles: 0x2408fe0673d, max_idle_ns: 440795223401 ns
[    1.757052] clocksource: Switched to clocksource tsc
[    1.987484] init: Console is alive
[    2.499987] kmodloader: loading kernel modules from /etc/modules-boot.d/*
[    2.549988] button_hotplug: loading out-of-tree module taints kernel.
[    2.556320] Button Hotplug driver version 0.4.1
[    2.573330] Intel(R) 2.5G Ethernet Linux Driver
[    2.575748] Copyright(c) 2018 Intel Corporation.
[    2.587380] igb: Intel(R) Gigabit Ethernet Network Driver
[    2.589704] igb: Copyright (c) 2007-2014 Intel Corporation.
[    2.601584] e1000e: Intel(R) PRO/1000 Network Driver
[    2.603891] e1000e: Copyright(c) 1999 - 2015 Intel Corporation.
[    2.613355] kmodloader: done loading kernel modules from /etc/modules-boot.d/*
[    2.631553] init: - preinit -
[    5.711129] random: crng init done
Press the [f] key and hit [enter] to enter failsafe mode
Press the [1], [2], [3] or [4] key and hit [enter] to select the debug level
[   10.508547] loop0: detected capacity change from 0 to 212992
[   10.561138] loop0: detected capacity change from 212992 to 199424
[   10.573398] mount_root: overlay filesystem in /dev/loop0 has not been formatted yet
[   10.864294] EXT4-fs (loop0): mounted filesystem 5c900ddd-cc3d-4892-b4f4-d8b9ae32984a r/w with ordered data mode. Quota mode: disabled.
[   10.878669] mount_root: overlay filesystem has not been fully initialized yet
[   10.896092] mount_root: switching to ext4 overlay
[   10.916057] overlayfs: null uuid detected in lower fs '/', falling back to xino=off,index=off,nfs_export=off.
[   11.622423] EXT4-fs (vda1): mounted filesystem 84173db5-fa99-e35a-95c6-28613cc79ea9 r/w without journal. Quota mode: disabled.
[   11.646572] urandom-seed: Seed file not found (/etc/urandom.seed)
- generating board file -
[   12.245057] procd: - early -
[   13.050605] procd: - ubus -
[   13.156167] procd: - init -
Please press Enter to activate this console.
[   14.523639] urngd: v1.0.2 started.
[   15.002503] kmodloader: loading kernel modules from /etc/modules.d/*
[   15.057318] e1000: Intel(R) PRO/1000 Network Driver
[   15.059905] e1000: Copyright (c) 1999-2006 Intel Corporation.
[   15.173216] ACPI: \_SB_.LNKC: Enabled at IRQ 10
[   15.483421] e1000 0000:00:03.0 eth0: (PCI:33MHz:32-bit) 52:54:00:12:34:56
[   15.486432] e1000 0000:00:03.0 eth0: Intel(R) PRO/1000 Network Connection
[   15.520682] ixgbe: Intel(R) 10 Gigabit PCI Express Network Driver
[   15.523551] ixgbe: Copyright (c) 1999-2016 Intel Corporation.
[   15.567691] i2c_dev: i2c /dev entries driver
[   15.838427] PPP generic driver version 2.4.2
[   15.847953] NET: Registered PF_PPPOX protocol family
[   16.217936] kmodloader: done loading kernel modules from /etc/modules.d/*
[   31.053752] 8021q: adding VLAN 0 to HW filter on device eth0
[   31.167913] br-lan: port 1(eth0) entered blocking state
[   31.170650] br-lan: port 1(eth0) entered disabled state
[   31.173536] e1000 0000:00:03.0 eth0: entered allmulticast mode
[   31.177849] e1000 0000:00:03.0 eth0: entered promiscuous mode
[   33.111742] e1000: eth0 NIC Link is Up 1000 Mbps Full Duplex, Flow Control: RX
[   33.118146] br-lan: port 1(eth0) entered blocking state
[   33.120431] br-lan: port 1(eth0) entered forwarding state
qemu-system-x86_64: terminating on signal 15 from pid 152109 (timeout)
