[2026-07-26 13:37:04] ============================================================
[2026-07-26 13:37:04] 最终发布验收开始
[2026-07-26 13:37:04] ============================================================
[2026-07-26 13:37:07] FINAL_SHA=cb4d479aacab6bc678010f25517ce1e905d4b62d4944ec94ac65140d40a06cc0
[2026-07-26 13:37:07] ISO: /root/project/installer/output/Yaxiang-OS-V0.3-dev-x86_64-installer.iso
[2026-07-26 13:37:07] ISO 大小: 599M
[2026-07-26 13:37:07] 
[2026-07-26 13:37:07] ========== 1. static_iso_test ==========
[2026-07-26 13:37:08]   [OK] boot/vmlinuz
[2026-07-26 13:37:08]   [OK] boot/initrd.img
[2026-07-26 13:37:08]   [OK] boot/grub/grub.cfg
[2026-07-26 13:37:08]   [OK] live/filesystem.squashfs
[2026-07-26 13:37:08]   [OK] installer/images/combined.img.gz
[2026-07-26 13:37:08]   [OK] installer/images/combined-efi.img.gz
[2026-07-26 13:37:08]   [OK] installer/images/SHA256SUMS
[2026-07-26 13:37:08]   [OK] opt/yaxiang-installer/yaxiang-installer
[2026-07-26 13:37:08]   [OK] opt/yaxiang-installer/image-writer.sh
[2026-07-26 13:37:08]   [OK] opt/yaxiang-installer/version.txt
[2026-07-26 13:37:08] [PASS] static_iso_test: CJK 字体存在
[2026-07-26 13:37:08] [PASS] static_iso_test: squashfs 大小正常 (546201600 bytes)
[2026-07-26 13:37:08] [PASS] static_iso_test: 全部必需文件存在
[2026-07-26 13:37:08] 
[2026-07-26 13:37:08] ========== 2. initramfs_module_test ==========
[2026-07-26 13:37:08] [PASS] initramfs_module_test: modules.dep 存在 (5 行)
[2026-07-26 13:37:08]   内核模块数量: 5
[2026-07-26 13:37:08] [PASS] initramfs_module_test: 5 个模块 (>=5)
[2026-07-26 13:37:08]   [OK] kernel/drivers/block/virtio_blk.ko
[2026-07-26 13:37:08]   [OK] kernel/drivers/ata/ahci.ko
[2026-07-26 13:37:08]   [OK] kernel/drivers/net/ethernet/intel/e1000/e1000.ko
[2026-07-26 13:37:08]   [OK] kernel/drivers/net/ethernet/realtek/r8169.ko
[2026-07-26 13:37:08] 
[2026-07-26 13:37:08] ========== 3. bios_boot_test ==========
[2026-07-26 13:37:08] QEMU: qemu-system-x86_64 -m 2048 -no-reboot -display none -serial stdio -cdrom /root/project/installer/output/Yaxiang-OS-V0.3-dev-x86_64-installer.iso -boot d
[2026-07-26 13:39:08] 退出码: 124 (124=timeout正常), 日志: 29283 bytes
[2026-07-26 13:39:08] [PASS] bios_boot: GRUB 启动
[2026-07-26 13:39:08] [PASS] bios_boot: 内核启动
[2026-07-26 13:39:08] [PASS] bios_boot: 无 live media 错误
[2026-07-26 13:39:08] [PASS] bios_boot: 亚象标识
[2026-07-26 13:39:08] [PASS] bios_boot: GRUB 中文正常显示
[2026-07-26 13:39:08] 
[2026-07-26 13:39:08] ========== 4. uefi_boot_test ==========
[2026-07-26 13:39:08] QEMU: qemu-system-x86_64 -m 2048 -no-reboot -display none -serial stdio -drive if=pflash,format=raw,readonly=on,file=/usr/share/OVMF/OVMF_CODE.fd -drive if=pflash,format=raw,file=/root/project/installer/output/final-release-verification/ovmf-vars.fd -cdrom /root/project/installer/output/Yaxiang-OS-V0.3-dev-x86_64-installer.iso -boot d
[2026-07-26 13:41:08] 退出码: 124, 日志: 35525 bytes
[2026-07-26 13:41:08] [PASS] uefi_boot: UEFI 识别 DVD-ROM
[2026-07-26 13:41:08] [PASS] uefi_boot: GRUB 启动
[2026-07-26 13:41:08] [PASS] uefi_boot: 内核启动
[2026-07-26 13:41:08] [PASS] uefi_boot: 无 live media 错误
[2026-07-26 13:41:08] 
[2026-07-26 13:41:08] ========== 5+6. full_install_test (从 -cdrom ISO 端到端) ==========
[2026-07-26 13:41:08] 空白磁盘: /root/project/installer/output/final-release-verification/install-target.qcow2 (1G)
[2026-07-26 13:41:08] 安装前:
[2026-07-26 13:41:11] QEMU: qemu-system-x86_64 -m 2048 -no-reboot -display none -serial stdio -kernel /root/project/installer/output/final-release-verification/iso-extract/boot/vmlinuz -initrd /root/project/installer/output/final-release-verification/auto-install-initrd.img -append console=ttyS0,115200n8 -cdrom /root/project/installer/output/Yaxiang-OS-V0.3-dev-x86_64-installer.iso -drive file=/root/project/installer/output/final-release-verification/install-target.qcow2,if=virtio,format=qcow2
[2026-07-26 13:41:56] QEMU 退出码: 0
[2026-07-26 13:41:56] [PASS] full_install: 安装成功 (exit_code=0)
[2026-07-26 13:41:56] [PASS] full_install: 分区表已记录
[2026-07-26 13:41:56] [PASS] full_install: 写后校验通过
[2026-07-26 13:41:56]   [INFO] 使用 initrd 内置镜像
[2026-07-26 13:41:56] 安装后磁盘:
[2026-07-26 13:41:56] --- 分区表 ---
[PARTITION-TABLE-AFTER-INSTALL]
Disk /dev/vda: 1024 MB, 1073741824 bytes, 2097152 sectors
2080 cylinders, 16 heads, 63 sectors/track
Units: sectors of 1 * 512 = 512 bytes

Device  Boot StartCHS    EndCHS        StartLBA     EndLBA    Sectors  Size Id Type
/dev/vda1 *  0,8,9       33,0,16            512      33279      32768 16.0M 83 Linux
/dev/vda2    33,8,25     244,13,13        33792     246783     212992  104M 83 Linux
[END-PARTITION-TABLE]
[2026-07-26 13:41:56] 
[2026-07-26 13:41:56] ========== 7+8. installed_boot_test (无 -cdrom) ==========
[2026-07-26 13:41:56] QEMU (无 -cdrom): qemu-system-x86_64 -m 1024 -no-reboot -display none -serial stdio -drive file=/root/project/installer/output/final-release-verification/install-target.qcow2,if=virtio,format=qcow2
[2026-07-26 13:43:26] 退出码: 124, 日志: 28032 bytes
[2026-07-26 13:43:26] [PASS] installed_boot: 无 -cdrom
[2026-07-26 13:43:26] [PASS] installed_boot: 内核从硬盘启动
[2026-07-26 13:43:26] [PASS] installed_boot: 系统服务启动
[2026-07-26 13:43:26]   [INFO] 无 YAXIANG_SYSTEM_READY
[2026-07-26 13:43:26] 
[2026-07-26 13:43:26] ========== 9. network_test ==========
[2026-07-26 13:43:26] QEMU: qemu-system-x86_64 -m 1024 -display none -serial stdio -drive file=/root/project/installer/output/final-release-verification/install-target.qcow2,if=virtio,format=qcow2 -netdev user,id=net0,hostfwd=tcp:127.0.0.1:2222-:22,hostfwd=tcp:127.0.0.1:18080-:80 -device virtio-net-pci,netdev=net0
[2026-07-26 13:43:26] 等待系统启动 (30s)...
[2026-07-26 13:44:17] SSH 连接成功 (尝试 1)
[2026-07-26 13:44:17] --- ip link ---
[2026-07-26 13:44:17] --- ip addr ---
[2026-07-26 13:44:17] --- ip route ---
[2026-07-26 13:44:18] --- 网卡驱动 ---
[2026-07-26 13:44:18] [PASS] network_test: 网卡 UP
[2026-07-26 13:44:18] [PASS] network_test: 有 IP 地址
[2026-07-26 13:44:19] [PASS] network_test: 有默认路由
[2026-07-26 13:44:19] [PASS] network_test: 网卡驱动加载
[2026-07-26 13:44:19] 
[2026-07-26 13:44:19] ========== 10. web_test ==========
[2026-07-26 13:44:19] [PASS] web_test: Web 进程运行
[2026-07-26 13:44:19] HTTP 状态码: 200
[2026-07-26 13:44:19] [PASS] web_test: HTTP 200
[2026-07-26 13:44:19] 响应: 1061 bytes
[2026-07-26 13:44:19] [PASS] web_test: 亚象标识
[2026-07-26 13:44:19] --- 端口监听 ---
[2026-07-26 13:44:23] 
[2026-07-26 13:44:23] ========== 11. sha256_test ==========
[2026-07-26 13:44:27] 测试前: cb4d479aacab6bc678010f25517ce1e905d4b62d4944ec94ac65140d40a06cc0
[2026-07-26 13:44:27] 测试后: cb4d479aacab6bc678010f25517ce1e905d4b62d4944ec94ac65140d40a06cc0
[2026-07-26 13:44:27] [PASS] sha256_test: ISO 哈希一致
[2026-07-26 13:44:27] 
[2026-07-26 13:44:27] ============================================================
[2026-07-26 13:44:27] 最终验收完成
[2026-07-26 13:44:27] PASS: 28  FAIL: 0
[2026-07-26 13:44:27] FINAL_SHA: cb4d479aacab6bc678010f25517ce1e905d4b62d4944ec94ac65140d40a06cc0
[2026-07-26 13:44:27] ============================================================
[2026-07-26 13:44:27] [结论] 全部通过, 可以发布
